******************************************************************************
                  TI ARM Linker PC v20.2.5                     
******************************************************************************
>> Linked Thu Jul 22 21:20:44 2021

OUTPUT FILE NAME:   <uartecho_CC3220S_LAUNCHXL_nortos_ccs.out>
ENTRY POINT SYMBOL: "resetISR"  address: 2000f341


MEMORY CONFIGURATION

         name            origin    length      used     unused   attr    fill
----------------------  --------  ---------  --------  --------  ----  --------
  SRAM2                 20000000   00004000  0000130c  00002cf4  RW X
  SRAM                  20004000   0003c000  0000c27e  0002fd82  RW X
  LOG_DATA              90000000   00040000  00000000  00040000  R   


SEGMENT ALLOCATION MAP

run origin  load origin   length   init length attrs members
----------  ----------- ---------- ----------- ----- -------
20003000    20003000    00001000   00000000    rw-
  20003000    20003000    00001000   00000000    rw- .stack
20004000    20004000    00000040   00000040    r--
  20004000    20004000    00000040   00000040    r-- .resetVecs
20004040    20004040    00008000   00000000    rw-
  20004040    20004040    00008000   00000000    rw- .sysmem
2000c040    2000c040    00003604   00003604    r-x
  2000c040    2000c040    00003604   00003604    r-x .text
2000f644    2000f644    000005ac   00000000    rw-
  2000f644    2000f644    000005ac   00000000    rw- .data
2000fbf0    2000fbf0    0000037a   0000037a    r--
  2000fbf0    2000fbf0    0000037a   0000037a    r-- .const
2000ff70    2000ff70    0000022c   00000000    rw-
  2000ff70    2000ff70    0000022c   00000000    rw- .bss
200101a0    200101a0    000000e8   000000e8    r--
  200101a0    200101a0    000000e8   000000e8    r-- .cinit


SECTION ALLOCATION MAP

 output                                  attributes/
section   page    origin      length       input sections
--------  ----  ----------  ----------   ----------------
.text      0    2000c040    00003604     
                  2000c040    0000042c     driverlib.a : prcm.obj (.text:PRCMCC3200MCUInit)
                  2000c46c    00000288     drivers_cc32xx.a : UARTCC32XX.oem4 (.text:UARTCC32XX_open)
                  2000c6f4    000001e4                      : GPIOCC32XX.oem4 (.text:GPIO_setConfig)
                  2000c8d8    0000019c     nortos_cc32xx.a : PowerCC32XX_nortos.oem4 (.text:PowerCC32XX_sleepPolicy)
                  2000ca74    00000148     drivers_cc32xx.a : PowerCC32XX.oem4 (.text:parkPins)
                  2000cbbc    00000138                      : PowerCC32XX.oem4 (.text:Power_sleep)
                  2000ccf4    00000120                      : UARTCC32XX.oem4 (.text:UARTCC32XX_close)
                  2000ce14    00000100     rtsv7M4_T_le_eabi.lib : memory.c.obj (.text:aligned_alloc)
                  2000cf14    000000f2     drivers_cc32xx.a : UARTCC32XX.oem4 (.text:UARTCC32XX_control)
                  2000d006    00000002     ti_drivers_config.obj (.text:Board_initHook)
                  2000d008    000000e4     rtsv7M4_T_le_eabi.lib : memory.c.obj (.text:free)
                  2000d0ec    000000d8     uartecho.obj (.text:Tick)
                  2000d1c4    000000ca     drivers_cc32xx.a : UARTCC32XX.oem4 (.text:UARTCC32XX_write)
                  2000d28e    00000002     nortos_cc32xx.a : PowerCC32XX_nortos.oem4 (.text:PowerCC32XX_initPolicy)
                  2000d290    000000c4     drivers_cc32xx.a : GPIOCC32XX.oem4 (.text:GPIO_init)
                  2000d354    000000c0                      : PowerCC32XX.oem4 (.text:restoreParkedPins)
                  2000d414    000000ba                      : UARTCC32XX.oem4 (.text:UARTCC32XX_readPolling)
                  2000d4ce    00000002                      : UARTCC32XX.oem4 (.text:UARTCC32XX_init)
                  2000d4d0    000000b8                      : UARTCC32XX.oem4 (.text:initHw)
                  2000d588    000000b6                      : UARTCC32XX.oem4 (.text:readTaskCallback)
                  2000d63e    000000b0                      : UARTCC32XX.oem4 (.text:readTaskBlocking)
                  2000d6ee    000000ae                      : UARTCC32XX.oem4 (.text:readIsrTextBlocking)
                  2000d79c    000000a8     driverlib.a : interrupt.obj (.text:IntEnable)
                  2000d844    000000a8     drivers_cc32xx.a : PowerCC32XX.oem4 (.text:PowerCC32XX_configureWakeup)
                  2000d8ec    000000a2                      : UARTCC32XX.oem4 (.text:readIsrTextCallback)
                  2000d98e    000000a2                      : UARTCC32XX.oem4 (.text:writeData)
                  2000da30    000000a0     nortos_cc32xx.a : SemaphoreP_nortos.oem4 (.text:SemaphoreP_pend)
                  2000dad0    0000009c     rtsv7M4_T_le_eabi.lib : memcpy_t2.asm.obj (.text)
                  2000db6c    00000098     drivers_cc32xx.a : GPIOCC32XX.oem4 (.text:powerNotifyFxn)
                  2000dc04    00000096     rtsv7M4_T_le_eabi.lib : ull_div_t2.asm.obj (.text)
                  2000dc9a    00000002                           : _lock.c.obj (.text:_nop)
                  2000dc9c    00000090     uartecho.obj (.text:mainThread)
                  2000dd2c    00000090     drivers_cc32xx.a : PowerCC32XX.oem4 (.text:restoreNVICRegs)
                  2000ddbc    0000008c     nortos_cc32xx.a : HwiPCC32XX_nortos.oem4 (.text:HwiP_construct)
                  2000de48    00000088     driverlib.a : interrupt.obj (.text:IntPendSet)
                  2000ded0    00000088                 : pin.obj (.text:PinConfigSet)
                  2000df58    00000084     drivers_cc32xx.a : PowerCC32XX.oem4 (.text:Power_init)
                  2000dfdc    00000084                      : PowerCC32XX.oem4 (.text:saveNVICRegs)
                  2000e060    00000080                      : PowerCC32XX.oem4 (.text:Power_setDependency)
                  2000e0e0    0000007c                      : UARTCC32XX.oem4 (.text:readIsrBinaryBlocking)
                  2000e15c    00000078                      : GPIOCC32XX.oem4 (.text:GPIO_hwiIntFxn)
                  2000e1d4    00000078                      : UARTCC32XX.oem4 (.text:readIsrBinaryCallback)
                  2000e24c    00000074                      : UARTCC32XX.oem4 (.text:UARTCC32XX_hwiIntFxn)
                  2000e2c0    00000070     rtsv7M4_T_le_eabi.lib : memory.c.obj (.text:split)
                  2000e330    00000068                           : copy_decompress_lzss.c.obj (.text:decompress:lzss:__TI_decompress_lzss)
                  2000e398    00000066     drivers_cc32xx.a : UARTCC32XX.oem4 (.text:UARTCC32XX_writeCancel)
                  2000e3fe    00000002     nortos_cc32xx.a : startup_cc32xx_ccs.oem4 (.text:busFaultHandler)
                  2000e400    00000064     drivers_cc32xx.a : PowerCC32XX.oem4 (.text:PowerCC32XX_setParkState)
                  2000e464    00000062                      : UARTCC32XX.oem4 (.text:UARTCC32XX_writePolling)
                  2000e4c6    00000002     nortos_cc32xx.a : SemaphoreP_nortos.oem4 (.text:clkFxn)
                  2000e4c8    00000060     driverlib.a : prcm.obj (.text:PRCMSysResetCauseGet)
                  2000e528    0000005c     drivers_cc32xx.a : GPIOCC32XX.oem4 (.text:GPIO_setCallback)
                  2000e584    0000005c     nortos_cc32xx.a : ClockPSysTick_nortos.oem4 (.text:sysTickInit)
                  2000e5e0    00000058     drivers_cc32xx.a : GPIOCC32XX.oem4 (.text:GPIO_write)
                  2000e638    00000058     driverlib.a : prcm.obj (.text:PRCMPeripheralReset)
                  2000e690    00000058     drivers_cc32xx.a : PowerCC32XX.oem4 (.text:Power_releaseDependency)
                  2000e6e8    00000054                      : UARTCC32XX.oem4 (.text:ringBufGet)
                  2000e73c    00000052                      : PowerCC32XX_asm.oem4 (.text:PowerCC32XX_resumeLPDS)
                  2000e78e    00000002     nortos_cc32xx.a : startup_cc32xx_ccs.oem4 (.text:defaultHandler)
                  2000e790    00000050                     : ClockPSysTick_nortos.oem4 (.text:ClockP_sysTickHandler)
                  2000e7e0    00000050                     : SemaphoreP_nortos.oem4 (.text:SemaphoreP_construct)
                  2000e830    0000004c     drivers_cc32xx.a : GPIOCC32XX.oem4 (.text:GPIO_enableInt)
                  2000e87c    0000004c                      : PowerCC32XX.oem4 (.text:PowerCC32XX_parkPin)
                  2000e8c8    0000004c                      : PowerCC32XX.oem4 (.text:restorePeriphClocks)
                  2000e914    00000048     driverlib.a : flash.obj (.text:FlashDisable)
                  2000e95c    00000048                 : prcm.obj (.text:PRCMLPDSEnter)
                  2000e9a4    00000048                 : prcm.obj (.text:PRCMPeripheralClkEnable)
                  2000e9ec    00000048     drivers_cc32xx.a : PowerCC32XX.oem4 (.text:Power_releaseConstraint)
                  2000ea34    00000046                      : RingBuf.oem4 (.text:RingBuf_put)
                  2000ea7a    00000002     nortos_cc32xx.a : startup_cc32xx_ccs.oem4 (.text:faultISR)
                  2000ea7c    00000044                     : ClockPSysTick_nortos.oem4 (.text:ClockP_stop)
                  2000eac0    00000044     driverlib.a : prcm.obj (.text:PRCMLPDSRestoreInfoSet)
                  2000eb04    00000044     drivers_cc32xx.a : PowerCC32XX_asm.oem4 (.text:PowerCC32XX_enterLPDS)
                  2000eb48    00000044     nortos_cc32xx.a : SemaphoreP_nortos.oem4 (.text:SemaphoreP_post)
                  2000eb8c    00000044                     : SwiP_nortos.oem4 (.text:SwiP_restore)
                  2000ebd0    00000044     drivers_cc32xx.a : UART.oem4 (.text:UART_init)
                  2000ec14    00000044     rtsv7M4_T_le_eabi.lib : autoinit.c.obj (.text:__TI_auto_init_nobinit_nopinit:__TI_auto_init_nobinit_nopinit)
                  2000ec58    00000040     nortos_cc32xx.a : ClockPSysTick_nortos.oem4 (.text:ClockP_construct)
                  2000ec98    00000040     driverlib.a : pin.obj (.text:PinModeSet)
                  2000ecd8    00000040     drivers_cc32xx.a : RingBuf.oem4 (.text:RingBuf_get)
                  2000ed18    00000040                      : UARTCC32XX.oem4 (.text:UARTCC32XX_read)
                  2000ed58    00000040                      : UART.oem4 (.text:UART_open)
                  2000ed98    0000003c     nortos_cc32xx.a : ClockPSysTick_nortos.oem4 (.text:ClockP_destruct)
                  2000edd4    0000003c     drivers_cc32xx.a : PowerCC32XX.oem4 (.text:Power_setConstraint)
                  2000ee10    0000003a     nortos_cc32xx.a : PowerCC32XX_nortos.oem4 (.text:getCountsRTC)
                  2000ee4a    00000002                     : startup_cc32xx_ccs.oem4 (.text:nmiISR)
                  2000ee4c    00000038     driverlib.a : prcm.obj (.text:PRCMLPDSEnterKeepDebugIf)
                  2000ee84    00000038     nortos_cc32xx.a : ClockPSysTick_nortos.oem4 (.text:addToList)
                  2000eebc    00000038                     : startup_cc32xx_ccs.oem4 (.text:initVectors)
                  2000eef4    00000038     drivers_cc32xx.a : PowerCC32XX.oem4 (.text:notify)
                  2000ef2c    00000036                      : UARTCC32XX.oem4 (.text:UARTCC32XX_readCancel)
                  2000ef62    00000002     rtsv7M4_T_le_eabi.lib : div0.asm.obj (.text)
                  2000ef64    00000034     nortos_cc32xx.a : ClockPSysTick_nortos.oem4 (.text:ClockP_getTicksUntilInterrupt)
                  2000ef98    00000034                     : ClockPSysTick_nortos.oem4 (.text:ClockP_startup)
                  2000efcc    00000034     driverlib.a : pin.obj (.text:PinModeGet)
                  2000f000    00000034     drivers_cc32xx.a : PowerCC32XX.oem4 (.text:PowerCC32XX_restoreParkState)
                  2000f034    00000030     nortos_cc32xx.a : ClockPSysTick_nortos.oem4 (.text:ClockP_start)
                  2000f064    00000030     drivers_cc32xx.a : PowerCC32XX.oem4 (.text:PowerCC32XX_restoreParkedPin)
                  2000f094    0000002c                      : PowerCC32XX.oem4 (.text:PowerCC32XX_getParkState)
                  2000f0c0    0000002a     nortos_cc32xx.a : HwiPCC32XX_nortos.oem4 (.text:HwiP_create)
                  2000f0ea    00000002     --HOLE-- [fill = 0]
                  2000f0ec    00000028     driverlib.a : prcm.obj (.text:PRCMPeripheralClkDisable)
                  2000f114    00000028     drivers_cc32xx.a : PowerCC32XX.oem4 (.text:Power_registerNotify)
                  2000f13c    00000028     rtsv7M4_T_le_eabi.lib : memory.c.obj (.text:free_list_insert)
                  2000f164    00000026     drivers_cc32xx.a : List.oem4 (.text:List_put)
                  2000f18a    00000026                      : List.oem4 (.text:List_remove)
                  2000f1b0    00000024     nortos_cc32xx.a : HwiPCC32XX_nortos.oem4 (.text:HwiP_dispatch)
                  2000f1d4    00000024     drivers_cc32xx.a : PowerCC32XX.oem4 (.text:PowerCC32XX_reset)
                  2000f1f8    00000024     rtsv7M4_T_le_eabi.lib : boot_cortex_m.c.obj (.text:_c_int00_noargs:_c_int00_noargs)
                  2000f21c    00000020     nortos_cc32xx.a : HwiPCC32XX_nortos.oem4 (.text:HwiP_destruct)
                  2000f23c    00000020     drivers_cc32xx.a : PowerCC32XX.oem4 (.text:Power_unregisterNotify)
                  2000f25c    00000020                      : RingBuf.oem4 (.text:RingBuf_peek)
                  2000f27c    00000020                      : UARTCC32XX.oem4 (.text:getPowerMgrId)
                  2000f29c    0000001c     driverlib.a : pin.obj (.text:PinToPadGet)
                  2000f2b8    0000001c     nortos_cc32xx.a : SwiP_nortos.oem4 (.text:SwiP_disable)
                  2000f2d4    0000001c     rtsv7M4_T_le_eabi.lib : copy_zero_init.c.obj (.text:decompress:ZI:__TI_zero_init_nomemset:__TI_zero_init_nomemset)
                  2000f2f0    0000001c                           : memory.c.obj (.text:free_list_remove)
                  2000f30c    0000001a     nortos_cc32xx.a : ClockPSysTick_nortos.oem4 (.text:ClockP_create)
                  2000f326    0000001a                     : SemaphoreP_nortos.oem4 (.text:SemaphoreP_createBinary)
                  2000f340    0000001a                     : startup_cc32xx_ccs.oem4 (.text:resetISR)
                  2000f35a    00000002     --HOLE-- [fill = 0]
                  2000f35c    00000018     drivers_cc32xx.a : PowerCC32XX.oem4 (.text:Power_getTransitionLatency)
                  2000f374    00000018                      : PowerCC32XX.oem4 (.text:Power_idleFunc)
                  2000f38c    00000018     driverlib.a : uart.obj (.text:UARTBusy)
                  2000f3a4    00000018                 : uart.obj (.text:UARTIntEnable)
                  2000f3bc    00000018     drivers_cc32xx.a : UART.oem4 (.text:UART_Params_init)
                  2000f3d4    00000018     rtsv7M4_T_le_eabi.lib : ll_mul_t2.asm.obj (.text)
                  2000f3ec    00000016     driverlib.a : prcm.obj (.text:PRCMHIBRegRead)
                  2000f402    00000016                 : prcm.obj (.text:PRCMHIBRegWrite)
                  2000f418    00000016     nortos_cc32xx.a : SemaphoreP_nortos.oem4 (.text:SemaphoreP_create)
                  2000f42e    00000014     driverlib.a : cpu.obj (.text:CPUcpsid)
                  2000f442    00000002     --HOLE-- [fill = 0]
                  2000f444    00000014     nortos_cc32xx.a : HwiPCC32XX_nortos.oem4 (.text:HwiP_inISR)
                  2000f458    00000014     driverlib.a : interrupt.obj (.text:IntVTableBaseSet)
                  2000f46c    00000014     drivers_cc32xx.a : PowerCC32XX.oem4 (.text:Power_disablePolicy)
                  2000f480    00000014                      : PowerCC32XX.oem4 (.text:Power_getDependencyCount)
                  2000f494    00000014                      : UARTCC32XX.oem4 (.text:releasePowerConstraint)
                  2000f4a8    00000012     nortos_cc32xx.a : HwiPCC32XX_nortos.oem4 (.text:HwiP_Params_init)
                  2000f4ba    00000012     drivers_cc32xx.a : RingBuf.oem4 (.text:RingBuf_construct)
                  2000f4cc    00000012     main_nortos.obj (.text:main)
                  2000f4de    00000010     ti_drivers_config.obj (.text:Board_init)
                  2000f4ee    00000010     nortos_cc32xx.a : ClockPSysTick_nortos.oem4 (.text:ClockP_add)
                  2000f4fe    00000010                     : ClockPSysTick_nortos.oem4 (.text:ClockP_delete)
                  2000f50e    00000002     --HOLE-- [fill = 0]
                  2000f510    00000010                     : ClockPSysTick_nortos.oem4 (.text:ClockP_getCpuFreq)
                  2000f520    00000010                     : ClockPSysTick_nortos.oem4 (.text:ClockP_getSystemTicks)
                  2000f530    00000010                     : ClockPSysTick_nortos.oem4 (.text:ClockP_setTicks)
                  2000f540    00000010                     : HwiPCC32XX_nortos.oem4 (.text:HwiP_delete)
                  2000f550    00000010                     : HwiPCC32XX_nortos.oem4 (.text:HwiP_restore)
                  2000f560    00000010     drivers_cc32xx.a : PowerCC32XX.oem4 (.text:Power_enablePolicy)
                  2000f570    00000010     nortos_cc32xx.a : SemaphoreP_nortos.oem4 (.text:SemaphoreP_Params_init)
                  2000f580    00000010     drivers_cc32xx.a : UARTCC32XX.oem4 (.text:readBlockingTimeout)
                  2000f590    0000000e     nortos_cc32xx.a : HwiPCC32XX_nortos.oem4 (.text:HwiP_disable)
                  2000f59e    0000000e                     : HwiPCC32XX_nortos.oem4 (.text:HwiP_enable)
                  2000f5ac    0000000e     drivers_cc32xx.a : RingBuf.oem4 (.text:RingBuf_isFull)
                  2000f5ba    0000000e     rtsv7M4_T_le_eabi.lib : copy_decompress_none.c.obj (.text:decompress:none:__TI_decompress_none)
                  2000f5c8    0000000c     drivers_cc32xx.a : PowerCC32XX.oem4 (.text:Power_getConstraintMask)
                  2000f5d4    0000000c                      : UARTCC32XX.oem4 (.text:postNotifyFxn)
                  2000f5e0    0000000a     nortos_cc32xx.a : ClockPSysTick_nortos.oem4 (.text:ClockP_Params_init)
                  2000f5ea    0000000a                     : ClockPSysTick_nortos.oem4 (.text:ClockP_isActive)
                  2000f5f4    0000000a     driverlib.a : interrupt.obj (.text:IntMasterDisable)
                  2000f5fe    0000000a     drivers_cc32xx.a : UART.oem4 (.text:UART_read)
                  2000f608    0000000a                      : UART.oem4 (.text:UART_write)
                  2000f612    00000008     rtsv7M4_T_le_eabi.lib : memory.c.obj (.text:malloc)
                  2000f61a    00000008     drivers_cc32xx.a : UARTCC32XX.oem4 (.text:readSemCallback)
                  2000f622    00000008                      : UARTCC32XX.oem4 (.text:writeSemCallback)
                  2000f62a    00000006     driverlib.a : utils.obj (.text:UtilsDelay)
                  2000f630    00000004     nortos_cc32xx.a : ClockPSysTick_nortos.oem4 (.text:ClockP_setTimeout)
                  2000f634    00000004                     : HwiPCC32XX_nortos.oem4 (.text:HwiP_post)
                  2000f638    00000004                     : SemaphoreP_nortos.oem4 (.text:SemaphoreP_delete)
                  2000f63c    00000004     rtsv7M4_T_le_eabi.lib : pre_init.c.obj (.text:_system_pre_init)
                  2000f640    00000004                           : exit.c.obj (.text:abort:abort)

.const     0    2000fbf0    0000037a     
                  2000fbf0    00000100     driverlib.a : pin.obj (.const:g_ulPinToPadMap)
                  2000fcf0    000000a8                 : prcm.obj (.const:PRCM_PeriphRegsList)
                  2000fd98    00000044     ti_drivers_config.obj (.const:PowerCC32XX_config)
                  2000fddc    00000028     drivers_cc32xx.a : UARTCC32XX.oem4 (.const:UARTCC32XX_fxnTable)
                  2000fe04    00000024                      : UART.oem4 (.const:UART_defaultParams)
                  2000fe28    00000024     ti_drivers_config.obj (.const:uartCC32XXHWAttrs0)
                  2000fe4c    00000021     drivers_cc32xx.a : GPIOCC32XX.oem4 (.const:.string:pinTable)
                  2000fe6d    00000003     ti_drivers_config.obj (.const)
                  2000fe70    00000020     drivers_cc32xx.a : UARTCC32XX.oem4 (.const:staticFxnTable)
                  2000fe90    00000018     driverlib.a : interrupt.obj (.const:g_pulEnRegs)
                  2000fea8    00000018                 : interrupt.obj (.const:g_pulPendRegs)
                  2000fec0    00000016     uartecho.obj (.const:.string:$P$T0$1)
                  2000fed6    00000002     --HOLE-- [fill = 0]
                  2000fed8    00000014     ti_drivers_config.obj (.const:GPIOCC32XX_config)
                  2000feec    00000014     drivers_cc32xx.a : GPIOCC32XX.oem4 (.const:gpioBaseAddresses)
                  2000ff00    00000014                      : UARTCC32XX.oem4 (.const:parityType)
                  2000ff14    00000014                      : GPIOCC32XX.oem4 (.const:powerResources)
                  2000ff28    00000010                      : UARTCC32XX.oem4 (.const:dataLength)
                  2000ff38    0000000c     ti_drivers_config.obj (.const:UART_config)
                  2000ff44    00000008     drivers_cc32xx.a : GPIOCC32XX.oem4 (.const:outPinTypes)
                  2000ff4c    00000008                      : UARTCC32XX.oem4 (.const:stopBits)
                  2000ff54    00000006                      : GPIOCC32XX.oem4 (.const:.string:interruptType)
                  2000ff5a    00000006                      : GPIOCC32XX.oem4 (.const:inPinTypes)
                  2000ff60    00000006                      : GPIOCC32XX.oem4 (.const:outPinStrengths)
                  2000ff66    00000004                      : GPIOCC32XX.oem4 (.const:.string:portInterruptIds)

.cinit     0    200101a0    000000e8     
                  200101a0    000000be     (.cinit..data.load) [load image, compression = lzss]
                  2001025e    00000002     --HOLE-- [fill = 0]
                  20010260    0000000c     (__TI_handler_table)
                  2001026c    00000004     --HOLE-- [fill = 0]
                  20010270    00000008     (.cinit..bss.load) [load image, compression = zero_init]
                  20010278    00000010     (__TI_cinit_table)

.init_array 
*          0    20004000    00000000     UNINITIALIZED

.ramVecs   0    20000000    0000030c     NOLOAD SECTION
                  20000000    0000030c     nortos_cc32xx.a : startup_cc32xx_ccs.oem4 (.ramVecs)

.stack     0    20003000    00001000     UNINITIALIZED
                  20003000    00000004     rtsv7M4_T_le_eabi.lib : boot_cortex_m.c.obj (.stack)
                  20003004    00000ffc     --HOLE--

.resetVecs 
*          0    20004000    00000040     
                  20004000    00000040     nortos_cc32xx.a : startup_cc32xx_ccs.oem4 (.resetVecs:retain)

.sysmem    0    20004040    00008000     UNINITIALIZED
                  20004040    00000010     rtsv7M4_T_le_eabi.lib : memory.c.obj (.sysmem)
                  20004050    00007ff0     --HOLE--

.data      0    2000f644    000005ac     UNINITIALIZED
                  2000f644    0000030c     nortos_cc32xx.a : HwiPCC32XX_nortos.oem4 (.data:HwiP_dispatchTable)
                  2000f950    0000016c     drivers_cc32xx.a : PowerCC32XX.oem4 (.data:PowerCC32XX_module)
                  2000fabc    000000f8     ti_drivers_config.obj (.data:parkInfo)
                  2000fbb4    00000009     drivers_cc32xx.a : GPIOCC32XX.oem4 (.data)
                  2000fbbd    00000003     nortos_cc32xx.a : SemaphoreP_nortos.oem4 (.data)
                  2000fbc0    00000008     rtsv7M4_T_le_eabi.lib : _lock.c.obj (.data:$O1$$)
                  2000fbc8    00000008                           : memory.c.obj (.data:$O1$$)
                  2000fbd0    00000008     nortos_cc32xx.a : SemaphoreP_nortos.oem4 (.data:SemaphoreP_defaultParams)
                  2000fbd8    00000008                     : HwiPCC32XX_nortos.oem4 (.data)
                  2000fbe0    00000005                     : ClockPSysTick_nortos.oem4 (.data)
                  2000fbe5    00000001     drivers_cc32xx.a : UART.oem4 (.data)
                  2000fbe6    00000002     --HOLE--
                  2000fbe8    00000004     ti_drivers_config.obj (.data:gpioCallbackFunctions)
                  2000fbec    00000004     ti_drivers_config.obj (.data:gpioPinConfigs)

.bss       0    2000ff70    0000022c     UNINITIALIZED
                  2000ff70    0000012c     (.common:PowerCC32XX_contextSave)
                  2001009c    00000084     (.common:uartCC32XXObjects0)
                  20010120    00000020     drivers_cc32xx.a : GPIOCC32XX.oem4 (.bss:gpioCallbackInfo)
                  20010140    00000020     ti_drivers_config.obj (.bss:uartCC32XXRingBuffer0)
                  20010160    00000014     drivers_cc32xx.a : GPIOCC32XX.oem4 (.bss:powerNotifyObj)
                  20010174    00000004                      : GPIOCC32XX.oem4 (.bss)
                  20010178    00000010     (.common:ClockP_ctrl)
                  20010188    0000000d     nortos_cc32xx.a : SwiP_nortos.oem4 (.bss)
                  20010195    00000001     (.common:State)
                  20010196    00000002     --HOLE--
                  20010198    00000004                     : ClockPSysTick_nortos.oem4 (.bss)

.log_data 
*          0    90000000    00000000     COPY SECTION

__llvm_prf_cnts 
*          0    20004000    00000000     UNINITIALIZED

MODULE SUMMARY

       Module                       code    ro data   rw data
       ------                       ----    -------   -------
    .\
       uartecho.obj                 360     22        1      
       main_nortos.obj              18      0         0      
    +--+----------------------------+-------+---------+---------+
       Total:                       378     22        1      
                                                             
    .\syscfg\
       ti_drivers_config.obj        18      139       420    
    +--+----------------------------+-------+---------+---------+
       Total:                       18      139       420    
                                                             
    C:/ti/simplelink_cc32xx_sdk_5_20_00_06/kernel/nortos/lib/ccs/m4/nortos_cc32xx.a
       HwiPCC32XX_nortos.oem4       352     0         788    
       startup_cc32xx_ccs.oem4      90      64        780    
       ClockPSysTick_nortos.oem4    702     0         25     
       PowerCC32XX_nortos.oem4      472     0         0      
       SemaphoreP_nortos.oem4       378     0         11     
       SwiP_nortos.oem4             96      0         13     
    +--+----------------------------+-------+---------+---------+
       Total:                       2090    64        1617   
                                                             
    C:/ti/simplelink_cc32xx_sdk_5_20_00_06/source/ti/devices/cc32xx/driverlib/ccs/Release/driverlib.a
       prcm.obj                     1604    168       0      
       pin.obj                      280     256       0      
       interrupt.obj                334     48        0      
       flash.obj                    72      0         0      
       uart.obj                     48      0         0      
       cpu.obj                      20      0         0      
       utils.obj                    6       0         0      
    +--+----------------------------+-------+---------+---------+
       Total:                       2364    472       0      
                                                             
    C:/ti/simplelink_cc32xx_sdk_5_20_00_06/source/ti/drivers/lib/ccs/m4/drivers_cc32xx.a
       UARTCC32XX.oem4              3466    116       0      
       PowerCC32XX.oem4             2432    0         664    
       GPIOCC32XX.oem4              1208    103       65     
       UART.oem4                    176     36        1      
       RingBuf.oem4                 198     0         0      
       PowerCC32XX_asm.oem4         150     0         0      
       List.oem4                    76      0         0      
    +--+----------------------------+-------+---------+---------+
       Total:                       7706    255       730    
                                                             
    C:\ti\ccs1031\ccs\tools\compiler\ti-cgt-arm_20.2.5.LTS\lib\rtsv7M4_T_le_eabi.lib
       memory.c.obj                 672     0         8      
       memcpy_t2.asm.obj            156     0         0      
       ull_div_t2.asm.obj           150     0         0      
       copy_decompress_lzss.c.obj   104     0         0      
       autoinit.c.obj               68      0         0      
       boot_cortex_m.c.obj          36      0         0      
       copy_zero_init.c.obj         28      0         0      
       ll_mul_t2.asm.obj            24      0         0      
       copy_decompress_none.c.obj   14      0         0      
       _lock.c.obj                  2       0         8      
       exit.c.obj                   4       0         0      
       pre_init.c.obj               4       0         0      
       div0.asm.obj                 2       0         0      
    +--+----------------------------+-------+---------+---------+
       Total:                       1264    0         16     
                                                             
       Heap:                        0       0         32768  
       Stack:                       0       0         4096   
       Linker Generated:            0       226       0      
    +--+----------------------------+-------+---------+---------+
       Grand Total:                 13820   1178      39648  


LINKER GENERATED COPY TABLES

__TI_cinit_table @ 20010278 records: 2, size/record: 8, table size: 16
	.data: load addr=200101a0, load size=000000be bytes, run addr=2000f644, run size=000005ac bytes, compression=lzss
	.bss: load addr=20010270, load size=00000008 bytes, run addr=2000ff70, run size=0000022c bytes, compression=zero_init


LINKER GENERATED HANDLER TABLE

__TI_handler_table @ 20010260 records: 3, size/record: 4, table size: 12
	index: 0, handler: __TI_decompress_lzss
	index: 1, handler: __TI_decompress_none
	index: 2, handler: __TI_zero_init


GLOBAL SYMBOLS: SORTED ALPHABETICALLY BY Name 

address   name                          
-------   ----                          
2000f4df  Board_init                    
2000d007  Board_initHook                
2000f641  C$$EXIT                       
2000fe6d  CONFIG_GPIO_LED_0_CONST       
2000fe6e  CONFIG_UART_0_CONST           
2000f42f  CPUcpsid                      
2000f5e1  ClockP_Params_init            
2000f4ef  ClockP_add                    
2000ec59  ClockP_construct              
2000f30d  ClockP_create                 
20010178  ClockP_ctrl                   
2000f4ff  ClockP_delete                 
2000ed99  ClockP_destruct               
2000e791  ClockP_doTick                 
2000f511  ClockP_getCpuFreq             
2000f521  ClockP_getSystemTicks         
2000ef65  ClockP_getTicksUntilInterrupt 
2000f5eb  ClockP_isActive               
2000f531  ClockP_setTicks               
2000f631  ClockP_setTimeout             
2000f035  ClockP_start                  
2000ef99  ClockP_startup                
2000ea7d  ClockP_stop                   
2000e791  ClockP_sysTickHandler         
2000fbe0  ClockP_tickPeriod             
2000e915  FlashDisable                  
2000fed8  GPIOCC32XX_config             
2000e831  GPIO_enableInt                
2000e15d  GPIO_hwiIntFxn                
2000d291  GPIO_init                     
2000e529  GPIO_setCallback              
2000c6f5  GPIO_setConfig                
2000e5e1  GPIO_write                    
2000f4a9  HwiP_Params_init              
2000ddbd  HwiP_construct                
2000f0c1  HwiP_create                   
2000f541  HwiP_delete                   
2000f21d  HwiP_destruct                 
2000f591  HwiP_disable                  
2000f1b1  HwiP_dispatch                 
2000f59f  HwiP_enable                   
2000f445  HwiP_inISR                    
2000fbd8  HwiP_key                      
2000f635  HwiP_post                     
2000f551  HwiP_restore                  
2000fbdc  HwiP_swiPIntNum               
UNDEFED   ITM_flush                     
UNDEFED   ITM_restore                   
2000d79d  IntEnable                     
2000f5f5  IntMasterDisable              
2000de49  IntPendSet                    
2000f459  IntVTableBaseSet              
2000f165  List_put                      
2000f18b  List_remove                   
2000f59f  NoRTOS_start                  
2000c041  PRCMCC3200MCUInit             
2000f3ed  PRCMHIBRegRead                
2000f403  PRCMHIBRegWrite               
2000e95d  PRCMLPDSEnter                 
2000ee4d  PRCMLPDSEnterKeepDebugIf      
2000eac1  PRCMLPDSRestoreInfoSet        
2000f0ed  PRCMPeripheralClkDisable      
2000e9a5  PRCMPeripheralClkEnable       
2000e639  PRCMPeripheralReset           
2000e4c9  PRCMSysResetCauseGet          
2000ded1  PinConfigSet                  
2000efcd  PinModeGet                    
2000ec99  PinModeSet                    
2000f29d  PinToPadGet                   
2000fd98  PowerCC32XX_config            
2000d845  PowerCC32XX_configureWakeup   
2000ff70  PowerCC32XX_contextSave       
2000eb05  PowerCC32XX_enterLPDS         
2000f095  PowerCC32XX_getParkState      
2000d28f  PowerCC32XX_initPolicy        
2000f950  PowerCC32XX_module            
2000e87d  PowerCC32XX_parkPin           
2000f1d5  PowerCC32XX_reset             
2000f001  PowerCC32XX_restoreParkState  
2000f065  PowerCC32XX_restoreParkedPin  
2000e73d  PowerCC32XX_resumeLPDS        
2000e401  PowerCC32XX_setParkState      
2000c8d9  PowerCC32XX_sleepPolicy       
2000f46d  Power_disablePolicy           
2000f561  Power_enablePolicy            
2000f5c9  Power_getConstraintMask       
2000f481  Power_getDependencyCount      
2000f35d  Power_getTransitionLatency    
2000f375  Power_idleFunc                
2000df59  Power_init                    
2000f115  Power_registerNotify          
2000e9ed  Power_releaseConstraint       
2000e691  Power_releaseDependency       
2000edd5  Power_setConstraint           
2000e061  Power_setDependency           
2000cbbd  Power_sleep                   
2000f23d  Power_unregisterNotify        
2000f4bb  RingBuf_construct             
2000ecd9  RingBuf_get                   
2000f5ad  RingBuf_isFull                
2000f25d  RingBuf_peek                  
2000ea35  RingBuf_put                   
2000f571  SemaphoreP_Params_init        
2000e7e1  SemaphoreP_construct          
2000f419  SemaphoreP_create             
2000f327  SemaphoreP_createBinary       
2000fbd0  SemaphoreP_defaultParams      
2000f639  SemaphoreP_delete             
2000da31  SemaphoreP_pend               
2000eb49  SemaphoreP_post               
20010195  State                         
2000f2b9  SwiP_disable                  
2000eb8d  SwiP_restore                  
2000d0ed  Tick                          
2000f38d  UARTBusy                      
2000ccf5  UARTCC32XX_close              
2000cf15  UARTCC32XX_control            
2000fddc  UARTCC32XX_fxnTable           
2000d4cf  UARTCC32XX_init               
2000c46d  UARTCC32XX_open               
2000ed19  UARTCC32XX_read               
2000ef2d  UARTCC32XX_readCancel         
2000d415  UARTCC32XX_readPolling        
2000d1c5  UARTCC32XX_write              
2000e399  UARTCC32XX_writeCancel        
2000e465  UARTCC32XX_writePolling       
2000f3a5  UARTIntEnable                 
2000f3bd  UART_Params_init              
2000ff38  UART_config                   
2000fe6f  UART_count                    
2000fe04  UART_defaultParams            
2000ebd1  UART_init                     
2000ed59  UART_open                     
2000f5ff  UART_read                     
2000f609  UART_write                    
2000f62b  UtilsDelay                    
20004000  __STACK_END                   
00001000  __STACK_SIZE                  
00008000  __SYSMEM_SIZE                 
20010278  __TI_CINIT_Base               
20010288  __TI_CINIT_Limit              
20010260  __TI_Handler_Table_Base       
2001026c  __TI_Handler_Table_Limit      
2000ec15  __TI_auto_init_nobinit_nopinit
2000e331  __TI_decompress_lzss          
2000f5bb  __TI_decompress_none          
ffffffff  __TI_pprof_out_hndl           
ffffffff  __TI_prof_data_size           
ffffffff  __TI_prof_data_start          
200101a0  __TI_static_base__            
2000f2d5  __TI_zero_init_nomemset       
2000ef63  __aeabi_idiv0                 
2000ef63  __aeabi_ldiv0                 
2000f3d5  __aeabi_lmul                  
2000dad1  __aeabi_memcpy                
2000dad1  __aeabi_memcpy4               
2000dad1  __aeabi_memcpy8               
2000dc05  __aeabi_uldivmod              
ffffffff  __binit__                     
ffffffff  __c_args__                    
UNDEFED   __mpu_init                    
20003000  __stack                       
20004000  __start___llvm_prf_cnts       
20004000  __stop___llvm_prf_cnts        
2000f1f9  _c_int00_noargs               
2000fbc0  _lock                         
2000dc9b  _nop                          
20004040  _sys_memory                   
UNDEFED   _system_post_cinit            
2000f63d  _system_pre_init              
2000fbc4  _unlock                       
2000f641  abort                         
2000ce15  aligned_alloc                 
ffffffff  binit                         
2000e4c7  clkFxn                        
2000d009  free                          
2000fbe8  gpioCallbackFunctions         
2000fbec  gpioPinConfigs                
2000ff5a  inPinTypes                    
2000eebd  initVectors                   
2000f4cd  main                          
2000dc9d  mainThread                    
2000f613  malloc                        
2000ce15  memalign                      
2000dad1  memcpy                        
2000ff60  outPinStrengths               
2000ff44  outPinTypes                   
2000fabc  parkInfo                      
2000f341  resetISR                      
2000f354  resetVectorAddr               
20004000  resetVectors                  
2001009c  uartCC32XXObjects0            


GLOBAL SYMBOLS: SORTED BY Symbol Address 

address   name                          
-------   ----                          
00001000  __STACK_SIZE                  
00008000  __SYSMEM_SIZE                 
20003000  __stack                       
20004000  __STACK_END                   
20004000  __start___llvm_prf_cnts       
20004000  __stop___llvm_prf_cnts        
20004000  resetVectors                  
20004040  _sys_memory                   
2000c041  PRCMCC3200MCUInit             
2000c46d  UARTCC32XX_open               
2000c6f5  GPIO_setConfig                
2000c8d9  PowerCC32XX_sleepPolicy       
2000cbbd  Power_sleep                   
2000ccf5  UARTCC32XX_close              
2000ce15  aligned_alloc                 
2000ce15  memalign                      
2000cf15  UARTCC32XX_control            
2000d007  Board_initHook                
2000d009  free                          
2000d0ed  Tick                          
2000d1c5  UARTCC32XX_write              
2000d28f  PowerCC32XX_initPolicy        
2000d291  GPIO_init                     
2000d415  UARTCC32XX_readPolling        
2000d4cf  UARTCC32XX_init               
2000d79d  IntEnable                     
2000d845  PowerCC32XX_configureWakeup   
2000da31  SemaphoreP_pend               
2000dad1  __aeabi_memcpy                
2000dad1  __aeabi_memcpy4               
2000dad1  __aeabi_memcpy8               
2000dad1  memcpy                        
2000dc05  __aeabi_uldivmod              
2000dc9b  _nop                          
2000dc9d  mainThread                    
2000ddbd  HwiP_construct                
2000de49  IntPendSet                    
2000ded1  PinConfigSet                  
2000df59  Power_init                    
2000e061  Power_setDependency           
2000e15d  GPIO_hwiIntFxn                
2000e331  __TI_decompress_lzss          
2000e399  UARTCC32XX_writeCancel        
2000e401  PowerCC32XX_setParkState      
2000e465  UARTCC32XX_writePolling       
2000e4c7  clkFxn                        
2000e4c9  PRCMSysResetCauseGet          
2000e529  GPIO_setCallback              
2000e5e1  GPIO_write                    
2000e639  PRCMPeripheralReset           
2000e691  Power_releaseDependency       
2000e73d  PowerCC32XX_resumeLPDS        
2000e791  ClockP_doTick                 
2000e791  ClockP_sysTickHandler         
2000e7e1  SemaphoreP_construct          
2000e831  GPIO_enableInt                
2000e87d  PowerCC32XX_parkPin           
2000e915  FlashDisable                  
2000e95d  PRCMLPDSEnter                 
2000e9a5  PRCMPeripheralClkEnable       
2000e9ed  Power_releaseConstraint       
2000ea35  RingBuf_put                   
2000ea7d  ClockP_stop                   
2000eac1  PRCMLPDSRestoreInfoSet        
2000eb05  PowerCC32XX_enterLPDS         
2000eb49  SemaphoreP_post               
2000eb8d  SwiP_restore                  
2000ebd1  UART_init                     
2000ec15  __TI_auto_init_nobinit_nopinit
2000ec59  ClockP_construct              
2000ec99  PinModeSet                    
2000ecd9  RingBuf_get                   
2000ed19  UARTCC32XX_read               
2000ed59  UART_open                     
2000ed99  ClockP_destruct               
2000edd5  Power_setConstraint           
2000ee4d  PRCMLPDSEnterKeepDebugIf      
2000eebd  initVectors                   
2000ef2d  UARTCC32XX_readCancel         
2000ef63  __aeabi_idiv0                 
2000ef63  __aeabi_ldiv0                 
2000ef65  ClockP_getTicksUntilInterrupt 
2000ef99  ClockP_startup                
2000efcd  PinModeGet                    
2000f001  PowerCC32XX_restoreParkState  
2000f035  ClockP_start                  
2000f065  PowerCC32XX_restoreParkedPin  
2000f095  PowerCC32XX_getParkState      
2000f0c1  HwiP_create                   
2000f0ed  PRCMPeripheralClkDisable      
2000f115  Power_registerNotify          
2000f165  List_put                      
2000f18b  List_remove                   
2000f1b1  HwiP_dispatch                 
2000f1d5  PowerCC32XX_reset             
2000f1f9  _c_int00_noargs               
2000f21d  HwiP_destruct                 
2000f23d  Power_unregisterNotify        
2000f25d  RingBuf_peek                  
2000f29d  PinToPadGet                   
2000f2b9  SwiP_disable                  
2000f2d5  __TI_zero_init_nomemset       
2000f30d  ClockP_create                 
2000f327  SemaphoreP_createBinary       
2000f341  resetISR                      
2000f354  resetVectorAddr               
2000f35d  Power_getTransitionLatency    
2000f375  Power_idleFunc                
2000f38d  UARTBusy                      
2000f3a5  UARTIntEnable                 
2000f3bd  UART_Params_init              
2000f3d5  __aeabi_lmul                  
2000f3ed  PRCMHIBRegRead                
2000f403  PRCMHIBRegWrite               
2000f419  SemaphoreP_create             
2000f42f  CPUcpsid                      
2000f445  HwiP_inISR                    
2000f459  IntVTableBaseSet              
2000f46d  Power_disablePolicy           
2000f481  Power_getDependencyCount      
2000f4a9  HwiP_Params_init              
2000f4bb  RingBuf_construct             
2000f4cd  main                          
2000f4df  Board_init                    
2000f4ef  ClockP_add                    
2000f4ff  ClockP_delete                 
2000f511  ClockP_getCpuFreq             
2000f521  ClockP_getSystemTicks         
2000f531  ClockP_setTicks               
2000f541  HwiP_delete                   
2000f551  HwiP_restore                  
2000f561  Power_enablePolicy            
2000f571  SemaphoreP_Params_init        
2000f591  HwiP_disable                  
2000f59f  HwiP_enable                   
2000f59f  NoRTOS_start                  
2000f5ad  RingBuf_isFull                
2000f5bb  __TI_decompress_none          
2000f5c9  Power_getConstraintMask       
2000f5e1  ClockP_Params_init            
2000f5eb  ClockP_isActive               
2000f5f5  IntMasterDisable              
2000f5ff  UART_read                     
2000f609  UART_write                    
2000f613  malloc                        
2000f62b  UtilsDelay                    
2000f631  ClockP_setTimeout             
2000f635  HwiP_post                     
2000f639  SemaphoreP_delete             
2000f63d  _system_pre_init              
2000f641  C$$EXIT                       
2000f641  abort                         
2000f950  PowerCC32XX_module            
2000fabc  parkInfo                      
2000fbc0  _lock                         
2000fbc4  _unlock                       
2000fbd0  SemaphoreP_defaultParams      
2000fbd8  HwiP_key                      
2000fbdc  HwiP_swiPIntNum               
2000fbe0  ClockP_tickPeriod             
2000fbe8  gpioCallbackFunctions         
2000fbec  gpioPinConfigs                
2000fd98  PowerCC32XX_config            
2000fddc  UARTCC32XX_fxnTable           
2000fe04  UART_defaultParams            
2000fe6d  CONFIG_GPIO_LED_0_CONST       
2000fe6e  CONFIG_UART_0_CONST           
2000fe6f  UART_count                    
2000fed8  GPIOCC32XX_config             
2000ff38  UART_config                   
2000ff44  outPinTypes                   
2000ff5a  inPinTypes                    
2000ff60  outPinStrengths               
2000ff70  PowerCC32XX_contextSave       
2001009c  uartCC32XXObjects0            
20010178  ClockP_ctrl                   
20010195  State                         
200101a0  __TI_static_base__            
20010260  __TI_Handler_Table_Base       
2001026c  __TI_Handler_Table_Limit      
20010278  __TI_CINIT_Base               
20010288  __TI_CINIT_Limit              
ffffffff  __TI_pprof_out_hndl           
ffffffff  __TI_prof_data_size           
ffffffff  __TI_prof_data_start          
ffffffff  __binit__                     
ffffffff  __c_args__                    
ffffffff  binit                         
UNDEFED   ITM_flush                     
UNDEFED   ITM_restore                   
UNDEFED   __mpu_init                    
UNDEFED   _system_post_cinit            

[192 symbols]
