<?xml version="1.0" encoding="ISO-8859-1" ?>
<link_info>
   <banner>TI ARM Linker PC v20.2.5.LTS</banner>
   <copyright>Copyright (c) 1996-2018 Texas Instruments Incorporated</copyright>
   <link_time>0x60fa277c</link_time>
   <link_errors>0x0</link_errors>
   <output_file>uartecho_CC3220S_LAUNCHXL_nortos_ccs.out</output_file>
   <entry_point>
      <name>resetISR</name>
      <address>0x2000f341</address>
   </entry_point>
   <input_file_list>
      <input_file id="fl-2">
         <path>.\</path>
         <kind>object</kind>
         <file>main_nortos.obj</file>
         <name>main_nortos.obj</name>
      </input_file>
      <input_file id="fl-3">
         <path>.\</path>
         <kind>object</kind>
         <file>uartecho.obj</file>
         <name>uartecho.obj</name>
      </input_file>
      <input_file id="fl-4">
         <path>.\syscfg\</path>
         <kind>object</kind>
         <file>ti_drivers_config.obj</file>
         <name>ti_drivers_config.obj</name>
      </input_file>
      <input_file id="fl-d">
         <kind>object</kind>
         <file>&lt;internal&gt;</file>
         <name>&lt;internal&gt;</name>
      </input_file>
      <input_file id="fl-e">
         <path>C:\ti\simplelink_cc32xx_sdk_5_20_00_06\source\ti\drivers\lib\ccs\m4\</path>
         <kind>archive</kind>
         <file>drivers_cc32xx.a</file>
         <name>UART.oem4</name>
      </input_file>
      <input_file id="fl-f">
         <path>C:\ti\simplelink_cc32xx_sdk_5_20_00_06\source\ti\drivers\lib\ccs\m4\</path>
         <kind>archive</kind>
         <file>drivers_cc32xx.a</file>
         <name>GPIOCC32XX.oem4</name>
      </input_file>
      <input_file id="fl-10">
         <path>C:\ti\simplelink_cc32xx_sdk_5_20_00_06\source\ti\drivers\lib\ccs\m4\</path>
         <kind>archive</kind>
         <file>drivers_cc32xx.a</file>
         <name>PowerCC32XX.oem4</name>
      </input_file>
      <input_file id="fl-11">
         <path>C:\ti\simplelink_cc32xx_sdk_5_20_00_06\source\ti\drivers\lib\ccs\m4\</path>
         <kind>archive</kind>
         <file>drivers_cc32xx.a</file>
         <name>PowerCC32XX_asm.oem4</name>
      </input_file>
      <input_file id="fl-12">
         <path>C:\ti\simplelink_cc32xx_sdk_5_20_00_06\source\ti\drivers\lib\ccs\m4\</path>
         <kind>archive</kind>
         <file>drivers_cc32xx.a</file>
         <name>UARTCC32XX.oem4</name>
      </input_file>
      <input_file id="fl-13">
         <path>C:\ti\simplelink_cc32xx_sdk_5_20_00_06\source\ti\drivers\lib\ccs\m4\</path>
         <kind>archive</kind>
         <file>drivers_cc32xx.a</file>
         <name>List.oem4</name>
      </input_file>
      <input_file id="fl-14">
         <path>C:\ti\simplelink_cc32xx_sdk_5_20_00_06\source\ti\drivers\lib\ccs\m4\</path>
         <kind>archive</kind>
         <file>drivers_cc32xx.a</file>
         <name>RingBuf.oem4</name>
      </input_file>
      <input_file id="fl-15">
         <path>C:\ti\simplelink_cc32xx_sdk_5_20_00_06\kernel\nortos\lib\ccs\m4\</path>
         <kind>archive</kind>
         <file>nortos_cc32xx.a</file>
         <name>NoRTOS.oem4</name>
      </input_file>
      <input_file id="fl-16">
         <path>C:\ti\simplelink_cc32xx_sdk_5_20_00_06\kernel\nortos\lib\ccs\m4\</path>
         <kind>archive</kind>
         <file>nortos_cc32xx.a</file>
         <name>SemaphoreP_nortos.oem4</name>
      </input_file>
      <input_file id="fl-17">
         <path>C:\ti\simplelink_cc32xx_sdk_5_20_00_06\kernel\nortos\lib\ccs\m4\</path>
         <kind>archive</kind>
         <file>nortos_cc32xx.a</file>
         <name>ClockPSysTick_nortos.oem4</name>
      </input_file>
      <input_file id="fl-18">
         <path>C:\ti\simplelink_cc32xx_sdk_5_20_00_06\kernel\nortos\lib\ccs\m4\</path>
         <kind>archive</kind>
         <file>nortos_cc32xx.a</file>
         <name>HwiPCC32XX_nortos.oem4</name>
      </input_file>
      <input_file id="fl-19">
         <path>C:\ti\simplelink_cc32xx_sdk_5_20_00_06\kernel\nortos\lib\ccs\m4\</path>
         <kind>archive</kind>
         <file>nortos_cc32xx.a</file>
         <name>PowerCC32XX_nortos.oem4</name>
      </input_file>
      <input_file id="fl-1a">
         <path>C:\ti\simplelink_cc32xx_sdk_5_20_00_06\kernel\nortos\lib\ccs\m4\</path>
         <kind>archive</kind>
         <file>nortos_cc32xx.a</file>
         <name>startup_cc32xx_ccs.oem4</name>
      </input_file>
      <input_file id="fl-1b">
         <path>C:\ti\simplelink_cc32xx_sdk_5_20_00_06\kernel\nortos\lib\ccs\m4\</path>
         <kind>archive</kind>
         <file>nortos_cc32xx.a</file>
         <name>SwiP_nortos.oem4</name>
      </input_file>
      <input_file id="fl-1c">
         <path>C:\ti\simplelink_cc32xx_sdk_5_20_00_06\kernel\nortos\lib\ccs\m4\</path>
         <kind>archive</kind>
         <file>nortos_cc32xx.a</file>
         <name>QueueP_nortos.oem4</name>
      </input_file>
      <input_file id="fl-1d">
         <path>C:\ti\simplelink_cc32xx_sdk_5_20_00_06\source\ti\devices\cc32xx\driverlib\ccs\Release\</path>
         <kind>archive</kind>
         <file>driverlib.a</file>
         <name>cpu.obj</name>
      </input_file>
      <input_file id="fl-1e">
         <path>C:\ti\simplelink_cc32xx_sdk_5_20_00_06\source\ti\devices\cc32xx\driverlib\ccs\Release\</path>
         <kind>archive</kind>
         <file>driverlib.a</file>
         <name>interrupt.obj</name>
      </input_file>
      <input_file id="fl-1f">
         <path>C:\ti\simplelink_cc32xx_sdk_5_20_00_06\source\ti\devices\cc32xx\driverlib\ccs\Release\</path>
         <kind>archive</kind>
         <file>driverlib.a</file>
         <name>pin.obj</name>
      </input_file>
      <input_file id="fl-20">
         <path>C:\ti\simplelink_cc32xx_sdk_5_20_00_06\source\ti\devices\cc32xx\driverlib\ccs\Release\</path>
         <kind>archive</kind>
         <file>driverlib.a</file>
         <name>prcm.obj</name>
      </input_file>
      <input_file id="fl-21">
         <path>C:\ti\simplelink_cc32xx_sdk_5_20_00_06\source\ti\devices\cc32xx\driverlib\ccs\Release\</path>
         <kind>archive</kind>
         <file>driverlib.a</file>
         <name>uart.obj</name>
      </input_file>
      <input_file id="fl-22">
         <path>C:\ti\simplelink_cc32xx_sdk_5_20_00_06\source\ti\devices\cc32xx\driverlib\ccs\Release\</path>
         <kind>archive</kind>
         <file>driverlib.a</file>
         <name>utils.obj</name>
      </input_file>
      <input_file id="fl-23">
         <path>C:\ti\simplelink_cc32xx_sdk_5_20_00_06\source\ti\devices\cc32xx\driverlib\ccs\Release\</path>
         <kind>archive</kind>
         <file>driverlib.a</file>
         <name>flash.obj</name>
      </input_file>
      <input_file id="fl-d9">
         <path>C:\ti\ccs1031\ccs\tools\compiler\ti-cgt-arm_20.2.5.LTS\lib\</path>
         <kind>archive</kind>
         <file>rtsv7M4_T_le_eabi.lib</file>
         <name>ll_mul_t2.asm.obj</name>
      </input_file>
      <input_file id="fl-da">
         <path>C:\ti\ccs1031\ccs\tools\compiler\ti-cgt-arm_20.2.5.LTS\lib\</path>
         <kind>archive</kind>
         <file>rtsv7M4_T_le_eabi.lib</file>
         <name>memcpy_t2.asm.obj</name>
      </input_file>
      <input_file id="fl-db">
         <path>C:\ti\ccs1031\ccs\tools\compiler\ti-cgt-arm_20.2.5.LTS\lib\</path>
         <kind>archive</kind>
         <file>rtsv7M4_T_le_eabi.lib</file>
         <name>ull_div_t2.asm.obj</name>
      </input_file>
      <input_file id="fl-dc">
         <path>C:\ti\ccs1031\ccs\tools\compiler\ti-cgt-arm_20.2.5.LTS\lib\</path>
         <kind>archive</kind>
         <file>rtsv7M4_T_le_eabi.lib</file>
         <name>copy_zero_init.c.obj</name>
      </input_file>
      <input_file id="fl-dd">
         <path>C:\ti\ccs1031\ccs\tools\compiler\ti-cgt-arm_20.2.5.LTS\lib\</path>
         <kind>archive</kind>
         <file>rtsv7M4_T_le_eabi.lib</file>
         <name>copy_decompress_none.c.obj</name>
      </input_file>
      <input_file id="fl-de">
         <path>C:\ti\ccs1031\ccs\tools\compiler\ti-cgt-arm_20.2.5.LTS\lib\</path>
         <kind>archive</kind>
         <file>rtsv7M4_T_le_eabi.lib</file>
         <name>copy_decompress_lzss.c.obj</name>
      </input_file>
      <input_file id="fl-df">
         <path>C:\ti\ccs1031\ccs\tools\compiler\ti-cgt-arm_20.2.5.LTS\lib\</path>
         <kind>archive</kind>
         <file>rtsv7M4_T_le_eabi.lib</file>
         <name>memory.c.obj</name>
      </input_file>
      <input_file id="fl-e0">
         <path>C:\ti\ccs1031\ccs\tools\compiler\ti-cgt-arm_20.2.5.LTS\lib\</path>
         <kind>archive</kind>
         <file>rtsv7M4_T_le_eabi.lib</file>
         <name>boot_cortex_m.c.obj</name>
      </input_file>
      <input_file id="fl-e1">
         <path>C:\ti\ccs1031\ccs\tools\compiler\ti-cgt-arm_20.2.5.LTS\lib\</path>
         <kind>archive</kind>
         <file>rtsv7M4_T_le_eabi.lib</file>
         <name>div0.asm.obj</name>
      </input_file>
      <input_file id="fl-e2">
         <path>C:\ti\ccs1031\ccs\tools\compiler\ti-cgt-arm_20.2.5.LTS\lib\</path>
         <kind>archive</kind>
         <file>rtsv7M4_T_le_eabi.lib</file>
         <name>memset_t2.asm.obj</name>
      </input_file>
      <input_file id="fl-e3">
         <path>C:\ti\ccs1031\ccs\tools\compiler\ti-cgt-arm_20.2.5.LTS\lib\</path>
         <kind>archive</kind>
         <file>rtsv7M4_T_le_eabi.lib</file>
         <name>autoinit.c.obj</name>
      </input_file>
      <input_file id="fl-e4">
         <path>C:\ti\ccs1031\ccs\tools\compiler\ti-cgt-arm_20.2.5.LTS\lib\</path>
         <kind>archive</kind>
         <file>rtsv7M4_T_le_eabi.lib</file>
         <name>pre_init.c.obj</name>
      </input_file>
      <input_file id="fl-e5">
         <path>C:\ti\ccs1031\ccs\tools\compiler\ti-cgt-arm_20.2.5.LTS\lib\</path>
         <kind>archive</kind>
         <file>rtsv7M4_T_le_eabi.lib</file>
         <name>cpy_tbl.c.obj</name>
      </input_file>
      <input_file id="fl-e6">
         <path>C:\ti\ccs1031\ccs\tools\compiler\ti-cgt-arm_20.2.5.LTS\lib\</path>
         <kind>archive</kind>
         <file>rtsv7M4_T_le_eabi.lib</file>
         <name>exit.c.obj</name>
      </input_file>
      <input_file id="fl-e7">
         <path>C:\ti\ccs1031\ccs\tools\compiler\ti-cgt-arm_20.2.5.LTS\lib\</path>
         <kind>archive</kind>
         <file>rtsv7M4_T_le_eabi.lib</file>
         <name>_lock.c.obj</name>
      </input_file>
      <input_file id="fl-e8">
         <path>C:\ti\ccs1031\ccs\tools\compiler\ti-cgt-arm_20.2.5.LTS\lib\</path>
         <kind>archive</kind>
         <file>rtsv7M4_T_le_eabi.lib</file>
         <name>args_main.c.obj</name>
      </input_file>
   </input_file_list>
   <object_component_list>
      <object_component id="oc-1a9">
         <name>.text:PRCMCC3200MCUInit</name>
         <load_address>0x2000c040</load_address>
         <run_address>0x2000c040</run_address>
         <size>0x42c</size>
         <input_file_ref idref="fl-20"/>
      </object_component>
      <object_component id="oc-4df">
         <name>.text:UARTCC32XX_open</name>
         <load_address>0x2000c46c</load_address>
         <run_address>0x2000c46c</run_address>
         <size>0x288</size>
         <input_file_ref idref="fl-12"/>
      </object_component>
      <object_component id="oc-1c9">
         <name>.text:GPIO_setConfig</name>
         <load_address>0x2000c6f4</load_address>
         <run_address>0x2000c6f4</run_address>
         <size>0x1e4</size>
         <input_file_ref idref="fl-f"/>
      </object_component>
      <object_component id="oc-367">
         <name>.text:PowerCC32XX_sleepPolicy</name>
         <load_address>0x2000c8d8</load_address>
         <run_address>0x2000c8d8</run_address>
         <size>0x19c</size>
         <input_file_ref idref="fl-19"/>
      </object_component>
      <object_component id="oc-549">
         <name>.text:parkPins</name>
         <load_address>0x2000ca74</load_address>
         <run_address>0x2000ca74</run_address>
         <size>0x148</size>
         <input_file_ref idref="fl-10"/>
      </object_component>
      <object_component id="oc-46d">
         <name>.text:Power_sleep</name>
         <load_address>0x2000cbbc</load_address>
         <run_address>0x2000cbbc</run_address>
         <size>0x138</size>
         <input_file_ref idref="fl-10"/>
      </object_component>
      <object_component id="oc-4cd">
         <name>.text:UARTCC32XX_close</name>
         <load_address>0x2000ccf4</load_address>
         <run_address>0x2000ccf4</run_address>
         <size>0x120</size>
         <input_file_ref idref="fl-12"/>
      </object_component>
      <object_component id="oc-511">
         <name>.text:aligned_alloc</name>
         <load_address>0x2000ce14</load_address>
         <run_address>0x2000ce14</run_address>
         <size>0x100</size>
         <input_file_ref idref="fl-df"/>
      </object_component>
      <object_component id="oc-4d3">
         <name>.text:UARTCC32XX_control</name>
         <load_address>0x2000cf14</load_address>
         <run_address>0x2000cf14</run_address>
         <size>0xf2</size>
         <input_file_ref idref="fl-12"/>
      </object_component>
      <object_component id="oc-1b5">
         <name>.text:Board_initHook</name>
         <load_address>0x2000d006</load_address>
         <run_address>0x2000d006</run_address>
         <size>0x2</size>
         <input_file_ref idref="fl-4"/>
      </object_component>
      <object_component id="oc-383">
         <name>.text:free</name>
         <load_address>0x2000d008</load_address>
         <run_address>0x2000d008</run_address>
         <size>0xe4</size>
         <input_file_ref idref="fl-df"/>
      </object_component>
      <object_component id="oc-1ed">
         <name>.text:Tick</name>
         <load_address>0x2000d0ec</load_address>
         <run_address>0x2000d0ec</run_address>
         <size>0xd8</size>
         <input_file_ref idref="fl-3"/>
      </object_component>
      <object_component id="oc-4f7">
         <name>.text:UARTCC32XX_write</name>
         <load_address>0x2000d1c4</load_address>
         <run_address>0x2000d1c4</run_address>
         <size>0xca</size>
         <input_file_ref idref="fl-12"/>
      </object_component>
      <object_component id="oc-361">
         <name>.text:PowerCC32XX_initPolicy</name>
         <load_address>0x2000d28e</load_address>
         <run_address>0x2000d28e</run_address>
         <size>0x2</size>
         <input_file_ref idref="fl-19"/>
      </object_component>
      <object_component id="oc-1bd">
         <name>.text:GPIO_init</name>
         <load_address>0x2000d290</load_address>
         <run_address>0x2000d290</run_address>
         <size>0xc4</size>
         <input_file_ref idref="fl-f"/>
      </object_component>
      <object_component id="oc-566">
         <name>.text:restoreParkedPins</name>
         <load_address>0x2000d354</load_address>
         <run_address>0x2000d354</run_address>
         <size>0xc0</size>
         <input_file_ref idref="fl-10"/>
      </object_component>
      <object_component id="oc-4eb">
         <name>.text:UARTCC32XX_readPolling</name>
         <load_address>0x2000d414</load_address>
         <run_address>0x2000d414</run_address>
         <size>0xba</size>
         <input_file_ref idref="fl-12"/>
      </object_component>
      <object_component id="oc-4d9">
         <name>.text:UARTCC32XX_init</name>
         <load_address>0x2000d4ce</load_address>
         <run_address>0x2000d4ce</run_address>
         <size>0x2</size>
         <input_file_ref idref="fl-12"/>
      </object_component>
      <object_component id="oc-5f3">
         <name>.text:initHw</name>
         <load_address>0x2000d4d0</load_address>
         <run_address>0x2000d4d0</run_address>
         <size>0xb8</size>
         <input_file_ref idref="fl-12"/>
      </object_component>
      <object_component id="oc-6d9">
         <name>.text:readTaskCallback</name>
         <load_address>0x2000d588</load_address>
         <run_address>0x2000d588</run_address>
         <size>0xb6</size>
         <input_file_ref idref="fl-12"/>
      </object_component>
      <object_component id="oc-6c7">
         <name>.text:readTaskBlocking</name>
         <load_address>0x2000d63e</load_address>
         <run_address>0x2000d63e</run_address>
         <size>0xb0</size>
         <input_file_ref idref="fl-12"/>
      </object_component>
      <object_component id="oc-6cd">
         <name>.text:readIsrTextBlocking</name>
         <load_address>0x2000d6ee</load_address>
         <run_address>0x2000d6ee</run_address>
         <size>0xae</size>
         <input_file_ref idref="fl-12"/>
      </object_component>
      <object_component id="oc-b5">
         <name>.text:IntEnable</name>
         <load_address>0x2000d79c</load_address>
         <run_address>0x2000d79c</run_address>
         <size>0xa8</size>
         <input_file_ref idref="fl-1e"/>
      </object_component>
      <object_component id="oc-27b">
         <name>.text:PowerCC32XX_configureWakeup</name>
         <load_address>0x2000d844</load_address>
         <run_address>0x2000d844</run_address>
         <size>0xa8</size>
         <input_file_ref idref="fl-10"/>
      </object_component>
      <object_component id="oc-6df">
         <name>.text:readIsrTextCallback</name>
         <load_address>0x2000d8ec</load_address>
         <run_address>0x2000d8ec</run_address>
         <size>0xa2</size>
         <input_file_ref idref="fl-12"/>
      </object_component>
      <object_component id="oc-62a">
         <name>.text:writeData</name>
         <load_address>0x2000d98e</load_address>
         <run_address>0x2000d98e</run_address>
         <size>0xa2</size>
         <input_file_ref idref="fl-12"/>
      </object_component>
      <object_component id="oc-2a1">
         <name>.text:SemaphoreP_pend</name>
         <load_address>0x2000da30</load_address>
         <run_address>0x2000da30</run_address>
         <size>0xa0</size>
         <input_file_ref idref="fl-16"/>
      </object_component>
      <object_component id="oc-3b">
         <name>.text</name>
         <load_address>0x2000dad0</load_address>
         <run_address>0x2000dad0</run_address>
         <size>0x9c</size>
         <input_file_ref idref="fl-da"/>
      </object_component>
      <object_component id="oc-2c3">
         <name>.text:powerNotifyFxn</name>
         <load_address>0x2000db6c</load_address>
         <run_address>0x2000db6c</run_address>
         <size>0x98</size>
         <input_file_ref idref="fl-f"/>
      </object_component>
      <object_component id="oc-468">
         <name>.text</name>
         <load_address>0x2000dc04</load_address>
         <run_address>0x2000dc04</run_address>
         <size>0x96</size>
         <input_file_ref idref="fl-db"/>
      </object_component>
      <object_component id="oc-329">
         <name>.text:_nop</name>
         <load_address>0x2000dc9a</load_address>
         <run_address>0x2000dc9a</run_address>
         <size>0x2</size>
         <input_file_ref idref="fl-e7"/>
      </object_component>
      <object_component id="oc-15e">
         <name>.text:mainThread</name>
         <load_address>0x2000dc9c</load_address>
         <run_address>0x2000dc9c</run_address>
         <size>0x90</size>
         <input_file_ref idref="fl-3"/>
      </object_component>
      <object_component id="oc-55a">
         <name>.text:restoreNVICRegs</name>
         <load_address>0x2000dd2c</load_address>
         <run_address>0x2000dd2c</run_address>
         <size>0x90</size>
         <input_file_ref idref="fl-10"/>
      </object_component>
      <object_component id="oc-3f8">
         <name>.text:HwiP_construct</name>
         <load_address>0x2000ddbc</load_address>
         <run_address>0x2000ddbc</run_address>
         <size>0x8c</size>
         <input_file_ref idref="fl-18"/>
      </object_component>
      <object_component id="oc-689">
         <name>.text:IntPendSet</name>
         <load_address>0x2000de48</load_address>
         <run_address>0x2000de48</run_address>
         <size>0x88</size>
         <input_file_ref idref="fl-1e"/>
      </object_component>
      <object_component id="oc-2d7">
         <name>.text:PinConfigSet</name>
         <load_address>0x2000ded0</load_address>
         <run_address>0x2000ded0</run_address>
         <size>0x88</size>
         <input_file_ref idref="fl-1f"/>
      </object_component>
      <object_component id="oc-1af">
         <name>.text:Power_init</name>
         <load_address>0x2000df58</load_address>
         <run_address>0x2000df58</run_address>
         <size>0x84</size>
         <input_file_ref idref="fl-10"/>
      </object_component>
      <object_component id="oc-54f">
         <name>.text:saveNVICRegs</name>
         <load_address>0x2000dfdc</load_address>
         <run_address>0x2000dfdc</run_address>
         <size>0x84</size>
         <input_file_ref idref="fl-10"/>
      </object_component>
      <object_component id="oc-2dd">
         <name>.text:Power_setDependency</name>
         <load_address>0x2000e060</load_address>
         <run_address>0x2000e060</run_address>
         <size>0x80</size>
         <input_file_ref idref="fl-10"/>
      </object_component>
      <object_component id="oc-6c1">
         <name>.text:readIsrBinaryBlocking</name>
         <load_address>0x2000e0e0</load_address>
         <run_address>0x2000e0e0</run_address>
         <size>0x7c</size>
         <input_file_ref idref="fl-12"/>
      </object_component>
      <object_component id="oc-301">
         <name>.text:GPIO_hwiIntFxn</name>
         <load_address>0x2000e15c</load_address>
         <run_address>0x2000e15c</run_address>
         <size>0x78</size>
         <input_file_ref idref="fl-f"/>
      </object_component>
      <object_component id="oc-6d3">
         <name>.text:readIsrBinaryCallback</name>
         <load_address>0x2000e1d4</load_address>
         <run_address>0x2000e1d4</run_address>
         <size>0x78</size>
         <input_file_ref idref="fl-12"/>
      </object_component>
      <object_component id="oc-602">
         <name>.text:UARTCC32XX_hwiIntFxn</name>
         <load_address>0x2000e24c</load_address>
         <run_address>0x2000e24c</run_address>
         <size>0x74</size>
         <input_file_ref idref="fl-12"/>
      </object_component>
      <object_component id="oc-637">
         <name>.text:split</name>
         <load_address>0x2000e2c0</load_address>
         <run_address>0x2000e2c0</run_address>
         <size>0x70</size>
         <input_file_ref idref="fl-df"/>
      </object_component>
      <object_component id="oc-14">
         <name>.text:decompress:lzss:__TI_decompress_lzss</name>
         <load_address>0x2000e330</load_address>
         <run_address>0x2000e330</run_address>
         <size>0x68</size>
         <input_file_ref idref="fl-de"/>
      </object_component>
      <object_component id="oc-503">
         <name>.text:UARTCC32XX_writeCancel</name>
         <load_address>0x2000e398</load_address>
         <run_address>0x2000e398</run_address>
         <size>0x66</size>
         <input_file_ref idref="fl-12"/>
      </object_component>
      <object_component id="oc-73">
         <name>.text:busFaultHandler</name>
         <load_address>0x2000e3fe</load_address>
         <run_address>0x2000e3fe</run_address>
         <size>0x2</size>
         <input_file_ref idref="fl-1a"/>
      </object_component>
      <object_component id="oc-3d3">
         <name>.text:PowerCC32XX_setParkState</name>
         <load_address>0x2000e400</load_address>
         <run_address>0x2000e400</run_address>
         <size>0x64</size>
         <input_file_ref idref="fl-10"/>
      </object_component>
      <object_component id="oc-4fd">
         <name>.text:UARTCC32XX_writePolling</name>
         <load_address>0x2000e464</load_address>
         <run_address>0x2000e464</run_address>
         <size>0x62</size>
         <input_file_ref idref="fl-12"/>
      </object_component>
      <object_component id="oc-3a8">
         <name>.text:clkFxn</name>
         <load_address>0x2000e4c6</load_address>
         <run_address>0x2000e4c6</run_address>
         <size>0x2</size>
         <input_file_ref idref="fl-16"/>
      </object_component>
      <object_component id="oc-249">
         <name>.text:PRCMSysResetCauseGet</name>
         <load_address>0x2000e4c8</load_address>
         <run_address>0x2000e4c8</run_address>
         <size>0x60</size>
         <input_file_ref idref="fl-20"/>
      </object_component>
      <object_component id="oc-2a7">
         <name>.text:GPIO_setCallback</name>
         <load_address>0x2000e528</load_address>
         <run_address>0x2000e528</run_address>
         <size>0x5c</size>
         <input_file_ref idref="fl-f"/>
      </object_component>
      <object_component id="oc-64f">
         <name>.text:sysTickInit</name>
         <load_address>0x2000e584</load_address>
         <run_address>0x2000e584</run_address>
         <size>0x5c</size>
         <input_file_ref idref="fl-17"/>
      </object_component>
      <object_component id="oc-1db">
         <name>.text:GPIO_write</name>
         <load_address>0x2000e5e0</load_address>
         <run_address>0x2000e5e0</run_address>
         <size>0x58</size>
         <input_file_ref idref="fl-f"/>
      </object_component>
      <object_component id="oc-262">
         <name>.text:PRCMPeripheralReset</name>
         <load_address>0x2000e638</load_address>
         <run_address>0x2000e638</run_address>
         <size>0x58</size>
         <input_file_ref idref="fl-20"/>
      </object_component>
      <object_component id="oc-5ae">
         <name>.text:Power_releaseDependency</name>
         <load_address>0x2000e690</load_address>
         <run_address>0x2000e690</run_address>
         <size>0x58</size>
         <input_file_ref idref="fl-10"/>
      </object_component>
      <object_component id="oc-727">
         <name>.text:ringBufGet</name>
         <load_address>0x2000e6e8</load_address>
         <run_address>0x2000e6e8</run_address>
         <size>0x54</size>
         <input_file_ref idref="fl-12"/>
      </object_component>
      <object_component id="oc-666">
         <name>.text:PowerCC32XX_resumeLPDS</name>
         <load_address>0x2000e73c</load_address>
         <run_address>0x2000e73c</run_address>
         <size>0x52</size>
         <input_file_ref idref="fl-11"/>
      </object_component>
      <object_component id="oc-6d">
         <name>.text:defaultHandler</name>
         <load_address>0x2000e78e</load_address>
         <run_address>0x2000e78e</run_address>
         <size>0x2</size>
         <input_file_ref idref="fl-1a"/>
      </object_component>
      <object_component id="oc-79">
         <name>.text:ClockP_sysTickHandler</name>
         <load_address>0x2000e790</load_address>
         <run_address>0x2000e790</run_address>
         <size>0x50</size>
         <input_file_ref idref="fl-17"/>
      </object_component>
      <object_component id="oc-48e">
         <name>.text:SemaphoreP_construct</name>
         <load_address>0x2000e7e0</load_address>
         <run_address>0x2000e7e0</run_address>
         <size>0x50</size>
         <input_file_ref idref="fl-16"/>
      </object_component>
      <object_component id="oc-3d9">
         <name>.text:GPIO_enableInt</name>
         <load_address>0x2000e830</load_address>
         <run_address>0x2000e830</run_address>
         <size>0x4c</size>
         <input_file_ref idref="fl-f"/>
      </object_component>
      <object_component id="oc-65d">
         <name>.text:PowerCC32XX_parkPin</name>
         <load_address>0x2000e87c</load_address>
         <run_address>0x2000e87c</run_address>
         <size>0x4c</size>
         <input_file_ref idref="fl-10"/>
      </object_component>
      <object_component id="oc-560">
         <name>.text:restorePeriphClocks</name>
         <load_address>0x2000e8c8</load_address>
         <run_address>0x2000e8c8</run_address>
         <size>0x4c</size>
         <input_file_ref idref="fl-10"/>
      </object_component>
      <object_component id="oc-681">
         <name>.text:FlashDisable</name>
         <load_address>0x2000e914</load_address>
         <run_address>0x2000e914</run_address>
         <size>0x48</size>
         <input_file_ref idref="fl-23"/>
      </object_component>
      <object_component id="oc-56c">
         <name>.text:PRCMLPDSEnter</name>
         <load_address>0x2000e95c</load_address>
         <run_address>0x2000e95c</run_address>
         <size>0x48</size>
         <input_file_ref idref="fl-20"/>
      </object_component>
      <object_component id="oc-25c">
         <name>.text:PRCMPeripheralClkEnable</name>
         <load_address>0x2000e9a4</load_address>
         <run_address>0x2000e9a4</run_address>
         <size>0x48</size>
         <input_file_ref idref="fl-20"/>
      </object_component>
      <object_component id="oc-5a2">
         <name>.text:Power_releaseConstraint</name>
         <load_address>0x2000e9ec</load_address>
         <run_address>0x2000e9ec</run_address>
         <size>0x48</size>
         <input_file_ref idref="fl-10"/>
      </object_component>
      <object_component id="oc-714">
         <name>.text:RingBuf_put</name>
         <load_address>0x2000ea34</load_address>
         <run_address>0x2000ea34</run_address>
         <size>0x46</size>
         <input_file_ref idref="fl-14"/>
      </object_component>
      <object_component id="oc-67">
         <name>.text:faultISR</name>
         <load_address>0x2000ea7a</load_address>
         <run_address>0x2000ea7a</run_address>
         <size>0x2</size>
         <input_file_ref idref="fl-1a"/>
      </object_component>
      <object_component id="oc-4b6">
         <name>.text:ClockP_stop</name>
         <load_address>0x2000ea7c</load_address>
         <run_address>0x2000ea7c</run_address>
         <size>0x44</size>
         <input_file_ref idref="fl-17"/>
      </object_component>
      <object_component id="oc-66b">
         <name>.text:PRCMLPDSRestoreInfoSet</name>
         <load_address>0x2000eac0</load_address>
         <run_address>0x2000eac0</run_address>
         <size>0x44</size>
         <input_file_ref idref="fl-20"/>
      </object_component>
      <object_component id="oc-555">
         <name>.text:PowerCC32XX_enterLPDS</name>
         <load_address>0x2000eb04</load_address>
         <run_address>0x2000eb04</run_address>
         <size>0x44</size>
         <input_file_ref idref="fl-11"/>
      </object_component>
      <object_component id="oc-2b3">
         <name>.text:SemaphoreP_post</name>
         <load_address>0x2000eb48</load_address>
         <run_address>0x2000eb48</run_address>
         <size>0x44</size>
         <input_file_ref idref="fl-16"/>
      </object_component>
      <object_component id="oc-47e">
         <name>.text:SwiP_restore</name>
         <load_address>0x2000eb8c</load_address>
         <run_address>0x2000eb8c</run_address>
         <size>0x44</size>
         <input_file_ref idref="fl-1b"/>
      </object_component>
      <object_component id="oc-1c3">
         <name>.text:UART_init</name>
         <load_address>0x2000ebd0</load_address>
         <run_address>0x2000ebd0</run_address>
         <size>0x44</size>
         <input_file_ref idref="fl-e"/>
      </object_component>
      <object_component id="oc-171">
         <name>.text:__TI_auto_init_nobinit_nopinit:__TI_auto_init_nobinit_nopinit</name>
         <load_address>0x2000ec14</load_address>
         <run_address>0x2000ec14</run_address>
         <size>0x44</size>
         <input_file_ref idref="fl-e3"/>
      </object_component>
      <object_component id="oc-6b0">
         <name>.text:ClockP_construct</name>
         <load_address>0x2000ec58</load_address>
         <run_address>0x2000ec58</run_address>
         <size>0x40</size>
         <input_file_ref idref="fl-17"/>
      </object_component>
      <object_component id="oc-274">
         <name>.text:PinModeSet</name>
         <load_address>0x2000ec98</load_address>
         <run_address>0x2000ec98</run_address>
         <size>0x40</size>
         <input_file_ref idref="fl-1f"/>
      </object_component>
      <object_component id="oc-61c">
         <name>.text:RingBuf_get</name>
         <load_address>0x2000ecd8</load_address>
         <run_address>0x2000ecd8</run_address>
         <size>0x40</size>
         <input_file_ref idref="fl-14"/>
      </object_component>
      <object_component id="oc-4e5">
         <name>.text:UARTCC32XX_read</name>
         <load_address>0x2000ed18</load_address>
         <run_address>0x2000ed18</run_address>
         <size>0x40</size>
         <input_file_ref idref="fl-12"/>
      </object_component>
      <object_component id="oc-1d5">
         <name>.text:UART_open</name>
         <load_address>0x2000ed58</load_address>
         <run_address>0x2000ed58</run_address>
         <size>0x40</size>
         <input_file_ref idref="fl-e"/>
      </object_component>
      <object_component id="oc-3a2">
         <name>.text:ClockP_destruct</name>
         <load_address>0x2000ed98</load_address>
         <run_address>0x2000ed98</run_address>
         <size>0x3c</size>
         <input_file_ref idref="fl-17"/>
      </object_component>
      <object_component id="oc-5c7">
         <name>.text:Power_setConstraint</name>
         <load_address>0x2000edd4</load_address>
         <run_address>0x2000edd4</run_address>
         <size>0x3c</size>
         <input_file_ref idref="fl-10"/>
      </object_component>
      <object_component id="oc-462">
         <name>.text:getCountsRTC</name>
         <load_address>0x2000ee10</load_address>
         <run_address>0x2000ee10</run_address>
         <size>0x3a</size>
         <input_file_ref idref="fl-19"/>
      </object_component>
      <object_component id="oc-61">
         <name>.text:nmiISR</name>
         <load_address>0x2000ee4a</load_address>
         <run_address>0x2000ee4a</run_address>
         <size>0x2</size>
         <input_file_ref idref="fl-1a"/>
      </object_component>
      <object_component id="oc-572">
         <name>.text:PRCMLPDSEnterKeepDebugIf</name>
         <load_address>0x2000ee4c</load_address>
         <run_address>0x2000ee4c</run_address>
         <size>0x38</size>
         <input_file_ref idref="fl-20"/>
      </object_component>
      <object_component id="oc-db">
         <name>.text:addToList</name>
         <load_address>0x2000ee84</load_address>
         <run_address>0x2000ee84</run_address>
         <size>0x38</size>
         <input_file_ref idref="fl-17"/>
      </object_component>
      <object_component id="oc-59">
         <name>.text:initVectors</name>
         <load_address>0x2000eebc</load_address>
         <run_address>0x2000eebc</run_address>
         <size>0x38</size>
         <input_file_ref idref="fl-1a"/>
      </object_component>
      <object_component id="oc-543">
         <name>.text:notify</name>
         <load_address>0x2000eef4</load_address>
         <run_address>0x2000eef4</run_address>
         <size>0x38</size>
         <input_file_ref idref="fl-10"/>
      </object_component>
      <object_component id="oc-4f1">
         <name>.text:UARTCC32XX_readCancel</name>
         <load_address>0x2000ef2c</load_address>
         <run_address>0x2000ef2c</run_address>
         <size>0x36</size>
         <input_file_ref idref="fl-12"/>
      </object_component>
      <object_component id="oc-53d">
         <name>.text</name>
         <load_address>0x2000ef62</load_address>
         <run_address>0x2000ef62</run_address>
         <size>0x2</size>
         <input_file_ref idref="fl-e1"/>
      </object_component>
      <object_component id="oc-450">
         <name>.text:ClockP_getTicksUntilInterrupt</name>
         <load_address>0x2000ef64</load_address>
         <run_address>0x2000ef64</run_address>
         <size>0x34</size>
         <input_file_ref idref="fl-17"/>
      </object_component>
      <object_component id="oc-534">
         <name>.text:ClockP_startup</name>
         <load_address>0x2000ef98</load_address>
         <run_address>0x2000ef98</run_address>
         <size>0x34</size>
         <input_file_ref idref="fl-17"/>
      </object_component>
      <object_component id="oc-26e">
         <name>.text:PinModeGet</name>
         <load_address>0x2000efcc</load_address>
         <run_address>0x2000efcc</run_address>
         <size>0x34</size>
         <input_file_ref idref="fl-1f"/>
      </object_component>
      <object_component id="oc-5b4">
         <name>.text:PowerCC32XX_restoreParkState</name>
         <load_address>0x2000f000</load_address>
         <run_address>0x2000f000</run_address>
         <size>0x34</size>
         <input_file_ref idref="fl-10"/>
      </object_component>
      <object_component id="oc-390">
         <name>.text:ClockP_start</name>
         <load_address>0x2000f034</load_address>
         <run_address>0x2000f034</run_address>
         <size>0x30</size>
         <input_file_ref idref="fl-17"/>
      </object_component>
      <object_component id="oc-67a">
         <name>.text:PowerCC32XX_restoreParkedPin</name>
         <load_address>0x2000f064</load_address>
         <run_address>0x2000f064</run_address>
         <size>0x30</size>
         <input_file_ref idref="fl-10"/>
      </object_component>
      <object_component id="oc-5e1">
         <name>.text:PowerCC32XX_getParkState</name>
         <load_address>0x2000f094</load_address>
         <run_address>0x2000f094</run_address>
         <size>0x2c</size>
         <input_file_ref idref="fl-10"/>
      </object_component>
      <object_component id="oc-2e9">
         <name>.text:HwiP_create</name>
         <load_address>0x2000f0c0</load_address>
         <run_address>0x2000f0c0</run_address>
         <size>0x2a</size>
         <input_file_ref idref="fl-18"/>
      </object_component>
      <object_component id="oc-268">
         <name>.text:PRCMPeripheralClkDisable</name>
         <load_address>0x2000f0ec</load_address>
         <run_address>0x2000f0ec</run_address>
         <size>0x28</size>
         <input_file_ref idref="fl-20"/>
      </object_component>
      <object_component id="oc-2ad">
         <name>.text:Power_registerNotify</name>
         <load_address>0x2000f114</load_address>
         <run_address>0x2000f114</run_address>
         <size>0x28</size>
         <input_file_ref idref="fl-10"/>
      </object_component>
      <object_component id="oc-4ae">
         <name>.text:free_list_insert</name>
         <load_address>0x2000f13c</load_address>
         <run_address>0x2000f13c</run_address>
         <size>0x28</size>
         <input_file_ref idref="fl-df"/>
      </object_component>
      <object_component id="oc-3b3">
         <name>.text:List_put</name>
         <load_address>0x2000f164</load_address>
         <run_address>0x2000f164</run_address>
         <size>0x26</size>
         <input_file_ref idref="fl-13"/>
      </object_component>
      <object_component id="oc-69e">
         <name>.text:List_remove</name>
         <load_address>0x2000f18a</load_address>
         <run_address>0x2000f18a</run_address>
         <size>0x26</size>
         <input_file_ref idref="fl-13"/>
      </object_component>
      <object_component id="oc-51b">
         <name>.text:HwiP_dispatch</name>
         <load_address>0x2000f1b0</load_address>
         <run_address>0x2000f1b0</run_address>
         <size>0x24</size>
         <input_file_ref idref="fl-18"/>
      </object_component>
      <object_component id="oc-5db">
         <name>.text:PowerCC32XX_reset</name>
         <load_address>0x2000f1d4</load_address>
         <run_address>0x2000f1d4</run_address>
         <size>0x24</size>
         <input_file_ref idref="fl-10"/>
      </object_component>
      <object_component id="oc-c5">
         <name>.text:_c_int00_noargs:_c_int00_noargs</name>
         <load_address>0x2000f1f8</load_address>
         <run_address>0x2000f1f8</run_address>
         <size>0x24</size>
         <input_file_ref idref="fl-e0"/>
      </object_component>
      <object_component id="oc-695">
         <name>.text:HwiP_destruct</name>
         <load_address>0x2000f21c</load_address>
         <run_address>0x2000f21c</run_address>
         <size>0x20</size>
         <input_file_ref idref="fl-18"/>
      </object_component>
      <object_component id="oc-5a8">
         <name>.text:Power_unregisterNotify</name>
         <load_address>0x2000f23c</load_address>
         <run_address>0x2000f23c</run_address>
         <size>0x20</size>
         <input_file_ref idref="fl-10"/>
      </object_component>
      <object_component id="oc-5c1">
         <name>.text:RingBuf_peek</name>
         <load_address>0x2000f25c</load_address>
         <run_address>0x2000f25c</run_address>
         <size>0x20</size>
         <input_file_ref idref="fl-14"/>
      </object_component>
      <object_component id="oc-5d5">
         <name>.text:getPowerMgrId</name>
         <load_address>0x2000f27c</load_address>
         <run_address>0x2000f27c</run_address>
         <size>0x20</size>
         <input_file_ref idref="fl-12"/>
      </object_component>
      <object_component id="oc-5ba">
         <name>.text:PinToPadGet</name>
         <load_address>0x2000f29c</load_address>
         <run_address>0x2000f29c</run_address>
         <size>0x1c</size>
         <input_file_ref idref="fl-1f"/>
      </object_component>
      <object_component id="oc-444">
         <name>.text:SwiP_disable</name>
         <load_address>0x2000f2b8</load_address>
         <run_address>0x2000f2b8</run_address>
         <size>0x1c</size>
         <input_file_ref idref="fl-1b"/>
      </object_component>
      <object_component id="oc-47">
         <name>.text:decompress:ZI:__TI_zero_init_nomemset:__TI_zero_init_nomemset</name>
         <load_address>0x2000f2d4</load_address>
         <run_address>0x2000f2d4</run_address>
         <size>0x1c</size>
         <input_file_ref idref="fl-dc"/>
      </object_component>
      <object_component id="oc-4a8">
         <name>.text:free_list_remove</name>
         <load_address>0x2000f2f0</load_address>
         <run_address>0x2000f2f0</run_address>
         <size>0x1c</size>
         <input_file_ref idref="fl-df"/>
      </object_component>
      <object_component id="oc-5ed">
         <name>.text:ClockP_create</name>
         <load_address>0x2000f30c</load_address>
         <run_address>0x2000f30c</run_address>
         <size>0x1a</size>
         <input_file_ref idref="fl-17"/>
      </object_component>
      <object_component id="oc-289">
         <name>.text:SemaphoreP_createBinary</name>
         <load_address>0x2000f326</load_address>
         <run_address>0x2000f326</run_address>
         <size>0x1a</size>
         <input_file_ref idref="fl-16"/>
      </object_component>
      <object_component id="oc-21">
         <name>.text:resetISR</name>
         <load_address>0x2000f340</load_address>
         <run_address>0x2000f340</run_address>
         <size>0x1a</size>
         <input_file_ref idref="fl-1a"/>
      </object_component>
      <object_component id="oc-456">
         <name>.text:Power_getTransitionLatency</name>
         <load_address>0x2000f35c</load_address>
         <run_address>0x2000f35c</run_address>
         <size>0x18</size>
         <input_file_ref idref="fl-10"/>
      </object_component>
      <object_component id="oc-585">
         <name>.text:Power_idleFunc</name>
         <load_address>0x2000f374</load_address>
         <run_address>0x2000f374</run_address>
         <size>0x18</size>
         <input_file_ref idref="fl-10"/>
      </object_component>
      <object_component id="oc-624">
         <name>.text:UARTBusy</name>
         <load_address>0x2000f38c</load_address>
         <run_address>0x2000f38c</run_address>
         <size>0x18</size>
         <input_file_ref idref="fl-21"/>
      </object_component>
      <object_component id="oc-6f4">
         <name>.text:UARTIntEnable</name>
         <load_address>0x2000f3a4</load_address>
         <run_address>0x2000f3a4</run_address>
         <size>0x18</size>
         <input_file_ref idref="fl-21"/>
      </object_component>
      <object_component id="oc-1cf">
         <name>.text:UART_Params_init</name>
         <load_address>0x2000f3bc</load_address>
         <run_address>0x2000f3bc</run_address>
         <size>0x18</size>
         <input_file_ref idref="fl-e"/>
      </object_component>
      <object_component id="oc-473">
         <name>.text</name>
         <load_address>0x2000f3d4</load_address>
         <run_address>0x2000f3d4</run_address>
         <size>0x18</size>
         <input_file_ref idref="fl-d9"/>
      </object_component>
      <object_component id="oc-256">
         <name>.text:PRCMHIBRegRead</name>
         <load_address>0x2000f3ec</load_address>
         <run_address>0x2000f3ec</run_address>
         <size>0x16</size>
         <input_file_ref idref="fl-20"/>
      </object_component>
      <object_component id="oc-250">
         <name>.text:PRCMHIBRegWrite</name>
         <load_address>0x2000f402</load_address>
         <run_address>0x2000f402</run_address>
         <size>0x16</size>
         <input_file_ref idref="fl-20"/>
      </object_component>
      <object_component id="oc-378">
         <name>.text:SemaphoreP_create</name>
         <load_address>0x2000f418</load_address>
         <run_address>0x2000f418</run_address>
         <size>0x16</size>
         <input_file_ref idref="fl-16"/>
      </object_component>
      <object_component id="oc-a3">
         <name>.text:CPUcpsid</name>
         <load_address>0x2000f42e</load_address>
         <run_address>0x2000f42e</run_address>
         <size>0x14</size>
         <input_file_ref idref="fl-1d"/>
      </object_component>
      <object_component id="oc-3ba">
         <name>.text:HwiP_inISR</name>
         <load_address>0x2000f444</load_address>
         <run_address>0x2000f444</run_address>
         <size>0x14</size>
         <input_file_ref idref="fl-18"/>
      </object_component>
      <object_component id="oc-af">
         <name>.text:IntVTableBaseSet</name>
         <load_address>0x2000f458</load_address>
         <run_address>0x2000f458</run_address>
         <size>0x14</size>
         <input_file_ref idref="fl-1e"/>
      </object_component>
      <object_component id="oc-3c0">
         <name>.text:Power_disablePolicy</name>
         <load_address>0x2000f46c</load_address>
         <run_address>0x2000f46c</run_address>
         <size>0x14</size>
         <input_file_ref idref="fl-10"/>
      </object_component>
      <object_component id="oc-673">
         <name>.text:Power_getDependencyCount</name>
         <load_address>0x2000f480</load_address>
         <run_address>0x2000f480</run_address>
         <size>0x14</size>
         <input_file_ref idref="fl-10"/>
      </object_component>
      <object_component id="oc-6ee">
         <name>.text:releasePowerConstraint</name>
         <load_address>0x2000f494</load_address>
         <run_address>0x2000f494</run_address>
         <size>0x14</size>
         <input_file_ref idref="fl-12"/>
      </object_component>
      <object_component id="oc-2e3">
         <name>.text:HwiP_Params_init</name>
         <load_address>0x2000f4a8</load_address>
         <run_address>0x2000f4a8</run_address>
         <size>0x12</size>
         <input_file_ref idref="fl-18"/>
      </object_component>
      <object_component id="oc-5cf">
         <name>.text:RingBuf_construct</name>
         <load_address>0x2000f4ba</load_address>
         <run_address>0x2000f4ba</run_address>
         <size>0x12</size>
         <input_file_ref idref="fl-14"/>
      </object_component>
      <object_component id="oc-11a">
         <name>.text:main</name>
         <load_address>0x2000f4cc</load_address>
         <run_address>0x2000f4cc</run_address>
         <size>0x12</size>
         <input_file_ref idref="fl-2"/>
      </object_component>
      <object_component id="oc-152">
         <name>.text:Board_init</name>
         <load_address>0x2000f4de</load_address>
         <run_address>0x2000f4de</run_address>
         <size>0x10</size>
         <input_file_ref idref="fl-4"/>
      </object_component>
      <object_component id="oc-38a">
         <name>.text:ClockP_add</name>
         <load_address>0x2000f4ee</load_address>
         <run_address>0x2000f4ee</run_address>
         <size>0x10</size>
         <input_file_ref idref="fl-17"/>
      </object_component>
      <object_component id="oc-59c">
         <name>.text:ClockP_delete</name>
         <load_address>0x2000f4fe</load_address>
         <run_address>0x2000f4fe</run_address>
         <size>0x10</size>
         <input_file_ref idref="fl-17"/>
      </object_component>
      <object_component id="oc-43e">
         <name>.text:ClockP_getCpuFreq</name>
         <load_address>0x2000f510</load_address>
         <run_address>0x2000f510</run_address>
         <size>0x10</size>
         <input_file_ref idref="fl-17"/>
      </object_component>
      <object_component id="oc-45c">
         <name>.text:ClockP_getSystemTicks</name>
         <load_address>0x2000f520</load_address>
         <run_address>0x2000f520</run_address>
         <size>0x10</size>
         <input_file_ref idref="fl-17"/>
      </object_component>
      <object_component id="oc-478">
         <name>.text:ClockP_setTicks</name>
         <load_address>0x2000f530</load_address>
         <run_address>0x2000f530</run_address>
         <size>0x10</size>
         <input_file_ref idref="fl-17"/>
      </object_component>
      <object_component id="oc-596">
         <name>.text:HwiP_delete</name>
         <load_address>0x2000f540</load_address>
         <run_address>0x2000f540</run_address>
         <size>0x10</size>
         <input_file_ref idref="fl-18"/>
      </object_component>
      <object_component id="oc-295">
         <name>.text:HwiP_restore</name>
         <load_address>0x2000f550</load_address>
         <run_address>0x2000f550</run_address>
         <size>0x10</size>
         <input_file_ref idref="fl-18"/>
      </object_component>
      <object_component id="oc-396">
         <name>.text:Power_enablePolicy</name>
         <load_address>0x2000f560</load_address>
         <run_address>0x2000f560</run_address>
         <size>0x10</size>
         <input_file_ref idref="fl-10"/>
      </object_component>
      <object_component id="oc-372">
         <name>.text:SemaphoreP_Params_init</name>
         <load_address>0x2000f570</load_address>
         <run_address>0x2000f570</run_address>
         <size>0x10</size>
         <input_file_ref idref="fl-16"/>
      </object_component>
      <object_component id="oc-614">
         <name>.text:readBlockingTimeout</name>
         <load_address>0x2000f580</load_address>
         <run_address>0x2000f580</run_address>
         <size>0x10</size>
         <input_file_ref idref="fl-12"/>
      </object_component>
      <object_component id="oc-28f">
         <name>.text:HwiP_disable</name>
         <load_address>0x2000f590</load_address>
         <run_address>0x2000f590</run_address>
         <size>0xe</size>
         <input_file_ref idref="fl-18"/>
      </object_component>
      <object_component id="oc-158">
         <name>.text:HwiP_enable</name>
         <load_address>0x2000f59e</load_address>
         <run_address>0x2000f59e</run_address>
         <size>0xe</size>
         <input_file_ref idref="fl-18"/>
      </object_component>
      <object_component id="oc-71a">
         <name>.text:RingBuf_isFull</name>
         <load_address>0x2000f5ac</load_address>
         <run_address>0x2000f5ac</run_address>
         <size>0xe</size>
         <input_file_ref idref="fl-14"/>
      </object_component>
      <object_component id="oc-1a">
         <name>.text:decompress:none:__TI_decompress_none</name>
         <load_address>0x2000f5ba</load_address>
         <run_address>0x2000f5ba</run_address>
         <size>0xe</size>
         <input_file_ref idref="fl-dd"/>
      </object_component>
      <object_component id="oc-44a">
         <name>.text:Power_getConstraintMask</name>
         <load_address>0x2000f5c8</load_address>
         <run_address>0x2000f5c8</run_address>
         <size>0xc</size>
         <input_file_ref idref="fl-10"/>
      </object_component>
      <object_component id="oc-5fc">
         <name>.text:postNotifyFxn</name>
         <load_address>0x2000f5d4</load_address>
         <run_address>0x2000f5d4</run_address>
         <size>0xc</size>
         <input_file_ref idref="fl-12"/>
      </object_component>
      <object_component id="oc-5e7">
         <name>.text:ClockP_Params_init</name>
         <load_address>0x2000f5e0</load_address>
         <run_address>0x2000f5e0</run_address>
         <size>0xa</size>
         <input_file_ref idref="fl-17"/>
      </object_component>
      <object_component id="oc-39c">
         <name>.text:ClockP_isActive</name>
         <load_address>0x2000f5ea</load_address>
         <run_address>0x2000f5ea</run_address>
         <size>0xa</size>
         <input_file_ref idref="fl-17"/>
      </object_component>
      <object_component id="oc-53">
         <name>.text:IntMasterDisable</name>
         <load_address>0x2000f5f4</load_address>
         <run_address>0x2000f5f4</run_address>
         <size>0xa</size>
         <input_file_ref idref="fl-1e"/>
      </object_component>
      <object_component id="oc-1e7">
         <name>.text:UART_read</name>
         <load_address>0x2000f5fe</load_address>
         <run_address>0x2000f5fe</run_address>
         <size>0xa</size>
         <input_file_ref idref="fl-e"/>
      </object_component>
      <object_component id="oc-1e1">
         <name>.text:UART_write</name>
         <load_address>0x2000f608</load_address>
         <run_address>0x2000f608</run_address>
         <size>0xa</size>
         <input_file_ref idref="fl-e"/>
      </object_component>
      <object_component id="oc-3f2">
         <name>.text:malloc</name>
         <load_address>0x2000f612</load_address>
         <run_address>0x2000f612</run_address>
         <size>0x8</size>
         <input_file_ref idref="fl-df"/>
      </object_component>
      <object_component id="oc-60e">
         <name>.text:readSemCallback</name>
         <load_address>0x2000f61a</load_address>
         <run_address>0x2000f61a</run_address>
         <size>0x8</size>
         <input_file_ref idref="fl-12"/>
      </object_component>
      <object_component id="oc-608">
         <name>.text:writeSemCallback</name>
         <load_address>0x2000f622</load_address>
         <run_address>0x2000f622</run_address>
         <size>0x8</size>
         <input_file_ref idref="fl-12"/>
      </object_component>
      <object_component id="oc-24f">
         <name>.text:UtilsDelay</name>
         <load_address>0x2000f62a</load_address>
         <run_address>0x2000f62a</run_address>
         <size>0x6</size>
         <input_file_ref idref="fl-22"/>
      </object_component>
      <object_component id="oc-721">
         <name>.text:ClockP_setTimeout</name>
         <load_address>0x2000f630</load_address>
         <run_address>0x2000f630</run_address>
         <size>0x4</size>
         <input_file_ref idref="fl-17"/>
      </object_component>
      <object_component id="oc-57b">
         <name>.text:HwiP_post</name>
         <load_address>0x2000f634</load_address>
         <run_address>0x2000f634</run_address>
         <size>0x4</size>
         <input_file_ref idref="fl-18"/>
      </object_component>
      <object_component id="oc-29b">
         <name>.text:SemaphoreP_delete</name>
         <load_address>0x2000f638</load_address>
         <run_address>0x2000f638</run_address>
         <size>0x4</size>
         <input_file_ref idref="fl-16"/>
      </object_component>
      <object_component id="oc-114">
         <name>.text:_system_pre_init</name>
         <load_address>0x2000f63c</load_address>
         <run_address>0x2000f63c</run_address>
         <size>0x4</size>
         <input_file_ref idref="fl-e4"/>
      </object_component>
      <object_component id="oc-165">
         <name>.text:abort:abort</name>
         <load_address>0x2000f640</load_address>
         <run_address>0x2000f640</run_address>
         <size>0x4</size>
         <input_file_ref idref="fl-e6"/>
      </object_component>
      <object_component id="oc-357">
         <name>.const:g_ulPinToPadMap</name>
         <load_address>0x2000fbf0</load_address>
         <run_address>0x2000fbf0</run_address>
         <size>0x100</size>
         <input_file_ref idref="fl-1f"/>
      </object_component>
      <object_component id="oc-350">
         <name>.const:PRCM_PeriphRegsList</name>
         <load_address>0x2000fcf0</load_address>
         <run_address>0x2000fcf0</run_address>
         <size>0xa8</size>
         <input_file_ref idref="fl-20"/>
      </object_component>
      <object_component id="oc-284">
         <name>.const:PowerCC32XX_config</name>
         <load_address>0x2000fd98</load_address>
         <run_address>0x2000fd98</run_address>
         <size>0x44</size>
         <input_file_ref idref="fl-4"/>
      </object_component>
      <object_component id="oc-3e6">
         <name>.const:UARTCC32XX_fxnTable</name>
         <load_address>0x2000fddc</load_address>
         <run_address>0x2000fddc</run_address>
         <size>0x28</size>
         <input_file_ref idref="fl-12"/>
      </object_component>
      <object_component id="oc-314">
         <name>.const:UART_defaultParams</name>
         <load_address>0x2000fe04</load_address>
         <run_address>0x2000fe04</run_address>
         <size>0x24</size>
         <input_file_ref idref="fl-e"/>
      </object_component>
      <object_component id="oc-3ea">
         <name>.const:uartCC32XXHWAttrs0</name>
         <load_address>0x2000fe28</load_address>
         <run_address>0x2000fe28</run_address>
         <size>0x24</size>
         <input_file_ref idref="fl-4"/>
      </object_component>
      <object_component id="oc-2ef">
         <name>.const:.string:pinTable</name>
         <load_address>0x2000fe4c</load_address>
         <run_address>0x2000fe4c</run_address>
         <size>0x21</size>
         <input_file_ref idref="fl-f"/>
      </object_component>
      <object_component id="oc-2d0">
         <name>.const</name>
         <load_address>0x2000fe6d</load_address>
         <run_address>0x2000fe6d</run_address>
         <size>0x3</size>
         <input_file_ref idref="fl-4"/>
      </object_component>
      <object_component id="oc-5f9">
         <name>.const:staticFxnTable</name>
         <load_address>0x2000fe70</load_address>
         <run_address>0x2000fe70</run_address>
         <size>0x20</size>
         <input_file_ref idref="fl-12"/>
      </object_component>
      <object_component id="oc-10e">
         <name>.const:g_pulEnRegs</name>
         <load_address>0x2000fe90</load_address>
         <run_address>0x2000fe90</run_address>
         <size>0x18</size>
         <input_file_ref idref="fl-1e"/>
      </object_component>
      <object_component id="oc-705">
         <name>.const:g_pulPendRegs</name>
         <load_address>0x2000fea8</load_address>
         <run_address>0x2000fea8</run_address>
         <size>0x18</size>
         <input_file_ref idref="fl-1e"/>
      </object_component>
      <object_component id="oc-1f3">
         <name>.const:.string:$P$T0$1</name>
         <load_address>0x2000fec0</load_address>
         <run_address>0x2000fec0</run_address>
         <size>0x16</size>
         <input_file_ref idref="fl-3"/>
      </object_component>
      <object_component id="oc-2bd">
         <name>.const:GPIOCC32XX_config</name>
         <load_address>0x2000fed8</load_address>
         <run_address>0x2000fed8</run_address>
         <size>0x14</size>
         <input_file_ref idref="fl-4"/>
      </object_component>
      <object_component id="oc-30a">
         <name>.const:gpioBaseAddresses</name>
         <load_address>0x2000feec</load_address>
         <run_address>0x2000feec</run_address>
         <size>0x14</size>
         <input_file_ref idref="fl-f"/>
      </object_component>
      <object_component id="oc-6b7">
         <name>.const:parityType</name>
         <load_address>0x2000ff00</load_address>
         <run_address>0x2000ff00</run_address>
         <size>0x14</size>
         <input_file_ref idref="fl-12"/>
      </object_component>
      <object_component id="oc-2f2">
         <name>.const:powerResources</name>
         <load_address>0x2000ff14</load_address>
         <run_address>0x2000ff14</run_address>
         <size>0x14</size>
         <input_file_ref idref="fl-f"/>
      </object_component>
      <object_component id="oc-6bd">
         <name>.const:dataLength</name>
         <load_address>0x2000ff28</load_address>
         <run_address>0x2000ff28</run_address>
         <size>0x10</size>
         <input_file_ref idref="fl-12"/>
      </object_component>
      <object_component id="oc-2d3">
         <name>.const:UART_config</name>
         <load_address>0x2000ff38</load_address>
         <run_address>0x2000ff38</run_address>
         <size>0xc</size>
         <input_file_ref idref="fl-4"/>
      </object_component>
      <object_component id="oc-2f8">
         <name>.const:outPinTypes</name>
         <load_address>0x2000ff44</load_address>
         <run_address>0x2000ff44</run_address>
         <size>0x8</size>
         <input_file_ref idref="fl-f"/>
      </object_component>
      <object_component id="oc-6ba">
         <name>.const:stopBits</name>
         <load_address>0x2000ff4c</load_address>
         <run_address>0x2000ff4c</run_address>
         <size>0x8</size>
         <input_file_ref idref="fl-12"/>
      </object_component>
      <object_component id="oc-307">
         <name>.const:.string:interruptType</name>
         <load_address>0x2000ff54</load_address>
         <run_address>0x2000ff54</run_address>
         <size>0x6</size>
         <input_file_ref idref="fl-f"/>
      </object_component>
      <object_component id="oc-2fb">
         <name>.const:inPinTypes</name>
         <load_address>0x2000ff5a</load_address>
         <run_address>0x2000ff5a</run_address>
         <size>0x6</size>
         <input_file_ref idref="fl-f"/>
      </object_component>
      <object_component id="oc-2f5">
         <name>.const:outPinStrengths</name>
         <load_address>0x2000ff60</load_address>
         <run_address>0x2000ff60</run_address>
         <size>0x6</size>
         <input_file_ref idref="fl-f"/>
      </object_component>
      <object_component id="oc-2fe">
         <name>.const:.string:portInterruptIds</name>
         <load_address>0x2000ff66</load_address>
         <run_address>0x2000ff66</run_address>
         <size>0x4</size>
         <input_file_ref idref="fl-f"/>
      </object_component>
      <object_component id="oc-768">
         <name>.cinit..data.load</name>
         <load_address>0x200101a0</load_address>
         <run_address>0x200101a0</run_address>
         <size>0xbe</size>
      </object_component>
      <object_component id="oc-766">
         <name>__TI_handler_table</name>
         <load_address>0x20010260</load_address>
         <run_address>0x20010260</run_address>
         <size>0xc</size>
      </object_component>
      <object_component id="oc-769">
         <name>.cinit..bss.load</name>
         <load_address>0x20010270</load_address>
         <run_address>0x20010270</run_address>
         <size>0x8</size>
      </object_component>
      <object_component id="oc-767">
         <name>__TI_cinit_table</name>
         <load_address>0x20010278</load_address>
         <run_address>0x20010278</run_address>
         <size>0x10</size>
      </object_component>
      <object_component id="oc-3c9">
         <name>.data:gpioPinConfigs</name>
         <load_address>0x2000fbec</load_address>
         <run_address>0x2000fbec</run_address>
         <size>0x4</size>
         <input_file_ref idref="fl-4"/>
      </object_component>
      <object_component id="oc-3cc">
         <name>.data:gpioCallbackFunctions</name>
         <load_address>0x2000fbe8</load_address>
         <run_address>0x2000fbe8</run_address>
         <size>0x4</size>
         <input_file_ref idref="fl-4"/>
      </object_component>
      <object_component id="oc-36d">
         <name>.data:parkInfo</name>
         <load_address>0x2000fabc</load_address>
         <run_address>0x2000fabc</run_address>
         <size>0xf8</size>
         <input_file_ref idref="fl-4"/>
      </object_component>
      <object_component id="oc-2cd">
         <name>.data</name>
         <load_address>0x2000fbe5</load_address>
         <run_address>0x2000fbe5</run_address>
         <size>0x1</size>
         <input_file_ref idref="fl-e"/>
      </object_component>
      <object_component id="oc-2ba">
         <name>.data</name>
         <load_address>0x2000fbb4</load_address>
         <run_address>0x2000fbb4</run_address>
         <size>0x9</size>
         <input_file_ref idref="fl-f"/>
      </object_component>
      <object_component id="oc-281">
         <name>.data:PowerCC32XX_module</name>
         <load_address>0x2000f950</load_address>
         <run_address>0x2000f950</run_address>
         <size>0x16c</size>
         <input_file_ref idref="fl-10"/>
      </object_component>
      <object_component id="oc-3ae">
         <name>.data</name>
         <load_address>0x2000fbbd</load_address>
         <run_address>0x2000fbbd</run_address>
         <size>0x3</size>
         <input_file_ref idref="fl-16"/>
      </object_component>
      <object_component id="oc-48a">
         <name>.data:SemaphoreP_defaultParams</name>
         <load_address>0x2000fbd0</load_address>
         <run_address>0x2000fbd0</run_address>
         <size>0x8</size>
         <input_file_ref idref="fl-16"/>
      </object_component>
      <object_component id="oc-484">
         <name>.data</name>
         <load_address>0x2000fbe0</load_address>
         <run_address>0x2000fbe0</run_address>
         <size>0x5</size>
         <input_file_ref idref="fl-17"/>
      </object_component>
      <object_component id="oc-518">
         <name>.data:HwiP_dispatchTable</name>
         <load_address>0x2000f644</load_address>
         <run_address>0x2000f644</run_address>
         <size>0x30c</size>
         <input_file_ref idref="fl-18"/>
      </object_component>
      <object_component id="oc-521">
         <name>.data</name>
         <load_address>0x2000fbd8</load_address>
         <run_address>0x2000fbd8</run_address>
         <size>0x8</size>
         <input_file_ref idref="fl-18"/>
      </object_component>
      <object_component id="oc-58e">
         <name>.data:$O1$$</name>
         <load_address>0x2000fbc8</load_address>
         <run_address>0x2000fbc8</run_address>
         <size>0x8</size>
         <input_file_ref idref="fl-df"/>
      </object_component>
      <object_component id="oc-203">
         <name>.data:$O1$$</name>
         <load_address>0x2000fbc0</load_address>
         <run_address>0x2000fbc0</run_address>
         <size>0x8</size>
         <input_file_ref idref="fl-e7"/>
      </object_component>
      <object_component id="oc-50c">
         <name>.bss:uartCC32XXRingBuffer0</name>
         <uninitialized>true</uninitialized>
         <run_address>0x20010140</run_address>
         <size>0x20</size>
         <input_file_ref idref="fl-4"/>
      </object_component>
      <object_component id="oc-2c9">
         <name>.bss:gpioCallbackInfo</name>
         <uninitialized>true</uninitialized>
         <run_address>0x20010120</run_address>
         <size>0x20</size>
         <input_file_ref idref="fl-f"/>
      </object_component>
      <object_component id="oc-2c0">
         <name>.bss:powerNotifyObj</name>
         <uninitialized>true</uninitialized>
         <run_address>0x20010160</run_address>
         <size>0x14</size>
         <input_file_ref idref="fl-f"/>
      </object_component>
      <object_component id="oc-2b9">
         <name>.bss</name>
         <uninitialized>true</uninitialized>
         <run_address>0x20010174</run_address>
         <size>0x4</size>
         <input_file_ref idref="fl-f"/>
      </object_component>
      <object_component id="oc-655">
         <name>.bss</name>
         <uninitialized>true</uninitialized>
         <run_address>0x20010198</run_address>
         <size>0x4</size>
         <input_file_ref idref="fl-17"/>
      </object_component>
      <object_component id="oc-528">
         <name>.bss</name>
         <uninitialized>true</uninitialized>
         <run_address>0x20010188</run_address>
         <size>0xd</size>
         <input_file_ref idref="fl-1b"/>
      </object_component>
      <object_component id="oc-1f6">
         <name>.common:State</name>
         <uninitialized>true</uninitialized>
         <run_address>0x20010195</run_address>
         <size>0x1</size>
      </object_component>
      <object_component id="oc-3e9">
         <name>.common:uartCC32XXObjects0</name>
         <uninitialized>true</uninitialized>
         <run_address>0x2001009c</run_address>
         <size>0x84</size>
      </object_component>
      <object_component id="oc-664">
         <name>.common:PowerCC32XX_contextSave</name>
         <uninitialized>true</uninitialized>
         <run_address>0x2000ff70</run_address>
         <size>0x12c</size>
      </object_component>
      <object_component id="oc-e1">
         <name>.common:ClockP_ctrl</name>
         <uninitialized>true</uninitialized>
         <run_address>0x20010178</run_address>
         <size>0x10</size>
      </object_component>
      <object_component id="oc-2a">
         <name>.sysmem</name>
         <uninitialized>true</uninitialized>
         <run_address>0x20004040</run_address>
         <size>0x10</size>
         <input_file_ref idref="fl-df"/>
      </object_component>
      <object_component id="oc-76c">
         <name>.sysmem</name>
         <uninitialized>true</uninitialized>
         <run_address>0x20004040</run_address>
         <size>0x0</size>
      </object_component>
      <object_component id="oc-2d">
         <name>.stack</name>
         <uninitialized>true</uninitialized>
         <run_address>0x20003000</run_address>
         <size>0x4</size>
         <input_file_ref idref="fl-e0"/>
      </object_component>
      <object_component id="oc-76b">
         <name>.stack</name>
         <uninitialized>true</uninitialized>
         <run_address>0x20003000</run_address>
         <size>0x0</size>
      </object_component>
      <object_component id="oc-27">
         <name>.resetVecs:retain</name>
         <load_address>0x20004000</load_address>
         <run_address>0x20004000</run_address>
         <size>0x40</size>
         <input_file_ref idref="fl-1a"/>
      </object_component>
      <object_component id="oc-bb">
         <name>.ramVecs</name>
         <uninitialized>true</uninitialized>
         <run_address>0x20000000</run_address>
         <size>0x30c</size>
         <input_file_ref idref="fl-1a"/>
      </object_component>
      <object_component id="oc-14d">
         <name>.debug_info</name>
         <load_address>0x0</load_address>
         <run_address>0x0</run_address>
         <size>0x1b5</size>
         <input_file_ref idref="fl-2"/>
      </object_component>
      <object_component id="oc-11e">
         <name>.debug_info</name>
         <load_address>0x1b5</load_address>
         <run_address>0x1b5</run_address>
         <size>0x14d</size>
         <input_file_ref idref="fl-2"/>
      </object_component>
      <object_component id="oc-e7">
         <name>.debug_info</name>
         <load_address>0x302</load_address>
         <run_address>0x302</run_address>
         <size>0x26b</size>
         <input_file_ref idref="fl-2"/>
      </object_component>
      <object_component id="oc-36">
         <name>.debug_info</name>
         <load_address>0x56d</load_address>
         <run_address>0x56d</run_address>
         <size>0x84</size>
         <input_file_ref idref="fl-2"/>
      </object_component>
      <object_component id="oc-148">
         <name>.debug_info</name>
         <load_address>0x5f1</load_address>
         <run_address>0x5f1</run_address>
         <size>0x2a4</size>
         <input_file_ref idref="fl-2"/>
      </object_component>
      <object_component id="oc-221">
         <name>.debug_info</name>
         <load_address>0x895</load_address>
         <run_address>0x895</run_address>
         <size>0xef</size>
         <input_file_ref idref="fl-2"/>
      </object_component>
      <object_component id="oc-12f">
         <name>.debug_info</name>
         <load_address>0x984</load_address>
         <run_address>0x984</run_address>
         <size>0xbb</size>
         <input_file_ref idref="fl-2"/>
      </object_component>
      <object_component id="oc-244">
         <name>.debug_info</name>
         <load_address>0xa3f</load_address>
         <run_address>0xa3f</run_address>
         <size>0x53</size>
         <input_file_ref idref="fl-2"/>
      </object_component>
      <object_component id="oc-1f7">
         <name>.debug_info</name>
         <load_address>0xa92</load_address>
         <run_address>0xa92</run_address>
         <size>0x3b2</size>
         <input_file_ref idref="fl-3"/>
      </object_component>
      <object_component id="oc-1f4">
         <name>.debug_info</name>
         <load_address>0xe44</load_address>
         <run_address>0xe44</run_address>
         <size>0xe4</size>
         <input_file_ref idref="fl-3"/>
      </object_component>
      <object_component id="oc-1ee">
         <name>.debug_info</name>
         <load_address>0xf28</load_address>
         <run_address>0xf28</run_address>
         <size>0x15a</size>
         <input_file_ref idref="fl-3"/>
      </object_component>
      <object_component id="oc-15f">
         <name>.debug_info</name>
         <load_address>0x1082</load_address>
         <run_address>0x1082</run_address>
         <size>0x258</size>
         <input_file_ref idref="fl-3"/>
      </object_component>
      <object_component id="oc-1fa">
         <name>.debug_info</name>
         <load_address>0x12da</load_address>
         <run_address>0x12da</run_address>
         <size>0x4cf</size>
         <input_file_ref idref="fl-3"/>
      </object_component>
      <object_component id="oc-322">
         <name>.debug_info</name>
         <load_address>0x17a9</load_address>
         <run_address>0x17a9</run_address>
         <size>0x5a</size>
         <input_file_ref idref="fl-3"/>
      </object_component>
      <object_component id="oc-23f">
         <name>.debug_info</name>
         <load_address>0x1803</load_address>
         <run_address>0x1803</run_address>
         <size>0x3b</size>
         <input_file_ref idref="fl-3"/>
      </object_component>
      <object_component id="oc-1a3">
         <name>.debug_info</name>
         <load_address>0x183e</load_address>
         <run_address>0x183e</run_address>
         <size>0x503</size>
         <input_file_ref idref="fl-4"/>
      </object_component>
      <object_component id="oc-3ca">
         <name>.debug_info</name>
         <load_address>0x1d41</load_address>
         <run_address>0x1d41</run_address>
         <size>0x100</size>
         <input_file_ref idref="fl-4"/>
      </object_component>
      <object_component id="oc-3cd">
         <name>.debug_info</name>
         <load_address>0x1e41</load_address>
         <run_address>0x1e41</run_address>
         <size>0x10e</size>
         <input_file_ref idref="fl-4"/>
      </object_component>
      <object_component id="oc-2d1">
         <name>.debug_info</name>
         <load_address>0x1f4f</load_address>
         <run_address>0x1f4f</run_address>
         <size>0x16e</size>
         <input_file_ref idref="fl-4"/>
      </object_component>
      <object_component id="oc-2be">
         <name>.debug_info</name>
         <load_address>0x20bd</load_address>
         <run_address>0x20bd</run_address>
         <size>0x106</size>
         <input_file_ref idref="fl-4"/>
      </object_component>
      <object_component id="oc-285">
         <name>.debug_info</name>
         <load_address>0x21c3</load_address>
         <run_address>0x21c3</run_address>
         <size>0x108</size>
         <input_file_ref idref="fl-4"/>
      </object_component>
      <object_component id="oc-50d">
         <name>.debug_info</name>
         <load_address>0x22cb</load_address>
         <run_address>0x22cb</run_address>
         <size>0x10d</size>
         <input_file_ref idref="fl-4"/>
      </object_component>
      <object_component id="oc-3eb">
         <name>.debug_info</name>
         <load_address>0x23d8</load_address>
         <run_address>0x23d8</run_address>
         <size>0x107</size>
         <input_file_ref idref="fl-4"/>
      </object_component>
      <object_component id="oc-2d4">
         <name>.debug_info</name>
         <load_address>0x24df</load_address>
         <run_address>0x24df</run_address>
         <size>0xfa</size>
         <input_file_ref idref="fl-4"/>
      </object_component>
      <object_component id="oc-36e">
         <name>.debug_info</name>
         <load_address>0x25d9</load_address>
         <run_address>0x25d9</run_address>
         <size>0xf4</size>
         <input_file_ref idref="fl-4"/>
      </object_component>
      <object_component id="oc-1b8">
         <name>.debug_info</name>
         <load_address>0x26cd</load_address>
         <run_address>0x26cd</run_address>
         <size>0x14c</size>
         <input_file_ref idref="fl-4"/>
      </object_component>
      <object_component id="oc-153">
         <name>.debug_info</name>
         <load_address>0x2819</load_address>
         <run_address>0x2819</run_address>
         <size>0x182</size>
         <input_file_ref idref="fl-4"/>
      </object_component>
      <object_component id="oc-22b">
         <name>.debug_info</name>
         <load_address>0x299b</load_address>
         <run_address>0x299b</run_address>
         <size>0x878</size>
         <input_file_ref idref="fl-4"/>
      </object_component>
      <object_component id="oc-134">
         <name>.debug_info</name>
         <load_address>0x3213</load_address>
         <run_address>0x3213</run_address>
         <size>0x100</size>
         <input_file_ref idref="fl-4"/>
      </object_component>
      <object_component id="oc-13e">
         <name>.debug_info</name>
         <load_address>0x3313</load_address>
         <run_address>0x3313</run_address>
         <size>0x137</size>
         <input_file_ref idref="fl-4"/>
      </object_component>
      <object_component id="oc-30e">
         <name>.debug_info</name>
         <load_address>0x344a</load_address>
         <run_address>0x344a</run_address>
         <size>0xf8</size>
         <input_file_ref idref="fl-4"/>
      </object_component>
      <object_component id="oc-226">
         <name>.debug_info</name>
         <load_address>0x3542</load_address>
         <run_address>0x3542</run_address>
         <size>0x9a</size>
         <input_file_ref idref="fl-4"/>
      </object_component>
      <object_component id="oc-235">
         <name>.debug_info</name>
         <load_address>0x35dc</load_address>
         <run_address>0x35dc</run_address>
         <size>0x518</size>
         <input_file_ref idref="fl-4"/>
      </object_component>
      <object_component id="oc-230">
         <name>.debug_info</name>
         <load_address>0x3af4</load_address>
         <run_address>0x3af4</run_address>
         <size>0xbb</size>
         <input_file_ref idref="fl-4"/>
      </object_component>
      <object_component id="oc-348">
         <name>.debug_info</name>
         <load_address>0x3baf</load_address>
         <run_address>0x3baf</run_address>
         <size>0xb6</size>
         <input_file_ref idref="fl-4"/>
      </object_component>
      <object_component id="oc-23a">
         <name>.debug_info</name>
         <load_address>0x3c65</load_address>
         <run_address>0x3c65</run_address>
         <size>0xa1</size>
         <input_file_ref idref="fl-4"/>
      </object_component>
      <object_component id="oc-42e">
[...]
      </symbol>
      <symbol id="sm-403">
         <name>PowerCC32XX_getParkState</name>
         <value>0x2000f095</value>
         <object_component_ref idref="oc-5e1"/>
      </symbol>
      <symbol id="sm-414">
         <name>PowerCC32XX_enterLPDS</name>
         <value>0x2000eb05</value>
         <object_component_ref idref="oc-555"/>
      </symbol>
      <symbol id="sm-415">
         <name>PowerCC32XX_resumeLPDS</name>
         <value>0x2000e73d</value>
         <object_component_ref idref="oc-666"/>
      </symbol>
      <symbol id="sm-59f">
         <name>UARTCC32XX_close</name>
         <value>0x2000ccf5</value>
         <object_component_ref idref="oc-4cd"/>
      </symbol>
      <symbol id="sm-5a0">
         <name>UARTCC32XX_fxnTable</name>
         <value>0x2000fddc</value>
         <object_component_ref idref="oc-3e6"/>
      </symbol>
      <symbol id="sm-5a1">
         <name>UARTCC32XX_init</name>
         <value>0x2000d4cf</value>
         <object_component_ref idref="oc-4d9"/>
      </symbol>
      <symbol id="sm-5a2">
         <name>UARTCC32XX_writePolling</name>
         <value>0x2000e465</value>
         <object_component_ref idref="oc-4fd"/>
      </symbol>
      <symbol id="sm-5a3">
         <name>UARTCC32XX_writeCancel</name>
         <value>0x2000e399</value>
         <object_component_ref idref="oc-503"/>
      </symbol>
      <symbol id="sm-5a4">
         <name>UARTCC32XX_control</name>
         <value>0x2000cf15</value>
         <object_component_ref idref="oc-4d3"/>
      </symbol>
      <symbol id="sm-5a5">
         <name>UARTCC32XX_open</name>
         <value>0x2000c46d</value>
         <object_component_ref idref="oc-4df"/>
      </symbol>
      <symbol id="sm-5a6">
         <name>UARTCC32XX_readCancel</name>
         <value>0x2000ef2d</value>
         <object_component_ref idref="oc-4f1"/>
      </symbol>
      <symbol id="sm-5a7">
         <name>UARTCC32XX_write</name>
         <value>0x2000d1c5</value>
         <object_component_ref idref="oc-4f7"/>
      </symbol>
      <symbol id="sm-5a8">
         <name>UARTCC32XX_read</name>
         <value>0x2000ed19</value>
         <object_component_ref idref="oc-4e5"/>
      </symbol>
      <symbol id="sm-5a9">
         <name>UARTCC32XX_readPolling</name>
         <value>0x2000d415</value>
         <object_component_ref idref="oc-4eb"/>
      </symbol>
      <symbol id="sm-5c1">
         <name>List_remove</name>
         <value>0x2000f18b</value>
         <object_component_ref idref="oc-69e"/>
      </symbol>
      <symbol id="sm-5c2">
         <name>List_put</name>
         <value>0x2000f165</value>
         <object_component_ref idref="oc-3b3"/>
      </symbol>
      <symbol id="sm-5f1">
         <name>RingBuf_put</name>
         <value>0x2000ea35</value>
         <object_component_ref idref="oc-714"/>
      </symbol>
      <symbol id="sm-5f2">
         <name>RingBuf_isFull</name>
         <value>0x2000f5ad</value>
         <object_component_ref idref="oc-71a"/>
      </symbol>
      <symbol id="sm-5f3">
         <name>RingBuf_construct</name>
         <value>0x2000f4bb</value>
         <object_component_ref idref="oc-5cf"/>
      </symbol>
      <symbol id="sm-5f4">
         <name>RingBuf_peek</name>
         <value>0x2000f25d</value>
         <object_component_ref idref="oc-5c1"/>
      </symbol>
      <symbol id="sm-5f5">
         <name>RingBuf_get</name>
         <value>0x2000ecd9</value>
         <object_component_ref idref="oc-61c"/>
      </symbol>
      <symbol id="sm-670">
         <name>SemaphoreP_defaultParams</name>
         <value>0x2000fbd0</value>
         <object_component_ref idref="oc-48a"/>
      </symbol>
      <symbol id="sm-671">
         <name>SemaphoreP_construct</name>
         <value>0x2000e7e1</value>
         <object_component_ref idref="oc-48e"/>
      </symbol>
      <symbol id="sm-672">
         <name>SemaphoreP_create</name>
         <value>0x2000f419</value>
         <object_component_ref idref="oc-378"/>
      </symbol>
      <symbol id="sm-673">
         <name>SemaphoreP_post</name>
         <value>0x2000eb49</value>
         <object_component_ref idref="oc-2b3"/>
      </symbol>
      <symbol id="sm-674">
         <name>SemaphoreP_pend</name>
         <value>0x2000da31</value>
         <object_component_ref idref="oc-2a1"/>
      </symbol>
      <symbol id="sm-675">
         <name>SemaphoreP_delete</name>
         <value>0x2000f639</value>
         <object_component_ref idref="oc-29b"/>
      </symbol>
      <symbol id="sm-676">
         <name>SemaphoreP_createBinary</name>
         <value>0x2000f327</value>
         <object_component_ref idref="oc-289"/>
      </symbol>
      <symbol id="sm-677">
         <name>SemaphoreP_Params_init</name>
         <value>0x2000f571</value>
         <object_component_ref idref="oc-372"/>
      </symbol>
      <symbol id="sm-678">
         <name>clkFxn</name>
         <value>0x2000e4c7</value>
         <object_component_ref idref="oc-3a8"/>
      </symbol>
      <symbol id="sm-762">
         <name>ClockP_ctrl</name>
         <value>0x20010178</value>
      </symbol>
      <symbol id="sm-763">
         <name>ClockP_delete</name>
         <value>0x2000f4ff</value>
         <object_component_ref idref="oc-59c"/>
      </symbol>
      <symbol id="sm-764">
         <name>ClockP_doTick</name>
         <value>0x2000e791</value>
         <object_component_ref idref="oc-79"/>
      </symbol>
      <symbol id="sm-765">
         <name>ClockP_setTimeout</name>
         <value>0x2000f631</value>
         <object_component_ref idref="oc-721"/>
      </symbol>
      <symbol id="sm-766">
         <name>ClockP_startup</name>
         <value>0x2000ef99</value>
         <object_component_ref idref="oc-534"/>
      </symbol>
      <symbol id="sm-767">
         <name>ClockP_stop</name>
         <value>0x2000ea7d</value>
         <object_component_ref idref="oc-4b6"/>
      </symbol>
      <symbol id="sm-768">
         <name>ClockP_construct</name>
         <value>0x2000ec59</value>
         <object_component_ref idref="oc-6b0"/>
      </symbol>
      <symbol id="sm-769">
         <name>ClockP_getTicksUntilInterrupt</name>
         <value>0x2000ef65</value>
         <object_component_ref idref="oc-450"/>
      </symbol>
      <symbol id="sm-76a">
         <name>ClockP_setTicks</name>
         <value>0x2000f531</value>
         <object_component_ref idref="oc-478"/>
      </symbol>
      <symbol id="sm-76b">
         <name>ClockP_tickPeriod</name>
         <value>0x2000fbe0</value>
         <object_component_ref idref="oc-484"/>
      </symbol>
      <symbol id="sm-76c">
         <name>ClockP_create</name>
         <value>0x2000f30d</value>
         <object_component_ref idref="oc-5ed"/>
      </symbol>
      <symbol id="sm-76d">
         <name>ClockP_Params_init</name>
         <value>0x2000f5e1</value>
         <object_component_ref idref="oc-5e7"/>
      </symbol>
      <symbol id="sm-76e">
         <name>ClockP_getSystemTicks</name>
         <value>0x2000f521</value>
         <object_component_ref idref="oc-45c"/>
      </symbol>
      <symbol id="sm-76f">
         <name>ClockP_destruct</name>
         <value>0x2000ed99</value>
         <object_component_ref idref="oc-3a2"/>
      </symbol>
      <symbol id="sm-770">
         <name>ClockP_start</name>
         <value>0x2000f035</value>
         <object_component_ref idref="oc-390"/>
      </symbol>
      <symbol id="sm-771">
         <name>ClockP_sysTickHandler</name>
         <value>0x2000e791</value>
         <object_component_ref idref="oc-79"/>
      </symbol>
      <symbol id="sm-772">
         <name>ClockP_isActive</name>
         <value>0x2000f5eb</value>
         <object_component_ref idref="oc-39c"/>
      </symbol>
      <symbol id="sm-773">
         <name>ClockP_getCpuFreq</name>
         <value>0x2000f511</value>
         <object_component_ref idref="oc-43e"/>
      </symbol>
      <symbol id="sm-774">
         <name>ClockP_add</name>
         <value>0x2000f4ef</value>
         <object_component_ref idref="oc-38a"/>
      </symbol>
      <symbol id="sm-7f5">
         <name>HwiP_delete</name>
         <value>0x2000f541</value>
         <object_component_ref idref="oc-596"/>
      </symbol>
      <symbol id="sm-7f6">
         <name>HwiP_construct</name>
         <value>0x2000ddbd</value>
         <object_component_ref idref="oc-3f8"/>
      </symbol>
      <symbol id="sm-7f7">
         <name>HwiP_inISR</name>
         <value>0x2000f445</value>
         <object_component_ref idref="oc-3ba"/>
      </symbol>
      <symbol id="sm-7f8">
         <name>HwiP_dispatch</name>
         <value>0x2000f1b1</value>
         <object_component_ref idref="oc-51b"/>
      </symbol>
      <symbol id="sm-7f9">
         <name>HwiP_destruct</name>
         <value>0x2000f21d</value>
         <object_component_ref idref="oc-695"/>
      </symbol>
      <symbol id="sm-7fa">
         <name>HwiP_swiPIntNum</name>
         <value>0x2000fbdc</value>
         <object_component_ref idref="oc-521"/>
      </symbol>
      <symbol id="sm-7fb">
         <name>HwiP_Params_init</name>
         <value>0x2000f4a9</value>
         <object_component_ref idref="oc-2e3"/>
      </symbol>
      <symbol id="sm-7fc">
         <name>HwiP_disable</name>
         <value>0x2000f591</value>
         <object_component_ref idref="oc-28f"/>
      </symbol>
      <symbol id="sm-7fd">
         <name>HwiP_key</name>
         <value>0x2000fbd8</value>
         <object_component_ref idref="oc-521"/>
      </symbol>
      <symbol id="sm-7fe">
         <name>HwiP_create</name>
         <value>0x2000f0c1</value>
         <object_component_ref idref="oc-2e9"/>
      </symbol>
      <symbol id="sm-7ff">
         <name>HwiP_post</name>
         <value>0x2000f635</value>
         <object_component_ref idref="oc-57b"/>
      </symbol>
      <symbol id="sm-800">
         <name>HwiP_enable</name>
         <value>0x2000f59f</value>
         <object_component_ref idref="oc-158"/>
      </symbol>
      <symbol id="sm-801">
         <name>HwiP_restore</name>
         <value>0x2000f551</value>
         <object_component_ref idref="oc-295"/>
      </symbol>
      <symbol id="sm-831">
         <name>PowerCC32XX_initPolicy</name>
         <value>0x2000d28f</value>
         <object_component_ref idref="oc-361"/>
      </symbol>
      <symbol id="sm-832">
         <name>PowerCC32XX_sleepPolicy</name>
         <value>0x2000c8d9</value>
         <object_component_ref idref="oc-367"/>
      </symbol>
      <symbol id="sm-887">
         <name>resetISR</name>
         <value>0x2000f341</value>
         <object_component_ref idref="oc-21"/>
      </symbol>
      <symbol id="sm-888">
         <name>resetVectorAddr</name>
         <value>0x2000f354</value>
         <object_component_ref idref="oc-21"/>
      </symbol>
      <symbol id="sm-889">
         <name>initVectors</name>
         <value>0x2000eebd</value>
         <object_component_ref idref="oc-59"/>
      </symbol>
      <symbol id="sm-88a">
         <name>resetVectors</name>
         <value>0x20004000</value>
         <object_component_ref idref="oc-27"/>
      </symbol>
      <symbol id="sm-8ba">
         <name>SwiP_disable</name>
         <value>0x2000f2b9</value>
         <object_component_ref idref="oc-444"/>
      </symbol>
      <symbol id="sm-8bb">
         <name>SwiP_restore</name>
         <value>0x2000eb8d</value>
         <object_component_ref idref="oc-47e"/>
      </symbol>
      <symbol id="sm-8c6">
         <name>CPUcpsid</name>
         <value>0x2000f42f</value>
         <object_component_ref idref="oc-a3"/>
      </symbol>
      <symbol id="sm-90b">
         <name>IntVTableBaseSet</name>
         <value>0x2000f459</value>
         <object_component_ref idref="oc-af"/>
      </symbol>
      <symbol id="sm-90c">
         <name>IntEnable</name>
         <value>0x2000d79d</value>
         <object_component_ref idref="oc-b5"/>
      </symbol>
      <symbol id="sm-90d">
         <name>IntMasterDisable</name>
         <value>0x2000f5f5</value>
         <object_component_ref idref="oc-53"/>
      </symbol>
      <symbol id="sm-90e">
         <name>IntPendSet</name>
         <value>0x2000de49</value>
         <object_component_ref idref="oc-689"/>
      </symbol>
      <symbol id="sm-948">
         <name>PinModeGet</name>
         <value>0x2000efcd</value>
         <object_component_ref idref="oc-26e"/>
      </symbol>
      <symbol id="sm-949">
         <name>PinConfigSet</name>
         <value>0x2000ded1</value>
         <object_component_ref idref="oc-2d7"/>
      </symbol>
      <symbol id="sm-94a">
         <name>PinModeSet</name>
         <value>0x2000ec99</value>
         <object_component_ref idref="oc-274"/>
      </symbol>
      <symbol id="sm-94b">
         <name>PinToPadGet</name>
         <value>0x2000f29d</value>
         <object_component_ref idref="oc-5ba"/>
      </symbol>
      <symbol id="sm-a14">
         <name>PRCMLPDSRestoreInfoSet</name>
         <value>0x2000eac1</value>
         <object_component_ref idref="oc-66b"/>
      </symbol>
      <symbol id="sm-a15">
         <name>PRCMPeripheralReset</name>
         <value>0x2000e639</value>
         <object_component_ref idref="oc-262"/>
      </symbol>
      <symbol id="sm-a16">
         <name>PRCMLPDSEnter</name>
         <value>0x2000e95d</value>
         <object_component_ref idref="oc-56c"/>
      </symbol>
      <symbol id="sm-a17">
         <name>PRCMPeripheralClkEnable</name>
         <value>0x2000e9a5</value>
         <object_component_ref idref="oc-25c"/>
      </symbol>
      <symbol id="sm-a18">
         <name>PRCMLPDSEnterKeepDebugIf</name>
         <value>0x2000ee4d</value>
         <object_component_ref idref="oc-572"/>
      </symbol>
      <symbol id="sm-a19">
         <name>PRCMCC3200MCUInit</name>
         <value>0x2000c041</value>
         <object_component_ref idref="oc-1a9"/>
      </symbol>
      <symbol id="sm-a1a">
         <name>PRCMHIBRegWrite</name>
         <value>0x2000f403</value>
         <object_component_ref idref="oc-250"/>
      </symbol>
      <symbol id="sm-a1b">
         <name>PRCMSysResetCauseGet</name>
         <value>0x2000e4c9</value>
         <object_component_ref idref="oc-249"/>
      </symbol>
      <symbol id="sm-a1c">
         <name>PRCMPeripheralClkDisable</name>
         <value>0x2000f0ed</value>
         <object_component_ref idref="oc-268"/>
      </symbol>
      <symbol id="sm-a1d">
         <name>PRCMHIBRegRead</name>
         <value>0x2000f3ed</value>
         <object_component_ref idref="oc-256"/>
      </symbol>
      <symbol id="sm-a31">
         <name>UARTBusy</name>
         <value>0x2000f38d</value>
         <object_component_ref idref="oc-624"/>
      </symbol>
      <symbol id="sm-a32">
         <name>UARTIntEnable</name>
         <value>0x2000f3a5</value>
         <object_component_ref idref="oc-6f4"/>
      </symbol>
      <symbol id="sm-a36">
         <name>UtilsDelay</name>
         <value>0x2000f62b</value>
         <object_component_ref idref="oc-24f"/>
      </symbol>
      <symbol id="sm-a46">
         <name>FlashDisable</name>
         <value>0x2000e915</value>
         <object_component_ref idref="oc-681"/>
      </symbol>
      <symbol id="sm-a4f">
         <name>__aeabi_lmul</name>
         <value>0x2000f3d5</value>
         <object_component_ref idref="oc-473"/>
      </symbol>
      <symbol id="sm-a6a">
         <name>memcpy</name>
         <value>0x2000dad1</value>
         <object_component_ref idref="oc-3b"/>
      </symbol>
      <symbol id="sm-a6b">
         <name>__aeabi_memcpy</name>
         <value>0x2000dad1</value>
         <object_component_ref idref="oc-3b"/>
      </symbol>
      <symbol id="sm-a6c">
         <name>__aeabi_memcpy8</name>
         <value>0x2000dad1</value>
         <object_component_ref idref="oc-3b"/>
      </symbol>
      <symbol id="sm-a6d">
         <name>__aeabi_memcpy4</name>
         <value>0x2000dad1</value>
         <object_component_ref idref="oc-3b"/>
      </symbol>
      <symbol id="sm-a7a">
         <name>__aeabi_uldivmod</name>
         <value>0x2000dc05</value>
         <object_component_ref idref="oc-468"/>
      </symbol>
      <symbol id="sm-a8e">
         <name>__TI_zero_init_nomemset</name>
         <value>0x2000f2d5</value>
         <object_component_ref idref="oc-47"/>
      </symbol>
      <symbol id="sm-aa5">
         <name>__TI_decompress_none</name>
         <value>0x2000f5bb</value>
         <object_component_ref idref="oc-1a"/>
      </symbol>
      <symbol id="sm-ac8">
         <name>__TI_decompress_lzss</name>
         <value>0x2000e331</value>
         <object_component_ref idref="oc-14"/>
      </symbol>
      <symbol id="sm-b51">
         <name>_sys_memory</name>
         <value>0x20004040</value>
         <object_component_ref idref="oc-2a"/>
      </symbol>
      <symbol id="sm-b52">
         <name>free</name>
         <value>0x2000d009</value>
         <object_component_ref idref="oc-383"/>
      </symbol>
      <symbol id="sm-b53">
         <name>memalign</name>
         <value>0x2000ce15</value>
         <object_component_ref idref="oc-511"/>
      </symbol>
      <symbol id="sm-b54">
         <name>malloc</name>
         <value>0x2000f613</value>
         <object_component_ref idref="oc-3f2"/>
      </symbol>
      <symbol id="sm-b55">
         <name>aligned_alloc</name>
         <value>0x2000ce15</value>
         <object_component_ref idref="oc-511"/>
      </symbol>
      <symbol id="sm-b67">
         <name>__stack</name>
         <value>0x20003000</value>
         <object_component_ref idref="oc-2d"/>
      </symbol>
      <symbol id="sm-b68">
         <name>_c_int00_noargs</name>
         <value>0x2000f1f9</value>
         <object_component_ref idref="oc-c5"/>
      </symbol>
      <symbol id="sm-b72">
         <name>__aeabi_idiv0</name>
         <value>0x2000ef63</value>
         <object_component_ref idref="oc-53d"/>
      </symbol>
      <symbol id="sm-b73">
         <name>__aeabi_ldiv0</name>
         <value>0x2000ef63</value>
         <object_component_ref idref="oc-53d"/>
      </symbol>
      <symbol id="sm-b9c">
         <name>__TI_auto_init_nobinit_nopinit</name>
         <value>0x2000ec15</value>
         <object_component_ref idref="oc-171"/>
      </symbol>
      <symbol id="sm-ba6">
         <name>_system_pre_init</name>
         <value>0x2000f63d</value>
         <object_component_ref idref="oc-114"/>
      </symbol>
      <symbol id="sm-bb2">
         <name>C$$EXIT</name>
         <value>0x2000f641</value>
         <object_component_ref idref="oc-165"/>
      </symbol>
      <symbol id="sm-bb3">
         <name>abort</name>
         <value>0x2000f641</value>
         <object_component_ref idref="oc-165"/>
      </symbol>
      <symbol id="sm-bc8">
         <name>_nop</name>
         <value>0x2000dc9b</value>
         <object_component_ref idref="oc-329"/>
      </symbol>
      <symbol id="sm-bc9">
         <name>_lock</name>
         <value>0x2000fbc0</value>
         <object_component_ref idref="oc-203"/>
      </symbol>
      <symbol id="sm-bca">
         <name>_unlock</name>
         <value>0x2000fbc4</value>
         <object_component_ref idref="oc-203"/>
      </symbol>
      <symbol id="sm-bcc">
         <name>__TI_static_base__</name>
         <value>0x200101a0</value>
      </symbol>
      <symbol id="sm-bcf">
         <name>ITM_flush</name>
         <value>0x0</value>
      </symbol>
      <symbol id="sm-bd0">
         <name>ITM_restore</name>
         <value>0x0</value>
      </symbol>
      <symbol id="sm-bd1">
         <name>__mpu_init</name>
         <value>0x0</value>
      </symbol>
      <symbol id="sm-bd2">
         <name>_system_post_cinit</name>
         <value>0x0</value>
      </symbol>
      <symbol id="sm-bd3">
         <name>NoRTOS_start</name>
         <value>0x2000f59f</value>
      </symbol>
   </symbol_table>
   <title>Link successful</title>
</link_info>
