******************************************************************************
                  TI ARM Linker PC v20.2.5                     
******************************************************************************
>> Linked Wed Aug 18 21:20:08 2021

OUTPUT FILE NAME:   <gpiointerrupt_CC3220S_LAUNCHXL_nortos_ccs.out>
ENTRY POINT SYMBOL: "resetISR"  address: 20012089


MEMORY CONFIGURATION

         name            origin    length      used     unused   attr    fill
----------------------  --------  ---------  --------  --------  ----  --------
  SRAM2                 20000000   00004000  0000130c  00002cf4  RW X
  SRAM                  20004000   0003c000  0000f720  0002c8e0  RW X
  LOG_DATA              90000000   00040000  00000000  00040000  R   


SEGMENT ALLOCATION MAP

run origin  load origin   length   init length attrs members
----------  ----------- ---------- ----------- ----- -------
20003000    20003000    00001000   00000000    rw-
  20003000    20003000    00001000   00000000    rw- .stack
20004000    20004000    00000040   00000040    r--
  20004000    20004000    00000040   00000040    r-- .resetVecs
20004040    20004040    00008000   00000000    rw-
  20004040    20004040    00008000   00000000    rw- .sysmem
2000c040    2000c040    000065b2   000065b2    r-x
  2000c040    2000c040    000065b2   000065b2    r-x .text
200125f4    200125f4    000005d4   00000000    rw-
  200125f4    200125f4    000005d4   00000000    rw- .data
20012bc8    20012bc8    00000530   00000000    rw-
  20012bc8    20012bc8    00000530   00000000    rw- .bss
200130f8    200130f8    00000630   00000630    r--
  200130f8    200130f8    00000532   00000532    r-- .const
  20013630    20013630    000000f8   000000f8    r-- .cinit


SECTION ALLOCATION MAP

 output                                  attributes/
section   page    origin      length       input sections
--------  ----  ----------  ----------   ----------------
.text      0    2000c040    000065b2     
                  2000c040    00000a4e     rtsv7M4_T_le_eabi.lib : _printfi.c.obj (.text:__TI_printfi)
                  2000ca8e    00000002     ti_drivers_config.obj (.text:Board_initHook)
                  2000ca90    0000042c     driverlib.a : prcm.obj (.text:PRCMCC3200MCUInit)
                  2000cebc    00000288     drivers_cc32xx.a : UARTCC32XX.oem4 (.text:UARTCC32XX_open)
                  2000d144    00000268     rtsv7M4_T_le_eabi.lib : _printfi.c.obj (.text:_pconv_a)
                  2000d3ac    00000250     gpiointerrupt.obj (.text:initI2C)
                  2000d5fc    000001e4     drivers_cc32xx.a : GPIOCC32XX.oem4 (.text:GPIO_setConfig)
                  2000d7e0    000001cc     rtsv7M4_T_le_eabi.lib : _printfi.c.obj (.text:_pconv_g)
                  2000d9ac    000001b6                           : fd_add_t2.asm.obj (.text)
                  2000db62    00000002     drivers_cc32xx.a : I2C.oem4 (.text:I2C_init)
                  2000db64    0000019c     nortos_cc32xx.a : PowerCC32XX_nortos.oem4 (.text:PowerCC32XX_sleepPolicy)
                  2000dd00    00000174     gpiointerrupt.obj (.text:TaskScheduler)
                  2000de74    00000148     drivers_cc32xx.a : I2CCC32XX.oem4 (.text:I2CCC32XX_hwiFxn)
                  2000dfbc    00000148                      : PowerCC32XX.oem4 (.text:parkPins)
                  2000e104    0000013c     rtsv7M4_T_le_eabi.lib : _printfi.c.obj (.text:_pconv_e)
                  2000e240    00000138     drivers_cc32xx.a : PowerCC32XX.oem4 (.text:Power_sleep)
                  2000e378    00000138                      : TimerCC32XX.oem4 (.text:Timer_open)
                  2000e4b0    00000136     rtsv7M4_T_le_eabi.lib : fd_div_t2.asm.obj (.text)
                  2000e5e6    00000122     drivers_cc32xx.a : I2C.oem4 (.text:I2C_transferTimeout)
                  2000e708    00000120                      : UARTCC32XX.oem4 (.text:UARTCC32XX_close)
                  2000e828    00000120     rtsv7M4_T_le_eabi.lib : _printfi.c.obj (.text:fcvt)
                  2000e948    00000120     gpiointerrupt.obj (.text:readTemp)
                  2000ea68    00000100     rtsv7M4_T_le_eabi.lib : memory.c.obj (.text:aligned_alloc)
                  2000eb68    000000fc     drivers_cc32xx.a : I2CCC32XX.oem4 (.text:I2C_open)
                  2000ec64    000000fc     rtsv7M4_T_le_eabi.lib : fd_mul_t2.asm.obj (.text)
                  2000ed60    000000f2     drivers_cc32xx.a : UARTCC32XX.oem4 (.text:UARTCC32XX_control)
                  2000ee52    00000002     nortos_cc32xx.a : PowerCC32XX_nortos.oem4 (.text:PowerCC32XX_initPolicy)
                  2000ee54    000000e4     rtsv7M4_T_le_eabi.lib : memory.c.obj (.text:free)
                  2000ef38    000000d0                           : s_scalbn.c.obj (.text:scalbn)
                  2000f008    000000ca     drivers_cc32xx.a : UARTCC32XX.oem4 (.text:UARTCC32XX_write)
                  2000f0d2    00000002     nortos_cc32xx.a : SemaphoreP_nortos.oem4 (.text:SemaphoreP_destruct)
                  2000f0d4    000000c4     drivers_cc32xx.a : GPIOCC32XX.oem4 (.text:GPIO_init)
                  2000f198    000000c0                      : PowerCC32XX.oem4 (.text:restoreParkedPins)
                  2000f258    000000ba                      : UARTCC32XX.oem4 (.text:UARTCC32XX_readPolling)
                  2000f312    00000002                      : Timer.oem4 (.text:Timer_init)
                  2000f314    000000b8                      : UARTCC32XX.oem4 (.text:initHw)
                  2000f3cc    000000b6                      : UARTCC32XX.oem4 (.text:readTaskCallback)
                  2000f482    000000b2                      : I2CCC32XX.oem4 (.text:I2CCC32XX_completeTransfer)
                  2000f534    000000b1     rtsv7M4_T_le_eabi.lib : _printfi.c.obj (.text:_ltostr)
                  2000f5e5    00000001     --HOLE-- [fill = 0]
                  2000f5e6    000000b0     drivers_cc32xx.a : UARTCC32XX.oem4 (.text:readTaskBlocking)
                  2000f696    000000ae                      : UARTCC32XX.oem4 (.text:readIsrTextBlocking)
                  2000f744    000000a8                      : I2CCC32XX.oem4 (.text:I2CCC32XX_primeWriteBurst)
                  2000f7ec    000000a8     driverlib.a : interrupt.obj (.text:IntEnable)
                  2000f894    000000a8     drivers_cc32xx.a : PowerCC32XX.oem4 (.text:PowerCC32XX_configureWakeup)
                  2000f93c    000000a2                      : UARTCC32XX.oem4 (.text:readIsrTextCallback)
                  2000f9de    000000a2                      : UARTCC32XX.oem4 (.text:writeData)
                  2000fa80    000000a0     nortos_cc32xx.a : SemaphoreP_nortos.oem4 (.text:SemaphoreP_pend)
                  2000fb20    0000009c     drivers_cc32xx.a : I2CCC32XX.oem4 (.text:I2CCC32XX_initHw)
                  2000fbbc    0000009c     rtsv7M4_T_le_eabi.lib : memcpy_t2.asm.obj (.text)
                  2000fc58    00000098     drivers_cc32xx.a : GPIOCC32XX.oem4 (.text:powerNotifyFxn)
                  2000fcf0    00000096     rtsv7M4_T_le_eabi.lib : ull_div_t2.asm.obj (.text)
                  2000fd86    00000002     drivers_cc32xx.a : UARTCC32XX.oem4 (.text:UARTCC32XX_init)
                  2000fd88    00000090                      : PowerCC32XX.oem4 (.text:restoreNVICRegs)
                  2000fe18    0000008c     nortos_cc32xx.a : HwiPCC32XX_nortos.oem4 (.text:HwiP_construct)
                  2000fea4    00000088     driverlib.a : interrupt.obj (.text:IntPendSet)
                  2000ff2c    00000088                 : pin.obj (.text:PinConfigSet)
                  2000ffb4    00000086     rtsv7M4_T_le_eabi.lib : fd_cmp_t2.asm.obj (.text:__aeabi_cdcmple)
                  2001003a    00000086                           : fd_cmp_t2.asm.obj (.text:__aeabi_cdrcmple)
                  200100c0    00000084     drivers_cc32xx.a : PowerCC32XX.oem4 (.text:Power_init)
                  20010144    00000084                      : PowerCC32XX.oem4 (.text:saveNVICRegs)
                  200101c8    00000080                      : PowerCC32XX.oem4 (.text:Power_setDependency)
                  20010248    0000007c                      : UARTCC32XX.oem4 (.text:readIsrBinaryBlocking)
                  200102c4    0000007a                      : I2CCC32XX.oem4 (.text:I2CCC32XX_primeReadBurst)
                  2001033e    0000007a     rtsv7M4_T_le_eabi.lib : fs_mul_t2.asm.obj (.text)
                  200103b8    0000007a                           : memset_t2.asm.obj (.text)
                  20010432    00000002                           : _lock.c.obj (.text:_nop)
                  20010434    00000078     drivers_cc32xx.a : GPIOCC32XX.oem4 (.text:GPIO_hwiIntFxn)
                  200104ac    00000078                      : UARTCC32XX.oem4 (.text:readIsrBinaryCallback)
                  20010524    00000074                      : UARTCC32XX.oem4 (.text:UARTCC32XX_hwiIntFxn)
                  20010598    00000070     rtsv7M4_T_le_eabi.lib : memory.c.obj (.text:split)
                  20010608    0000006e                           : _printfi.c.obj (.text:_mcpy)
                  20010676    0000006a     drivers_cc32xx.a : I2CCC32XX.oem4 (.text:I2CSupport_primeTransfer)
                  200106e0    00000068     rtsv7M4_T_le_eabi.lib : copy_decompress_lzss.c.obj (.text:decompress:lzss:__TI_decompress_lzss)
                  20010748    00000066     drivers_cc32xx.a : UARTCC32XX.oem4 (.text:UARTCC32XX_writeCancel)
                  200107ae    00000002     nortos_cc32xx.a : startup_cc32xx_ccs.oem4 (.text:busFaultHandler)
                  200107b0    00000064     drivers_cc32xx.a : PowerCC32XX.oem4 (.text:PowerCC32XX_setParkState)
                  20010814    00000064     gpiointerrupt.obj (.text:mainThread)
                  20010878    00000062     drivers_cc32xx.a : UARTCC32XX.oem4 (.text:UARTCC32XX_writePolling)
                  200108da    00000002     nortos_cc32xx.a : SemaphoreP_nortos.oem4 (.text:clkFxn)
                  200108dc    00000060     driverlib.a : prcm.obj (.text:PRCMSysResetCauseGet)
                  2001093c    0000005c     drivers_cc32xx.a : GPIOCC32XX.oem4 (.text:GPIO_setCallback)
                  20010998    0000005c     rtsv7M4_T_le_eabi.lib : s_frexp.c.obj (.text:frexp)
                  200109f4    0000005c     nortos_cc32xx.a : ClockPSysTick_nortos.oem4 (.text:sysTickInit)
                  20010a50    00000058     drivers_cc32xx.a : GPIOCC32XX.oem4 (.text:GPIO_write)
                  20010aa8    00000058     driverlib.a : prcm.obj (.text:PRCMPeripheralReset)
                  20010b00    00000058     drivers_cc32xx.a : PowerCC32XX.oem4 (.text:Power_releaseDependency)
                  20010b58    00000056     rtsv7M4_T_le_eabi.lib : _printfi.c.obj (.text:_pconv_f)
                  20010bae    00000054                           : _ltoa.c.obj (.text:__TI_ltoa)
                  20010c02    00000002     nortos_cc32xx.a : startup_cc32xx_ccs.oem4 (.text:defaultHandler)
                  20010c04    00000054     gpiointerrupt.obj (.text:initTimer1000)
                  20010c58    00000054     gpiointerrupt.obj (.text:initTimer200)
                  20010cac    00000054     gpiointerrupt.obj (.text:initTimer500)
                  20010d00    00000054     drivers_cc32xx.a : UARTCC32XX.oem4 (.text:ringBufGet)
                  20010d54    00000052                      : PowerCC32XX_asm.oem4 (.text:PowerCC32XX_resumeLPDS)
                  20010da6    00000052     rtsv7M4_T_le_eabi.lib : _printfi.c.obj (.text:_ecpy)
                  20010df8    00000052     drivers_cc32xx.a : TimerCC32XX.oem4 (.text:initHw)
                  20010e4a    00000002     nortos_cc32xx.a : startup_cc32xx_ccs.oem4 (.text:faultISR)
                  20010e4c    00000050                     : ClockPSysTick_nortos.oem4 (.text:ClockP_sysTickHandler)
                  20010e9c    00000050                     : SemaphoreP_nortos.oem4 (.text:SemaphoreP_construct)
                  20010eec    00000050     drivers_cc32xx.a : TimerCC32XX.oem4 (.text:TimerCC32XX_allocateTimerResource)
                  20010f3c    0000004c                      : GPIOCC32XX.oem4 (.text:GPIO_enableInt)
                  20010f88    0000004c                      : I2CCC32XX.oem4 (.text:I2CCC32XX_readRecieveFifo)
                  20010fd4    0000004c                      : PowerCC32XX.oem4 (.text:PowerCC32XX_parkPin)
                  20011020    0000004c     rtsv7M4_T_le_eabi.lib : atoi.c.obj (.text:atoi)
                  2001106c    0000004c     drivers_cc32xx.a : PowerCC32XX.oem4 (.text:restorePeriphClocks)
                  200110b8    0000004c     rtsv7M4_T_le_eabi.lib : snprintf.c.obj (.text:snprintf)
                  20011104    00000048     driverlib.a : flash.obj (.text:FlashDisable)
                  2001114c    00000048                 : prcm.obj (.text:PRCMLPDSEnter)
                  20011194    00000048                 : prcm.obj (.text:PRCMPeripheralClkEnable)
                  200111dc    00000048     drivers_cc32xx.a : PowerCC32XX.oem4 (.text:Power_releaseConstraint)
                  20011224    00000048     rtsv7M4_T_le_eabi.lib : fd_toi_t2.asm.obj (.text)
                  2001126c    00000046     drivers_cc32xx.a : RingBuf.oem4 (.text:RingBuf_put)
                  200112b2    00000046                      : TimerCC32XX.oem4 (.text:getPrescaler)
                  200112f8    00000044     nortos_cc32xx.a : ClockPSysTick_nortos.oem4 (.text:ClockP_stop)
                  2001133c    00000044     driverlib.a : prcm.obj (.text:PRCMLPDSRestoreInfoSet)
                  20011380    00000044     drivers_cc32xx.a : PowerCC32XX_asm.oem4 (.text:PowerCC32XX_enterLPDS)
                  200113c4    00000044     nortos_cc32xx.a : SemaphoreP_nortos.oem4 (.text:SemaphoreP_post)
                  20011408    00000044                     : SwiP_nortos.oem4 (.text:SwiP_restore)
                  2001144c    00000044     drivers_cc32xx.a : Timer.oem4 (.text:Timer_start)
                  20011490    00000044                      : UART.oem4 (.text:UART_init)
                  200114d4    00000044     rtsv7M4_T_le_eabi.lib : autoinit.c.obj (.text:__TI_auto_init_nobinit_nopinit:__TI_auto_init_nobinit_nopinit)
                  20011518    00000044     gpiointerrupt.obj (.text:initUART)
                  2001155c    00000040     nortos_cc32xx.a : ClockPSysTick_nortos.oem4 (.text:ClockP_construct)
                  2001159c    00000040     driverlib.a : pin.obj (.text:PinModeSet)
                  200115dc    00000040     drivers_cc32xx.a : RingBuf.oem4 (.text:RingBuf_get)
                  2001161c    00000040                      : TimerCC32XX.oem4 (.text:TimerSupport_timerEnable)
                  2001165c    00000040                      : TimerCC32XX.oem4 (.text:Timer_close)
                  2001169c    00000040                      : UARTCC32XX.oem4 (.text:UARTCC32XX_read)
                  200116dc    00000040                      : UART.oem4 (.text:UART_open)
                  2001171c    0000003e     rtsv7M4_T_le_eabi.lib : _printfi.c.obj (.text:_fcpy)
                  2001175a    00000002     nortos_cc32xx.a : startup_cc32xx_ccs.oem4 (.text:nmiISR)
                  2001175c    0000003c                     : ClockPSysTick_nortos.oem4 (.text:ClockP_destruct)
                  20011798    0000003c     drivers_cc32xx.a : PowerCC32XX.oem4 (.text:Power_setConstraint)
                  200117d4    0000003a     nortos_cc32xx.a : PowerCC32XX_nortos.oem4 (.text:getCountsRTC)
                  2001180e    00000002     rtsv7M4_T_le_eabi.lib : div0.asm.obj (.text)
                  20011810    00000038     driverlib.a : prcm.obj (.text:PRCMLPDSEnterKeepDebugIf)
                  20011848    00000038     nortos_cc32xx.a : ClockPSysTick_nortos.oem4 (.text:addToList)
                  20011880    00000038                     : startup_cc32xx_ccs.oem4 (.text:initVectors)
                  200118b8    00000038     drivers_cc32xx.a : PowerCC32XX.oem4 (.text:notify)
                  200118f0    00000038     rtsv7M4_T_le_eabi.lib : fs_toi_t2.asm.obj (.text)
                  20011928    00000038                           : i_tofs_t2.asm.obj (.text)
                  20011960    00000036     driverlib.a : timer.obj (.text:TimerControlStall)
                  20011996    00000036     drivers_cc32xx.a : Timer.oem4 (.text:Timer_stop)
                  200119cc    00000036                      : UARTCC32XX.oem4 (.text:UARTCC32XX_readCancel)
                  20011a02    00000002     --HOLE-- [fill = 0]
                  20011a04    00000034     nortos_cc32xx.a : ClockPSysTick_nortos.oem4 (.text:ClockP_getTicksUntilInterrupt)
                  20011a38    00000034                     : ClockPSysTick_nortos.oem4 (.text:ClockP_startup)
                  20011a6c    00000034     driverlib.a : pin.obj (.text:PinModeGet)
                  20011aa0    00000034     drivers_cc32xx.a : PowerCC32XX.oem4 (.text:PowerCC32XX_restoreParkState)
                  20011ad4    00000034                      : TimerCC32XX.oem4 (.text:TimerCC32XX_freeTimerResource)
                  20011b08    00000034                      : TimerCC32XX.oem4 (.text:TimerCC32XX_hwiIntFunction)
                  20011b3c    00000034                      : TimerCC32XX.oem4 (.text:getPowerMgrId)
                  20011b70    00000030     nortos_cc32xx.a : ClockPSysTick_nortos.oem4 (.text:ClockP_start)
                  20011ba0    00000030     drivers_cc32xx.a : PowerCC32XX.oem4 (.text:PowerCC32XX_restoreParkedPin)
                  20011bd0    00000030     rtsv7M4_T_le_eabi.lib : snprintf.c.obj (.text:_outs)
                  20011c00    0000002e                           : i_tofd_t2.asm.obj (.text)
                  20011c2e    00000002     --HOLE-- [fill = 0]
                  20011c30    0000002c     drivers_cc32xx.a : PowerCC32XX.oem4 (.text:PowerCC32XX_getParkState)
                  20011c5c    0000002a     nortos_cc32xx.a : HwiPCC32XX_nortos.oem4 (.text:HwiP_create)
                  20011c86    0000002a     driverlib.a : timer.obj (.text:TimerLoadSet)
                  20011cb0    0000002a                 : timer.obj (.text:TimerPrescaleSet)
                  20011cda    00000028                 : i2c.obj (.text:I2CFIFODataPutNonBlocking)
                  20011d02    00000002     --HOLE-- [fill = 0]
                  20011d04    00000028                 : prcm.obj (.text:PRCMPeripheralClkDisable)
                  20011d2c    00000028     drivers_cc32xx.a : PowerCC32XX.oem4 (.text:Power_registerNotify)
                  20011d54    00000028     rtsv7M4_T_le_eabi.lib : memory.c.obj (.text:free_list_insert)
                  20011d7c    00000026     driverlib.a : i2c.obj (.text:I2CFIFODataGetNonBlocking)
                  20011da2    00000026     drivers_cc32xx.a : I2C.oem4 (.text:I2C_cancel)
                  20011dc8    00000026                      : List.oem4 (.text:List_put)
                  20011dee    00000026                      : List.oem4 (.text:List_remove)
                  20011e14    00000024     nortos_cc32xx.a : HwiPCC32XX_nortos.oem4 (.text:HwiP_dispatch)
                  20011e38    00000024     drivers_cc32xx.a : PowerCC32XX.oem4 (.text:PowerCC32XX_reset)
                  20011e5c    00000024                      : TimerCC32XX.oem4 (.text:TimerSupport_timerDisable)
                  20011e80    00000024     rtsv7M4_T_le_eabi.lib : boot_cortex_m.c.obj (.text:_c_int00_noargs:_c_int00_noargs)
                  20011ea4    00000024     gpiointerrupt.obj (.text:timerCallback1000)
                  20011ec8    00000022     driverlib.a : i2c.obj (.text:I2CMasterSlaveAddrSet)
                  20011eea    00000020     nortos_cc32xx.a : HwiPCC32XX_nortos.oem4 (.text:HwiP_destruct)
                  20011f0a    00000002     --HOLE-- [fill = 0]
                  20011f0c    00000020     drivers_cc32xx.a : PowerCC32XX.oem4 (.text:Power_unregisterNotify)
                  20011f2c    00000020                      : RingBuf.oem4 (.text:RingBuf_peek)
                  20011f4c    00000020                      : UARTCC32XX.oem4 (.text:getPowerMgrId)
                  20011f6c    0000001e     driverlib.a : i2c.obj (.text:I2CMasterIntStatusEx)
                  20011f8a    0000001e     nortos_cc32xx.a : SemaphoreP_nortos.oem4 (.text:SemaphoreP_constructBinary)
                  20011fa8    0000001e     driverlib.a : timer.obj (.text:TimerDisable)
                  20011fc6    0000001e                 : timer.obj (.text:TimerEnable)
                  20011fe4    0000001c                 : pin.obj (.text:PinToPadGet)
                  20012000    0000001c     nortos_cc32xx.a : SwiP_nortos.oem4 (.text:SwiP_disable)
                  2001201c    0000001c     rtsv7M4_T_le_eabi.lib : memory.c.obj (.text:free_list_remove)
                  20012038    0000001c                           : memccpy.c.obj (.text:memccpy)
                  20012054    0000001a     nortos_cc32xx.a : ClockPSysTick_nortos.oem4 (.text:ClockP_create)
                  2001206e    0000001a                     : SemaphoreP_nortos.oem4 (.text:SemaphoreP_createBinary)
                  20012088    0000001a                     : startup_cc32xx_ccs.oem4 (.text:resetISR)
                  200120a2    00000018     driverlib.a : i2c.obj (.text:I2CMasterBusBusy)
                  200120ba    00000018                 : i2c.obj (.text:I2CMasterIntDisableEx)
                  200120d2    00000018                 : i2c.obj (.text:I2CMasterIntEnableEx)
                  200120ea    00000018                 : i2c.obj (.text:I2CRxFIFOFlush)
                  20012102    00000018                 : i2c.obj (.text:I2CTxFIFOFlush)
                  2001211a    00000002     --HOLE-- [fill = 0]
                  2001211c    00000018     drivers_cc32xx.a : PowerCC32XX.oem4 (.text:Power_getTransitionLatency)
                  20012134    00000018                      : PowerCC32XX.oem4 (.text:Power_idleFunc)
                  2001214c    00000018     driverlib.a : timer.obj (.text:TimerIntDisable)
                  20012164    00000018                 : timer.obj (.text:TimerIntEnable)
                  2001217c    00000018                 : uart.obj (.text:UARTBusy)
                  20012194    00000018                 : uart.obj (.text:UARTIntEnable)
                  200121ac    00000018     drivers_cc32xx.a : UART.oem4 (.text:UART_Params_init)
                  200121c4    00000018     rtsv7M4_T_le_eabi.lib : snprintf.c.obj (.text:_outc)
                  200121dc    00000018     gpiointerrupt.obj (.text:gpioButtonFxn0)
                  200121f4    00000018     gpiointerrupt.obj (.text:gpioButtonFxn1)
                  2001220c    00000018     rtsv7M4_T_le_eabi.lib : ll_mul_t2.asm.obj (.text)
                  20012224    00000018     gpiointerrupt.obj (.text:timerCallback200)
                  2001223c    00000018     gpiointerrupt.obj (.text:timerCallback500)
                  20012254    00000016     driverlib.a : i2c.obj (.text:I2CMasterBurstLengthSet)
                  2001226a    00000016                 : prcm.obj (.text:PRCMHIBRegRead)
                  20012280    00000016                 : prcm.obj (.text:PRCMHIBRegWrite)
                  20012296    00000016     nortos_cc32xx.a : SemaphoreP_nortos.oem4 (.text:SemaphoreP_create)
                  200122ac    00000016     rtsv7M4_T_le_eabi.lib : strchr.c.obj (.text:strchr)
                  200122c2    00000014     driverlib.a : cpu.obj (.text:CPUcpsid)
                  200122d6    00000002     --HOLE-- [fill = 0]
                  200122d8    00000014     nortos_cc32xx.a : HwiPCC32XX_nortos.oem4 (.text:HwiP_inISR)
                  200122ec    00000014     drivers_cc32xx.a : I2CCC32XX.oem4 (.text:I2CSupport_masterFinish)
                  20012300    00000014                      : I2C.oem4 (.text:I2C_transfer)
                  20012314    00000014     driverlib.a : interrupt.obj (.text:IntVTableBaseSet)
                  20012328    00000014     drivers_cc32xx.a : PowerCC32XX.oem4 (.text:Power_disablePolicy)
                  2001233c    00000014                      : PowerCC32XX.oem4 (.text:Power_getDependencyCount)
                  20012350    00000014                      : UARTCC32XX.oem4 (.text:releasePowerConstraint)
                  20012364    00000014     rtsv7M4_T_le_eabi.lib : strlen.c.obj (.text:strlen)
                  20012378    00000012     nortos_cc32xx.a : HwiPCC32XX_nortos.oem4 (.text:HwiP_Params_init)
                  2001238a    00000012     driverlib.a : i2c.obj (.text:I2CMasterIntClearEx)
                  2001239c    00000012     drivers_cc32xx.a : RingBuf.oem4 (.text:RingBuf_construct)
                  200123ae    00000012     driverlib.a : timer.obj (.text:TimerIntClear)
                  200123c0    00000012     main_nortos.obj (.text:main)
                  200123d2    00000012     rtsv7M4_T_le_eabi.lib : wcslen.c.obj (.text:wcslen)
                  200123e4    00000010     ti_drivers_config.obj (.text:Board_init)
                  200123f4    00000010     nortos_cc32xx.a : ClockPSysTick_nortos.oem4 (.text:ClockP_add)
                  20012404    00000010                     : ClockPSysTick_nortos.oem4 (.text:ClockP_delete)
                  20012414    00000010                     : ClockPSysTick_nortos.oem4 (.text:ClockP_getCpuFreq)
                  20012424    00000010                     : ClockPSysTick_nortos.oem4 (.text:ClockP_getSystemTicks)
                  20012434    00000010                     : ClockPSysTick_nortos.oem4 (.text:ClockP_setTicks)
                  20012444    00000010                     : HwiPCC32XX_nortos.oem4 (.text:HwiP_delete)
                  20012454    00000010                     : HwiPCC32XX_nortos.oem4 (.text:HwiP_restore)
                  20012464    00000010     driverlib.a : i2c.obj (.text:I2CFIFOStatus)
                  20012474    00000010     drivers_cc32xx.a : I2C.oem4 (.text:I2C_Params_init)
                  20012484    00000010                      : PowerCC32XX.oem4 (.text:Power_enablePolicy)
                  20012494    00000010     nortos_cc32xx.a : SemaphoreP_nortos.oem4 (.text:SemaphoreP_Params_init)
                  200124a4    00000010     drivers_cc32xx.a : Timer.oem4 (.text:Timer_Params_init)
                  200124b4    00000010                      : UARTCC32XX.oem4 (.text:readBlockingTimeout)
                  200124c4    0000000e     nortos_cc32xx.a : HwiPCC32XX_nortos.oem4 (.text:HwiP_clearInterrupt)
                  200124d2    0000000e                     : HwiPCC32XX_nortos.oem4 (.text:HwiP_disable)
                  200124e0    0000000e                     : HwiPCC32XX_nortos.oem4 (.text:HwiP_disableInterrupt)
                  200124ee    0000000e                     : HwiPCC32XX_nortos.oem4 (.text:HwiP_enable)
                  200124fc    0000000e                     : HwiPCC32XX_nortos.oem4 (.text:HwiP_enableInterrupt)
                  2001250a    0000000e     drivers_cc32xx.a : I2CCC32XX.oem4 (.text:I2CCC32XX_updateReg)
                  20012518    0000000e                      : RingBuf.oem4 (.text:RingBuf_isFull)
                  20012526    0000000e     rtsv7M4_T_le_eabi.lib : copy_decompress_none.c.obj (.text:decompress:none:__TI_decompress_none)
                  20012534    0000000c     drivers_cc32xx.a : I2CCC32XX.oem4 (.text:I2CCC32XX_postNotify)
                  20012540    0000000c                      : PowerCC32XX.oem4 (.text:Power_getConstraintMask)
                  2001254c    0000000c     rtsv7M4_T_le_eabi.lib : s_copysign.c.obj (.text:copysign)
                  20012558    0000000c                           : copy_zero_init.c.obj (.text:decompress:ZI:__TI_zero_init)
                  20012564    0000000c     drivers_cc32xx.a : TimerCC32XX.oem4 (.text:postNotifyFxn)
                  20012570    0000000c                      : UARTCC32XX.oem4 (.text:postNotifyFxn)
                  2001257c    0000000a     nortos_cc32xx.a : ClockPSysTick_nortos.oem4 (.text:ClockP_Params_init)
                  20012586    0000000a                     : ClockPSysTick_nortos.oem4 (.text:ClockP_isActive)
                  20012590    0000000a     driverlib.a : interrupt.obj (.text:IntMasterDisable)
                  2001259a    0000000a     drivers_cc32xx.a : UART.oem4 (.text:UART_write)
                  200125a4    00000008                      : I2CCC32XX.oem4 (.text:I2CCC32XX_blockingCallback)
                  200125ac    00000008     rtsv7M4_T_le_eabi.lib : errno.c.obj (.text:__aeabi_errno_addr)
                  200125b4    00000008                           : memory.c.obj (.text:malloc)
                  200125bc    00000008     drivers_cc32xx.a : UARTCC32XX.oem4 (.text:readSemCallback)
                  200125c4    00000008                      : UARTCC32XX.oem4 (.text:writeSemCallback)
                  200125cc    00000006                      : I2CCC32XX.oem4 (.text:I2CSupport_powerRelConstraint)
                  200125d2    00000006                      : I2CCC32XX.oem4 (.text:I2CSupport_powerSetConstraint)
                  200125d8    00000006     driverlib.a : utils.obj (.text:UtilsDelay)
                  200125de    00000004     nortos_cc32xx.a : ClockPSysTick_nortos.oem4 (.text:ClockP_setTimeout)
                  200125e2    00000004                     : HwiPCC32XX_nortos.oem4 (.text:HwiP_post)
                  200125e6    00000004                     : SemaphoreP_nortos.oem4 (.text:SemaphoreP_delete)
                  200125ea    00000004     rtsv7M4_T_le_eabi.lib : pre_init.c.obj (.text:_system_pre_init)
                  200125ee    00000004                           : exit.c.obj (.text:abort:abort)

.const     0    200130f8    00000532     
                  200130f8    00000101     rtsv7M4_T_le_eabi.lib : ctype.c.obj (.const:.string:_ctypes_)
                  200131f9    00000003     --HOLE-- [fill = 0]
                  200131fc    00000100     driverlib.a : pin.obj (.const:g_ulPinToPadMap)
                  200132fc    000000a8                 : prcm.obj (.const:PRCM_PeriphRegsList)
                  200133a4    00000044     ti_drivers_config.obj (.const:PowerCC32XX_config)
                  200133e8    00000030     ti_drivers_config.obj (.const:timerCC32XXHWAttrs)
                  20013418    00000028     drivers_cc32xx.a : UARTCC32XX.oem4 (.const:UARTCC32XX_fxnTable)
                  20013440    00000024                      : UART.oem4 (.const:UART_defaultParams)
                  20013464    00000024     ti_drivers_config.obj (.const:uartCC32XXHWAttrs0)
                  20013488    00000021     drivers_cc32xx.a : GPIOCC32XX.oem4 (.const:.string:pinTable)
                  200134a9    00000003     --HOLE-- [fill = 0]
                  200134ac    00000020                      : UARTCC32XX.oem4 (.const:staticFxnTable)
                  200134cc    00000018     ti_drivers_config.obj (.const:Timer_config)
                  200134e4    00000018     driverlib.a : interrupt.obj (.const:g_pulEnRegs)
                  200134fc    00000018                 : interrupt.obj (.const:g_pulPendRegs)
                  20013514    00000018     gpiointerrupt.obj (.const:sensors)
                  2001352c    00000014     ti_drivers_config.obj (.const:GPIOCC32XX_config)
                  20013540    00000014     drivers_cc32xx.a : GPIOCC32XX.oem4 (.const:gpioBaseAddresses)
                  20013554    00000014     ti_drivers_config.obj (.const:i2cCC32XXHWAttrs)
                  20013568    00000014     drivers_cc32xx.a : UARTCC32XX.oem4 (.const:parityType)
                  2001357c    00000014                      : GPIOCC32XX.oem4 (.const:powerResources)
                  20013590    00000010                      : I2C.oem4 (.const:I2C_defaultParams)
                  200135a0    00000010                      : I2CCC32XX.oem4 (.const:I2C_defaultParams)
                  200135b0    00000010                      : UARTCC32XX.oem4 (.const:dataLength)
                  200135c0    0000000c     gpiointerrupt.obj (.const:.string)
                  200135cc    0000000c     ti_drivers_config.obj (.const:UART_config)
                  200135d8    0000000c     drivers_cc32xx.a : Timer.oem4 (.const:defaultParams)
                  200135e4    0000000c                      : TimerCC32XX.oem4 (.const:defaultParams)
                  200135f0    0000000b     ti_drivers_config.obj (.const)
                  200135fb    00000001     --HOLE-- [fill = 0]
                  200135fc    00000008     ti_drivers_config.obj (.const:I2C_config)
                  20013604    00000008     drivers_cc32xx.a : GPIOCC32XX.oem4 (.const:outPinTypes)
                  2001360c    00000008                      : UARTCC32XX.oem4 (.const:stopBits)
                  20013614    00000006                      : GPIOCC32XX.oem4 (.const:.string:interruptType)
                  2001361a    00000006                      : GPIOCC32XX.oem4 (.const:inPinTypes)
                  20013620    00000006                      : GPIOCC32XX.oem4 (.const:outPinStrengths)
                  20013626    00000004                      : GPIOCC32XX.oem4 (.const:.string:portInterruptIds)

.cinit     0    20013630    000000f8     
                  20013630    000000cf     (.cinit..data.load) [load image, compression = lzss]
                  200136ff    00000001     --HOLE-- [fill = 0]
                  20013700    0000000c     (__TI_handler_table)
                  2001370c    00000004     --HOLE-- [fill = 0]
                  20013710    00000008     (.cinit..bss.load) [load image, compression = zero_init]
                  20013718    00000010     (__TI_cinit_table)

.init_array 
*          0    20004000    00000000     UNINITIALIZED

.ramVecs   0    20000000    0000030c     NOLOAD SECTION
                  20000000    0000030c     nortos_cc32xx.a : startup_cc32xx_ccs.oem4 (.ramVecs)

.stack     0    20003000    00001000     UNINITIALIZED
                  20003000    00000004     rtsv7M4_T_le_eabi.lib : boot_cortex_m.c.obj (.stack)
                  20003004    00000ffc     --HOLE--

.resetVecs 
*          0    20004000    00000040     
                  20004000    00000040     nortos_cc32xx.a : startup_cc32xx_ccs.oem4 (.resetVecs:retain)

.sysmem    0    20004040    00008000     UNINITIALIZED
                  20004040    00000010     rtsv7M4_T_le_eabi.lib : memory.c.obj (.sysmem)
                  20004050    00007ff0     --HOLE--

.data      0    200125f4    000005d4     UNINITIALIZED
                  200125f4    0000030c     nortos_cc32xx.a : HwiPCC32XX_nortos.oem4 (.data:HwiP_dispatchTable)
                  20012900    0000016c     drivers_cc32xx.a : PowerCC32XX.oem4 (.data:PowerCC32XX_module)
                  20012a6c    000000f8     ti_drivers_config.obj (.data:parkInfo)
                  20012b64    00000014     gpiointerrupt.obj (.data)
                  20012b78    0000000c     ti_drivers_config.obj (.data:gpioCallbackFunctions)
                  20012b84    0000000c     ti_drivers_config.obj (.data:gpioPinConfigs)
                  20012b90    00000009     drivers_cc32xx.a : GPIOCC32XX.oem4 (.data)
                  20012b99    00000003     nortos_cc32xx.a : SemaphoreP_nortos.oem4 (.data)
                  20012b9c    00000008     rtsv7M4_T_le_eabi.lib : _lock.c.obj (.data:$O1$$)
                  20012ba4    00000008                           : memory.c.obj (.data:$O1$$)
                  20012bac    00000008     nortos_cc32xx.a : SemaphoreP_nortos.oem4 (.data:SemaphoreP_defaultParams)
                  20012bb4    00000008                     : HwiPCC32XX_nortos.oem4 (.data)
                  20012bbc    00000005                     : ClockPSysTick_nortos.oem4 (.data)
                  20012bc1    00000001     drivers_cc32xx.a : UART.oem4 (.data)
                  20012bc2    00000002     --HOLE--
                  20012bc4    00000004     rtsv7M4_T_le_eabi.lib : errno.c.obj (.data)

.bss       0    20012bc8    00000530     UNINITIALIZED
                  20012bc8    0000018c     (.common:timerCC32XXObjects)
                  20012d54    0000012c     (.common:PowerCC32XX_contextSave)
                  20012e80    000000fc     (.common:i2cCC32XXObjects)
                  20012f7c    00000084     (.common:uartCC32XXObjects0)
                  20013000    00000040     (.common:output)
                  20013040    00000020     drivers_cc32xx.a : GPIOCC32XX.oem4 (.bss:gpioCallbackInfo)
                  20013060    00000020     ti_drivers_config.obj (.bss:uartCC32XXRingBuffer0)
                  20013080    00000020     (.common:i2cTransaction)
                  200130a0    00000014     drivers_cc32xx.a : GPIOCC32XX.oem4 (.bss:powerNotifyObj)
                  200130b4    00000004                      : GPIOCC32XX.oem4 (.bss)
                  200130b8    00000010     (.common:ClockP_ctrl)
                  200130c8    0000000d     nortos_cc32xx.a : SwiP_nortos.oem4 (.bss)
                  200130d5    00000001     (.common:State)
                  200130d6    00000002     --HOLE--
                  200130d8    00000004                     : ClockPSysTick_nortos.oem4 (.bss)
                  200130dc    00000004     drivers_cc32xx.a : TimerCC32XX.oem4 (.bss:timerState)
                  200130e0    00000004     (.common:i2c)
                  200130e4    00000004     (.common:rxBuffer)
                  200130e8    00000004     (.common:temp)
                  200130ec    00000004     (.common:timer0)
                  200130f0    00000004     (.common:txBuffer)
                  200130f4    00000004     (.common:uart)

.log_data 
*          0    90000000    00000000     COPY SECTION

__llvm_prf_cnts 
*          0    20004000    00000000     UNINITIALIZED

MODULE SUMMARY

       Module                       code    ro data   rw data
       ------                       ----    -------   -------
    .\
       gpiointerrupt.obj            1804    36        141    
       main_nortos.obj              18      0         0      
    +--+----------------------------+-------+---------+---------+
       Total:                       1822    36        141    
                                                             
    .\syscfg\
       ti_drivers_config.obj        18      247       1084   
    +--+----------------------------+-------+---------+---------+
       Total:                       18      247       1084   
                                                             
    C:/ti/simplelink_cc32xx_sdk_5_20_00_06/kernel/nortos/lib/ccs/m4/nortos_cc32xx.a
       HwiPCC32XX_nortos.oem4       394     0         788    
       startup_cc32xx_ccs.oem4      90      64        780    
       ClockPSysTick_nortos.oem4    702     0         25     
       PowerCC32XX_nortos.oem4      472     0         0      
       SemaphoreP_nortos.oem4       410     0         11     
       SwiP_nortos.oem4             96      0         13     
    +--+----------------------------+-------+---------+---------+
       Total:                       2164    64        1617   
                                                             
    C:/ti/simplelink_cc32xx_sdk_5_20_00_06/source/ti/devices/cc32xx/driverlib/ccs/Release/driverlib.a
       prcm.obj                     1604    168       0      
       pin.obj                      280     256       0      
       interrupt.obj                334     48        0      
       i2c.obj                      318     0         0      
       timer.obj                    264     0         0      
       flash.obj                    72      0         0      
       uart.obj                     48      0         0      
       cpu.obj                      20      0         0      
       utils.obj                    6       0         0      
    +--+----------------------------+-------+---------+---------+
       Total:                       2946    472       0      
                                                             
    C:/ti/simplelink_cc32xx_sdk_5_20_00_06/source/ti/drivers/lib/ccs/m4/drivers_cc32xx.a
       UARTCC32XX.oem4              3466    116       0      
       PowerCC32XX.oem4             2432    0         664    
       I2CCC32XX.oem4               1452    16        0      
       GPIOCC32XX.oem4              1208    103       65     
       TimerCC32XX.oem4             876     12        4      
       I2C.oem4                     366     16        0      
       UART.oem4                    166     36        1      
       RingBuf.oem4                 198     0         0      
       Timer.oem4                   140     12        0      
       PowerCC32XX_asm.oem4         150     0         0      
       List.oem4                    76      0         0      
    +--+----------------------------+-------+---------+---------+
       Total:                       10530   311       734    
                                                             
    C:\ti\ccs1040\ccs\tools\compiler\ti-cgt-arm_20.2.5.LTS\lib\rtsv7M4_T_le_eabi.lib
       _printfi.c.obj               4835    0         0      
       memory.c.obj                 672     0         8      
       fd_add_t2.asm.obj            438     0         0      
       fd_div_t2.asm.obj            310     0         0      
       fd_cmp_t2.asm.obj            268     0         0      
       ctype.c.obj                  0       257       0      
       fd_mul_t2.asm.obj            252     0         0      
       s_scalbn.c.obj               208     0         0      
       memcpy_t2.asm.obj            156     0         0      
       ull_div_t2.asm.obj           150     0         0      
       snprintf.c.obj               148     0         0      
       fs_mul_t2.asm.obj            122     0         0      
       memset_t2.asm.obj            122     0         0      
       copy_decompress_lzss.c.obj   104     0         0      
       s_frexp.c.obj                92      0         0      
       _ltoa.c.obj                  84      0         0      
       atoi.c.obj                   76      0         0      
       fd_toi_t2.asm.obj            72      0         0      
       autoinit.c.obj               68      0         0      
       fs_toi_t2.asm.obj            56      0         0      
       i_tofs_t2.asm.obj            56      0         0      
       i_tofd_t2.asm.obj            46      0         0      
       boot_cortex_m.c.obj          36      0         0      
       memccpy.c.obj                28      0         0      
       ll_mul_t2.asm.obj            24      0         0      
       strchr.c.obj                 22      0         0      
       strlen.c.obj                 20      0         0      
       wcslen.c.obj                 18      0         0      
       copy_decompress_none.c.obj   14      0         0      
       copy_zero_init.c.obj         12      0         0      
       errno.c.obj                  8       0         4      
       s_copysign.c.obj             12      0         0      
       _lock.c.obj                  2       0         8      
       exit.c.obj                   4       0         0      
       pre_init.c.obj               4       0         0      
       div0.asm.obj                 2       0         0      
    +--+----------------------------+-------+---------+---------+
       Total:                       8541    257       20     
                                                             
       Heap:                        0       0         32768  
       Stack:                       0       0         4096   
       Linker Generated:            0       243       0      
    +--+----------------------------+-------+---------+---------+
       Grand Total:                 26021   1630      40460  


LINKER GENERATED COPY TABLES

__TI_cinit_table @ 20013718 records: 2, size/record: 8, table size: 16
	.data: load addr=20013630, load size=000000cf bytes, run addr=200125f4, run size=000005d4 bytes, compression=lzss
	.bss: load addr=20013710, load size=00000008 bytes, run addr=20012bc8, run size=00000530 bytes, compression=zero_init


LINKER GENERATED HANDLER TABLE

__TI_handler_table @ 20013700 records: 3, size/record: 4, table size: 12
	index: 0, handler: __TI_decompress_lzss
	index: 1, handler: __TI_decompress_none
	index: 2, handler: __TI_zero_init


GLOBAL SYMBOLS: SORTED ALPHABETICALLY BY Name 

address   name                             
-------   ----                             
200123e5  Board_init                       
2000ca8f  Board_initHook                   
200125ef  C$$EXIT                          
200135f0  CONFIG_GPIO_BUTTON_0_CONST       
200135f1  CONFIG_GPIO_BUTTON_1_CONST       
200135f2  CONFIG_GPIO_LED_0_CONST          
200135f3  CONFIG_I2C_0_CONST               
200135f5  CONFIG_TIMER_0_CONST             
200135f6  CONFIG_TIMER_1_CONST             
200135f7  CONFIG_TIMER_2_CONST             
200135f9  CONFIG_UART_0_CONST              
200122c3  CPUcpsid                         
2001257d  ClockP_Params_init               
200123f5  ClockP_add                       
2001155d  ClockP_construct                 
20012055  ClockP_create                    
200130b8  ClockP_ctrl                      
20012405  ClockP_delete                    
2001175d  ClockP_destruct                  
20010e4d  ClockP_doTick                    
20012415  ClockP_getCpuFreq                
20012425  ClockP_getSystemTicks            
20011a05  ClockP_getTicksUntilInterrupt    
20012587  ClockP_isActive                  
20012435  ClockP_setTicks                  
200125df  ClockP_setTimeout                
20011b71  ClockP_start                     
20011a39  ClockP_startup                   
200112f9  ClockP_stop                      
20010e4d  ClockP_sysTickHandler            
20012bbc  ClockP_tickPeriod                
20011105  FlashDisable                     
2001352c  GPIOCC32XX_config                
20010f3d  GPIO_enableInt                   
20010435  GPIO_hwiIntFxn                   
2000f0d5  GPIO_init                        
2001093d  GPIO_setCallback                 
2000d5fd  GPIO_setConfig                   
20010a51  GPIO_write                       
20012379  HwiP_Params_init                 
200124c5  HwiP_clearInterrupt              
2000fe19  HwiP_construct                   
20011c5d  HwiP_create                      
20012445  HwiP_delete                      
20011eeb  HwiP_destruct                    
200124d3  HwiP_disable                     
200124e1  HwiP_disableInterrupt            
20011e15  HwiP_dispatch                    
200124ef  HwiP_enable                      
200124fd  HwiP_enableInterrupt             
200122d9  HwiP_inISR                       
20012bb4  HwiP_key                         
200125e3  HwiP_post                        
20012455  HwiP_restore                     
20012bb8  HwiP_swiPIntNum                  
20011d7d  I2CFIFODataGetNonBlocking        
20011cdb  I2CFIFODataPutNonBlocking        
20012465  I2CFIFOStatus                    
20012255  I2CMasterBurstLengthSet          
200120a3  I2CMasterBusBusy                 
2001238b  I2CMasterIntClearEx              
200120bb  I2CMasterIntDisableEx            
200120d3  I2CMasterIntEnableEx             
20011f6d  I2CMasterIntStatusEx             
20011ec9  I2CMasterSlaveAddrSet            
200120eb  I2CRxFIFOFlush                   
200122ed  I2CSupport_masterFinish          
200125cd  I2CSupport_powerRelConstraint    
200125d3  I2CSupport_powerSetConstraint    
20010677  I2CSupport_primeTransfer         
20012103  I2CTxFIFOFlush                   
20012475  I2C_Params_init                  
20011da3  I2C_cancel                       
200135fc  I2C_config                       
200135f4  I2C_count                        
20013590  I2C_defaultParams                
2000db63  I2C_init                         
2000eb69  I2C_open                         
20012301  I2C_transfer                     
2000e5e7  I2C_transferTimeout              
UNDEFED   ITM_flush                        
UNDEFED   ITM_restore                      
2000f7ed  IntEnable                        
20012591  IntMasterDisable                 
2000fea5  IntPendSet                       
20012315  IntVTableBaseSet                 
20011dc9  List_put                         
20011def  List_remove                      
200124ef  NoRTOS_start                     
2000ca91  PRCMCC3200MCUInit                
2001226b  PRCMHIBRegRead                   
20012281  PRCMHIBRegWrite                  
2001114d  PRCMLPDSEnter                    
20011811  PRCMLPDSEnterKeepDebugIf         
2001133d  PRCMLPDSRestoreInfoSet           
20011d05  PRCMPeripheralClkDisable         
20011195  PRCMPeripheralClkEnable          
20010aa9  PRCMPeripheralReset              
200108dd  PRCMSysResetCauseGet             
2000ff2d  PinConfigSet                     
20011a6d  PinModeGet                       
2001159d  PinModeSet                       
20011fe5  PinToPadGet                      
200133a4  PowerCC32XX_config               
2000f895  PowerCC32XX_configureWakeup      
20012d54  PowerCC32XX_contextSave          
20011381  PowerCC32XX_enterLPDS            
20011c31  PowerCC32XX_getParkState         
2000ee53  PowerCC32XX_initPolicy           
20012900  PowerCC32XX_module               
20010fd5  PowerCC32XX_parkPin              
20011e39  PowerCC32XX_reset                
20011aa1  PowerCC32XX_restoreParkState     
20011ba1  PowerCC32XX_restoreParkedPin     
20010d55  PowerCC32XX_resumeLPDS           
200107b1  PowerCC32XX_setParkState         
2000db65  PowerCC32XX_sleepPolicy          
20012329  Power_disablePolicy              
20012485  Power_enablePolicy               
20012541  Power_getConstraintMask          
2001233d  Power_getDependencyCount         
2001211d  Power_getTransitionLatency       
20012135  Power_idleFunc                   
200100c1  Power_init                       
20011d2d  Power_registerNotify             
200111dd  Power_releaseConstraint          
20010b01  Power_releaseDependency          
20011799  Power_setConstraint              
200101c9  Power_setDependency              
2000e241  Power_sleep                      
20011f0d  Power_unregisterNotify           
2001239d  RingBuf_construct                
200115dd  RingBuf_get                      
20012519  RingBuf_isFull                   
20011f2d  RingBuf_peek                     
2001126d  RingBuf_put                      
20012495  SemaphoreP_Params_init           
20010e9d  SemaphoreP_construct             
20011f8b  SemaphoreP_constructBinary       
20012297  SemaphoreP_create                
2001206f  SemaphoreP_createBinary          
20012bac  SemaphoreP_defaultParams         
200125e7  SemaphoreP_delete                
2000f0d3  SemaphoreP_destruct              
2000fa81  SemaphoreP_pend                  
200113c5  SemaphoreP_post                  
200130d5  State                            
20012001  SwiP_disable                     
20011409  SwiP_restore                     
2000dd01  TaskScheduler                    
20010eed  TimerCC32XX_allocateTimerResource
20011ad5  TimerCC32XX_freeTimerResource    
20011961  TimerControlStall                
20011fa9  TimerDisable                     
20011fc7  TimerEnable                      
200123af  TimerIntClear                    
2001214d  TimerIntDisable                  
20012165  TimerIntEnable                   
20011c87  TimerLoadSet                     
20011cb1  TimerPrescaleSet                 
20011e5d  TimerSupport_timerDisable        
2001161d  TimerSupport_timerEnable         
200124a5  Timer_Params_init                
2001165d  Timer_close                      
200134cc  Timer_config                     
200135f8  Timer_count                      
2000f313  Timer_init                       
2000e379  Timer_open                       
2001144d  Timer_start                      
20011997  Timer_stop                       
2001217d  UARTBusy                         
2000e709  UARTCC32XX_close                 
2000ed61  UARTCC32XX_control               
20013418  UARTCC32XX_fxnTable              
2000fd87  UARTCC32XX_init                  
2000cebd  UARTCC32XX_open                  
2001169d  UARTCC32XX_read                  
200119cd  UARTCC32XX_readCancel            
2000f259  UARTCC32XX_readPolling           
2000f009  UARTCC32XX_write                 
20010749  UARTCC32XX_writeCancel           
20010879  UARTCC32XX_writePolling          
20012195  UARTIntEnable                    
200121ad  UART_Params_init                 
200135cc  UART_config                      
200135fa  UART_count                       
20013440  UART_defaultParams               
20011491  UART_init                        
200116dd  UART_open                        
2001259b  UART_write                       
200125d9  UtilsDelay                       
20004000  __STACK_END                      
00001000  __STACK_SIZE                     
00008000  __SYSMEM_SIZE                    
20013718  __TI_CINIT_Base                  
20013728  __TI_CINIT_Limit                 
20013700  __TI_Handler_Table_Base          
2001370c  __TI_Handler_Table_Limit         
200114d5  __TI_auto_init_nobinit_nopinit   
200106e1  __TI_decompress_lzss             
20012527  __TI_decompress_none             
20010baf  __TI_ltoa                        
ffffffff  __TI_pprof_out_hndl              
2000c041  __TI_printfi                     
ffffffff  __TI_prof_data_size              
ffffffff  __TI_prof_data_start             
20013630  __TI_static_base__               
20012559  __TI_zero_init                   
2000ffb5  __aeabi_cdcmpeq                  
2000ffb5  __aeabi_cdcmple                  
2001003b  __aeabi_cdrcmple                 
20011225  __aeabi_d2iz                     
2000d9b7  __aeabi_dadd                     
2000e4b1  __aeabi_ddiv                     
2000ec65  __aeabi_dmul                     
2000d9ad  __aeabi_dsub                     
200125ad  __aeabi_errno_addr               
200118f1  __aeabi_f2iz                     
2001033f  __aeabi_fmul                     
20011c01  __aeabi_i2d                      
20011929  __aeabi_i2f                      
2001180f  __aeabi_idiv0                    
2001180f  __aeabi_ldiv0                    
2001220d  __aeabi_lmul                     
200103b9  __aeabi_memclr                   
200103b9  __aeabi_memclr4                  
200103b9  __aeabi_memclr8                  
2000fbbd  __aeabi_memcpy                   
2000fbbd  __aeabi_memcpy4                  
2000fbbd  __aeabi_memcpy8                  
200103bb  __aeabi_memset                   
200103bb  __aeabi_memset4                  
200103bb  __aeabi_memset8                  
2000fcf1  __aeabi_uldivmod                 
ffffffff  __binit__                        
ffffffff  __c_args__                       
UNDEFED   __mpu_init                       
20003000  __stack                          
20004000  __start___llvm_prf_cnts          
20004000  __stop___llvm_prf_cnts           
20011e81  _c_int00_noargs                  
200130f8  _ctypes_                         
20012b9c  _lock                            
20010433  _nop                             
20004040  _sys_memory                      
UNDEFED   _system_post_cinit               
200125eb  _system_pre_init                 
20012ba0  _unlock                          
200125ef  abort                            
2000ea69  aligned_alloc                    
20011021  atoi                             
ffffffff  binit                            
20012b68  checkButtons                     
200108db  clkFxn                           
2001254d  copysign                         
2001254d  copysignl                        
20012b65  decreaseSetpoint                 
20012b67  displayData                      
20012bc4  errno                            
2000ee55  free                             
20010999  frexp                            
20010999  frexpl                           
200121dd  gpioButtonFxn0                   
200121f5  gpioButtonFxn1                   
20012b78  gpioCallbackFunctions            
20012b84  gpioPinConfigs                   
20012b70  heat                             
200130e0  i2c                              
20013554  i2cCC32XXHWAttrs                 
20012e80  i2cCC32XXObjects                 
20013080  i2cTransaction                   
2001361a  inPinTypes                       
20012b64  increaseSetpoint                 
2000d3ad  initI2C                          
20010c05  initTimer1000                    
20010c59  initTimer200                     
20010cad  initTimer500                     
20011519  initUART                         
20011881  initVectors                      
2000ef39  ldexp                            
2000ef39  ldexpl                           
200123c1  main                             
20010815  mainThread                       
200125b5  malloc                           
2000ea69  memalign                         
20012039  memccpy                          
2000fbbd  memcpy                           
200103c1  memset                           
20013620  outPinStrengths                  
20013604  outPinTypes                      
20013000  output                           
20012a6c  parkInfo                         
2000e949  readTemp                         
20012089  resetISR                         
2001209c  resetVectorAddr                  
20004000  resetVectors                     
200130e4  rxBuffer                         
2000ef39  scalbn                           
2000ef39  scalbnl                          
20012b74  seconds                          
20012b6c  setpoint                         
200110b9  snprintf                         
200122ad  strchr                           
20012365  strlen                           
200130e8  temp                             
200130ec  timer0                           
200133e8  timerCC32XXHWAttrs               
20012bc8  timerCC32XXObjects               
20011ea5  timerCallback1000                
20012225  timerCallback200                 
2001223d  timerCallback500                 
200130f0  txBuffer                         
200130f4  uart                             
20012f7c  uartCC32XXObjects0               
20012b66  updateTemp                       
200123d3  wcslen                           


GLOBAL SYMBOLS: SORTED BY Symbol Address 

address   name                             
-------   ----                             
00001000  __STACK_SIZE                     
00008000  __SYSMEM_SIZE                    
20003000  __stack                          
20004000  __STACK_END                      
20004000  __start___llvm_prf_cnts          
20004000  __stop___llvm_prf_cnts           
20004000  resetVectors                     
20004040  _sys_memory                      
2000c041  __TI_printfi                     
2000ca8f  Board_initHook                   
2000ca91  PRCMCC3200MCUInit                
2000cebd  UARTCC32XX_open                  
2000d3ad  initI2C                          
2000d5fd  GPIO_setConfig                   
2000d9ad  __aeabi_dsub                     
2000d9b7  __aeabi_dadd                     
2000db63  I2C_init                         
2000db65  PowerCC32XX_sleepPolicy          
2000dd01  TaskScheduler                    
2000e241  Power_sleep                      
2000e379  Timer_open                       
2000e4b1  __aeabi_ddiv                     
2000e5e7  I2C_transferTimeout              
2000e709  UARTCC32XX_close                 
2000e949  readTemp                         
2000ea69  aligned_alloc                    
2000ea69  memalign                         
2000eb69  I2C_open                         
2000ec65  __aeabi_dmul                     
2000ed61  UARTCC32XX_control               
2000ee53  PowerCC32XX_initPolicy           
2000ee55  free                             
2000ef39  ldexp                            
2000ef39  ldexpl                           
2000ef39  scalbn                           
2000ef39  scalbnl                          
2000f009  UARTCC32XX_write                 
2000f0d3  SemaphoreP_destruct              
2000f0d5  GPIO_init                        
2000f259  UARTCC32XX_readPolling           
2000f313  Timer_init                       
2000f7ed  IntEnable                        
2000f895  PowerCC32XX_configureWakeup      
2000fa81  SemaphoreP_pend                  
2000fbbd  __aeabi_memcpy                   
2000fbbd  __aeabi_memcpy4                  
2000fbbd  __aeabi_memcpy8                  
2000fbbd  memcpy                           
2000fcf1  __aeabi_uldivmod                 
2000fd87  UARTCC32XX_init                  
2000fe19  HwiP_construct                   
2000fea5  IntPendSet                       
2000ff2d  PinConfigSet                     
2000ffb5  __aeabi_cdcmpeq                  
2000ffb5  __aeabi_cdcmple                  
2001003b  __aeabi_cdrcmple                 
200100c1  Power_init                       
200101c9  Power_setDependency              
2001033f  __aeabi_fmul                     
200103b9  __aeabi_memclr                   
200103b9  __aeabi_memclr4                  
200103b9  __aeabi_memclr8                  
200103bb  __aeabi_memset                   
200103bb  __aeabi_memset4                  
200103bb  __aeabi_memset8                  
200103c1  memset                           
20010433  _nop                             
20010435  GPIO_hwiIntFxn                   
20010677  I2CSupport_primeTransfer         
200106e1  __TI_decompress_lzss             
20010749  UARTCC32XX_writeCancel           
200107b1  PowerCC32XX_setParkState         
20010815  mainThread                       
20010879  UARTCC32XX_writePolling          
200108db  clkFxn                           
200108dd  PRCMSysResetCauseGet             
2001093d  GPIO_setCallback                 
20010999  frexp                            
20010999  frexpl                           
20010a51  GPIO_write                       
20010aa9  PRCMPeripheralReset              
20010b01  Power_releaseDependency          
20010baf  __TI_ltoa                        
20010c05  initTimer1000                    
20010c59  initTimer200                     
20010cad  initTimer500                     
20010d55  PowerCC32XX_resumeLPDS           
20010e4d  ClockP_doTick                    
20010e4d  ClockP_sysTickHandler            
20010e9d  SemaphoreP_construct             
20010eed  TimerCC32XX_allocateTimerResource
20010f3d  GPIO_enableInt                   
20010fd5  PowerCC32XX_parkPin              
20011021  atoi                             
200110b9  snprintf                         
20011105  FlashDisable                     
2001114d  PRCMLPDSEnter                    
20011195  PRCMPeripheralClkEnable          
200111dd  Power_releaseConstraint          
20011225  __aeabi_d2iz                     
2001126d  RingBuf_put                      
200112f9  ClockP_stop                      
2001133d  PRCMLPDSRestoreInfoSet           
20011381  PowerCC32XX_enterLPDS            
200113c5  SemaphoreP_post                  
20011409  SwiP_restore                     
2001144d  Timer_start                      
20011491  UART_init                        
200114d5  __TI_auto_init_nobinit_nopinit   
20011519  initUART                         
2001155d  ClockP_construct                 
2001159d  PinModeSet                       
200115dd  RingBuf_get                      
2001161d  TimerSupport_timerEnable         
2001165d  Timer_close                      
2001169d  UARTCC32XX_read                  
200116dd  UART_open                        
2001175d  ClockP_destruct                  
20011799  Power_setConstraint              
2001180f  __aeabi_idiv0                    
2001180f  __aeabi_ldiv0                    
20011811  PRCMLPDSEnterKeepDebugIf         
20011881  initVectors                      
200118f1  __aeabi_f2iz                     
20011929  __aeabi_i2f                      
20011961  TimerControlStall                
20011997  Timer_stop                       
200119cd  UARTCC32XX_readCancel            
20011a05  ClockP_getTicksUntilInterrupt    
20011a39  ClockP_startup                   
20011a6d  PinModeGet                       
20011aa1  PowerCC32XX_restoreParkState     
20011ad5  TimerCC32XX_freeTimerResource    
20011b71  ClockP_start                     
20011ba1  PowerCC32XX_restoreParkedPin     
20011c01  __aeabi_i2d                      
20011c31  PowerCC32XX_getParkState         
20011c5d  HwiP_create                      
20011c87  TimerLoadSet                     
20011cb1  TimerPrescaleSet                 
20011cdb  I2CFIFODataPutNonBlocking        
20011d05  PRCMPeripheralClkDisable         
20011d2d  Power_registerNotify             
20011d7d  I2CFIFODataGetNonBlocking        
20011da3  I2C_cancel                       
20011dc9  List_put                         
20011def  List_remove                      
20011e15  HwiP_dispatch                    
20011e39  PowerCC32XX_reset                
20011e5d  TimerSupport_timerDisable        
20011e81  _c_int00_noargs                  
20011ea5  timerCallback1000                
20011ec9  I2CMasterSlaveAddrSet            
20011eeb  HwiP_destruct                    
20011f0d  Power_unregisterNotify           
20011f2d  RingBuf_peek                     
20011f6d  I2CMasterIntStatusEx             
20011f8b  SemaphoreP_constructBinary       
20011fa9  TimerDisable                     
20011fc7  TimerEnable                      
20011fe5  PinToPadGet                      
20012001  SwiP_disable                     
20012039  memccpy                          
20012055  ClockP_create                    
2001206f  SemaphoreP_createBinary          
20012089  resetISR                         
2001209c  resetVectorAddr                  
200120a3  I2CMasterBusBusy                 
200120bb  I2CMasterIntDisableEx            
200120d3  I2CMasterIntEnableEx             
200120eb  I2CRxFIFOFlush                   
20012103  I2CTxFIFOFlush                   
2001211d  Power_getTransitionLatency       
20012135  Power_idleFunc                   
2001214d  TimerIntDisable                  
20012165  TimerIntEnable                   
2001217d  UARTBusy                         
20012195  UARTIntEnable                    
200121ad  UART_Params_init                 
200121dd  gpioButtonFxn0                   
200121f5  gpioButtonFxn1                   
2001220d  __aeabi_lmul                     
20012225  timerCallback200                 
2001223d  timerCallback500                 
20012255  I2CMasterBurstLengthSet          
2001226b  PRCMHIBRegRead                   
20012281  PRCMHIBRegWrite                  
20012297  SemaphoreP_create                
200122ad  strchr                           
200122c3  CPUcpsid                         
200122d9  HwiP_inISR                       
200122ed  I2CSupport_masterFinish          
20012301  I2C_transfer                     
20012315  IntVTableBaseSet                 
20012329  Power_disablePolicy              
2001233d  Power_getDependencyCount         
20012365  strlen                           
20012379  HwiP_Params_init                 
2001238b  I2CMasterIntClearEx              
2001239d  RingBuf_construct                
200123af  TimerIntClear                    
200123c1  main                             
200123d3  wcslen                           
200123e5  Board_init                       
200123f5  ClockP_add                       
20012405  ClockP_delete                    
20012415  ClockP_getCpuFreq                
20012425  ClockP_getSystemTicks            
20012435  ClockP_setTicks                  
20012445  HwiP_delete                      
20012455  HwiP_restore                     
20012465  I2CFIFOStatus                    
20012475  I2C_Params_init                  
20012485  Power_enablePolicy               
20012495  SemaphoreP_Params_init           
200124a5  Timer_Params_init                
200124c5  HwiP_clearInterrupt              
200124d3  HwiP_disable                     
200124e1  HwiP_disableInterrupt            
200124ef  HwiP_enable                      
200124ef  NoRTOS_start                     
200124fd  HwiP_enableInterrupt             
20012519  RingBuf_isFull                   
20012527  __TI_decompress_none             
20012541  Power_getConstraintMask          
2001254d  copysign                         
2001254d  copysignl                        
20012559  __TI_zero_init                   
2001257d  ClockP_Params_init               
20012587  ClockP_isActive                  
20012591  IntMasterDisable                 
2001259b  UART_write                       
200125ad  __aeabi_errno_addr               
200125b5  malloc                           
200125cd  I2CSupport_powerRelConstraint    
200125d3  I2CSupport_powerSetConstraint    
200125d9  UtilsDelay                       
200125df  ClockP_setTimeout                
200125e3  HwiP_post                        
200125e7  SemaphoreP_delete                
200125eb  _system_pre_init                 
200125ef  C$$EXIT                          
200125ef  abort                            
20012900  PowerCC32XX_module               
20012a6c  parkInfo                         
20012b64  increaseSetpoint                 
20012b65  decreaseSetpoint                 
20012b66  updateTemp                       
20012b67  displayData                      
20012b68  checkButtons                     
20012b6c  setpoint                         
20012b70  heat                             
20012b74  seconds                          
20012b78  gpioCallbackFunctions            
20012b84  gpioPinConfigs                   
20012b9c  _lock                            
20012ba0  _unlock                          
20012bac  SemaphoreP_defaultParams         
20012bb4  HwiP_key                         
20012bb8  HwiP_swiPIntNum                  
20012bbc  ClockP_tickPeriod                
20012bc4  errno                            
20012bc8  timerCC32XXObjects               
20012d54  PowerCC32XX_contextSave          
20012e80  i2cCC32XXObjects                 
20012f7c  uartCC32XXObjects0               
20013000  output                           
20013080  i2cTransaction                   
200130b8  ClockP_ctrl                      
200130d5  State                            
200130e0  i2c                              
200130e4  rxBuffer                         
200130e8  temp                             
200130ec  timer0                           
200130f0  txBuffer                         
200130f4  uart                             
200130f8  _ctypes_                         
200133a4  PowerCC32XX_config               
200133e8  timerCC32XXHWAttrs               
20013418  UARTCC32XX_fxnTable              
20013440  UART_defaultParams               
200134cc  Timer_config                     
2001352c  GPIOCC32XX_config                
20013554  i2cCC32XXHWAttrs                 
20013590  I2C_defaultParams                
200135cc  UART_config                      
200135f0  CONFIG_GPIO_BUTTON_0_CONST       
200135f1  CONFIG_GPIO_BUTTON_1_CONST       
200135f2  CONFIG_GPIO_LED_0_CONST          
200135f3  CONFIG_I2C_0_CONST               
200135f4  I2C_count                        
200135f5  CONFIG_TIMER_0_CONST             
200135f6  CONFIG_TIMER_1_CONST             
200135f7  CONFIG_TIMER_2_CONST             
200135f8  Timer_count                      
200135f9  CONFIG_UART_0_CONST              
200135fa  UART_count                       
200135fc  I2C_config                       
20013604  outPinTypes                      
2001361a  inPinTypes                       
20013620  outPinStrengths                  
20013630  __TI_static_base__               
20013700  __TI_Handler_Table_Base          
2001370c  __TI_Handler_Table_Limit         
20013718  __TI_CINIT_Base                  
20013728  __TI_CINIT_Limit                 
ffffffff  __TI_pprof_out_hndl              
ffffffff  __TI_prof_data_size              
ffffffff  __TI_prof_data_start             
ffffffff  __binit__                        
ffffffff  __c_args__                       
ffffffff  binit                            
UNDEFED   ITM_flush                        
UNDEFED   ITM_restore                      
UNDEFED   __mpu_init                       
UNDEFED   _system_post_cinit               

[316 symbols]
