<?xml version="1.0" encoding="ISO-8859-1" ?>
<link_info>
   <banner>TI ARM Linker PC v20.2.5.LTS</banner>
   <copyright>Copyright (c) 1996-2018 Texas Instruments Incorporated</copyright>
   <link_time>0x611dbfd8</link_time>
   <link_errors>0x0</link_errors>
   <output_file>gpiointerrupt_CC3220S_LAUNCHXL_nortos_ccs.out</output_file>
   <entry_point>
      <name>resetISR</name>
      <address>0x20012089</address>
   </entry_point>
   <input_file_list>
      <input_file id="fl-2">
         <path>.\</path>
         <kind>object</kind>
         <file>gpiointerrupt.obj</file>
         <name>gpiointerrupt.obj</name>
      </input_file>
      <input_file id="fl-3">
         <path>.\syscfg\</path>
         <kind>object</kind>
         <file>ti_drivers_config.obj</file>
         <name>ti_drivers_config.obj</name>
      </input_file>
      <input_file id="fl-4">
         <path>.\</path>
         <kind>object</kind>
         <file>main_nortos.obj</file>
         <name>main_nortos.obj</name>
      </input_file>
      <input_file id="fl-d">
         <kind>object</kind>
         <file>&lt;internal&gt;</file>
         <name>&lt;internal&gt;</name>
      </input_file>
      <input_file id="fl-e">
         <path>C:\ti\simplelink_cc32xx_sdk_5_20_00_06\source\ti\drivers\lib\ccs\m4\</path>
         <kind>archive</kind>
         <file>drivers_cc32xx.a</file>
         <name>I2C.oem4</name>
      </input_file>
      <input_file id="fl-f">
         <path>C:\ti\simplelink_cc32xx_sdk_5_20_00_06\source\ti\drivers\lib\ccs\m4\</path>
         <kind>archive</kind>
         <file>drivers_cc32xx.a</file>
         <name>Timer.oem4</name>
      </input_file>
      <input_file id="fl-10">
         <path>C:\ti\simplelink_cc32xx_sdk_5_20_00_06\source\ti\drivers\lib\ccs\m4\</path>
         <kind>archive</kind>
         <file>drivers_cc32xx.a</file>
         <name>UART.oem4</name>
      </input_file>
      <input_file id="fl-11">
         <path>C:\ti\simplelink_cc32xx_sdk_5_20_00_06\source\ti\drivers\lib\ccs\m4\</path>
         <kind>archive</kind>
         <file>drivers_cc32xx.a</file>
         <name>GPIOCC32XX.oem4</name>
      </input_file>
      <input_file id="fl-12">
         <path>C:\ti\simplelink_cc32xx_sdk_5_20_00_06\source\ti\drivers\lib\ccs\m4\</path>
         <kind>archive</kind>
         <file>drivers_cc32xx.a</file>
         <name>I2CCC32XX.oem4</name>
      </input_file>
      <input_file id="fl-13">
         <path>C:\ti\simplelink_cc32xx_sdk_5_20_00_06\source\ti\drivers\lib\ccs\m4\</path>
         <kind>archive</kind>
         <file>drivers_cc32xx.a</file>
         <name>PowerCC32XX.oem4</name>
      </input_file>
      <input_file id="fl-14">
         <path>C:\ti\simplelink_cc32xx_sdk_5_20_00_06\source\ti\drivers\lib\ccs\m4\</path>
         <kind>archive</kind>
         <file>drivers_cc32xx.a</file>
         <name>PowerCC32XX_asm.oem4</name>
      </input_file>
      <input_file id="fl-15">
         <path>C:\ti\simplelink_cc32xx_sdk_5_20_00_06\source\ti\drivers\lib\ccs\m4\</path>
         <kind>archive</kind>
         <file>drivers_cc32xx.a</file>
         <name>TimerCC32XX.oem4</name>
      </input_file>
      <input_file id="fl-16">
         <path>C:\ti\simplelink_cc32xx_sdk_5_20_00_06\source\ti\drivers\lib\ccs\m4\</path>
         <kind>archive</kind>
         <file>drivers_cc32xx.a</file>
         <name>UARTCC32XX.oem4</name>
      </input_file>
      <input_file id="fl-17">
         <path>C:\ti\simplelink_cc32xx_sdk_5_20_00_06\source\ti\drivers\lib\ccs\m4\</path>
         <kind>archive</kind>
         <file>drivers_cc32xx.a</file>
         <name>List.oem4</name>
      </input_file>
      <input_file id="fl-18">
         <path>C:\ti\simplelink_cc32xx_sdk_5_20_00_06\source\ti\drivers\lib\ccs\m4\</path>
         <kind>archive</kind>
         <file>drivers_cc32xx.a</file>
         <name>RingBuf.oem4</name>
      </input_file>
      <input_file id="fl-19">
         <path>C:\ti\simplelink_cc32xx_sdk_5_20_00_06\kernel\nortos\lib\ccs\m4\</path>
         <kind>archive</kind>
         <file>nortos_cc32xx.a</file>
         <name>NoRTOS.oem4</name>
      </input_file>
      <input_file id="fl-1a">
         <path>C:\ti\simplelink_cc32xx_sdk_5_20_00_06\kernel\nortos\lib\ccs\m4\</path>
         <kind>archive</kind>
         <file>nortos_cc32xx.a</file>
         <name>SemaphoreP_nortos.oem4</name>
      </input_file>
      <input_file id="fl-1b">
         <path>C:\ti\simplelink_cc32xx_sdk_5_20_00_06\kernel\nortos\lib\ccs\m4\</path>
         <kind>archive</kind>
         <file>nortos_cc32xx.a</file>
         <name>ClockPSysTick_nortos.oem4</name>
      </input_file>
      <input_file id="fl-1c">
         <path>C:\ti\simplelink_cc32xx_sdk_5_20_00_06\kernel\nortos\lib\ccs\m4\</path>
         <kind>archive</kind>
         <file>nortos_cc32xx.a</file>
         <name>HwiPCC32XX_nortos.oem4</name>
      </input_file>
      <input_file id="fl-1d">
         <path>C:\ti\simplelink_cc32xx_sdk_5_20_00_06\kernel\nortos\lib\ccs\m4\</path>
         <kind>archive</kind>
         <file>nortos_cc32xx.a</file>
         <name>PowerCC32XX_nortos.oem4</name>
      </input_file>
      <input_file id="fl-1e">
         <path>C:\ti\simplelink_cc32xx_sdk_5_20_00_06\kernel\nortos\lib\ccs\m4\</path>
         <kind>archive</kind>
         <file>nortos_cc32xx.a</file>
         <name>startup_cc32xx_ccs.oem4</name>
      </input_file>
      <input_file id="fl-1f">
         <path>C:\ti\simplelink_cc32xx_sdk_5_20_00_06\kernel\nortos\lib\ccs\m4\</path>
         <kind>archive</kind>
         <file>nortos_cc32xx.a</file>
         <name>SwiP_nortos.oem4</name>
      </input_file>
      <input_file id="fl-20">
         <path>C:\ti\simplelink_cc32xx_sdk_5_20_00_06\kernel\nortos\lib\ccs\m4\</path>
         <kind>archive</kind>
         <file>nortos_cc32xx.a</file>
         <name>QueueP_nortos.oem4</name>
      </input_file>
      <input_file id="fl-21">
         <path>C:\ti\simplelink_cc32xx_sdk_5_20_00_06\source\ti\devices\cc32xx\driverlib\ccs\Release\</path>
         <kind>archive</kind>
         <file>driverlib.a</file>
         <name>cpu.obj</name>
      </input_file>
      <input_file id="fl-22">
         <path>C:\ti\simplelink_cc32xx_sdk_5_20_00_06\source\ti\devices\cc32xx\driverlib\ccs\Release\</path>
         <kind>archive</kind>
         <file>driverlib.a</file>
         <name>i2c.obj</name>
      </input_file>
      <input_file id="fl-23">
         <path>C:\ti\simplelink_cc32xx_sdk_5_20_00_06\source\ti\devices\cc32xx\driverlib\ccs\Release\</path>
         <kind>archive</kind>
         <file>driverlib.a</file>
         <name>interrupt.obj</name>
      </input_file>
      <input_file id="fl-24">
         <path>C:\ti\simplelink_cc32xx_sdk_5_20_00_06\source\ti\devices\cc32xx\driverlib\ccs\Release\</path>
         <kind>archive</kind>
         <file>driverlib.a</file>
         <name>pin.obj</name>
      </input_file>
      <input_file id="fl-25">
         <path>C:\ti\simplelink_cc32xx_sdk_5_20_00_06\source\ti\devices\cc32xx\driverlib\ccs\Release\</path>
         <kind>archive</kind>
         <file>driverlib.a</file>
         <name>prcm.obj</name>
      </input_file>
      <input_file id="fl-26">
         <path>C:\ti\simplelink_cc32xx_sdk_5_20_00_06\source\ti\devices\cc32xx\driverlib\ccs\Release\</path>
         <kind>archive</kind>
         <file>driverlib.a</file>
         <name>timer.obj</name>
      </input_file>
      <input_file id="fl-27">
         <path>C:\ti\simplelink_cc32xx_sdk_5_20_00_06\source\ti\devices\cc32xx\driverlib\ccs\Release\</path>
         <kind>archive</kind>
         <file>driverlib.a</file>
         <name>uart.obj</name>
      </input_file>
      <input_file id="fl-28">
         <path>C:\ti\simplelink_cc32xx_sdk_5_20_00_06\source\ti\devices\cc32xx\driverlib\ccs\Release\</path>
         <kind>archive</kind>
         <file>driverlib.a</file>
         <name>utils.obj</name>
      </input_file>
      <input_file id="fl-29">
         <path>C:\ti\simplelink_cc32xx_sdk_5_20_00_06\source\ti\devices\cc32xx\driverlib\ccs\Release\</path>
         <kind>archive</kind>
         <file>driverlib.a</file>
         <name>flash.obj</name>
      </input_file>
      <input_file id="fl-df">
         <path>C:\ti\ccs1040\ccs\tools\compiler\ti-cgt-arm_20.2.5.LTS\lib\</path>
         <kind>archive</kind>
         <file>rtsv7M4_T_le_eabi.lib</file>
         <name>snprintf.c.obj</name>
      </input_file>
      <input_file id="fl-e0">
         <path>C:\ti\ccs1040\ccs\tools\compiler\ti-cgt-arm_20.2.5.LTS\lib\</path>
         <kind>archive</kind>
         <file>rtsv7M4_T_le_eabi.lib</file>
         <name>fs_mul_t2.asm.obj</name>
      </input_file>
      <input_file id="fl-e1">
         <path>C:\ti\ccs1040\ccs\tools\compiler\ti-cgt-arm_20.2.5.LTS\lib\</path>
         <kind>archive</kind>
         <file>rtsv7M4_T_le_eabi.lib</file>
         <name>fs_toi_t2.asm.obj</name>
      </input_file>
      <input_file id="fl-e2">
         <path>C:\ti\ccs1040\ccs\tools\compiler\ti-cgt-arm_20.2.5.LTS\lib\</path>
         <kind>archive</kind>
         <file>rtsv7M4_T_le_eabi.lib</file>
         <name>i_tofs_t2.asm.obj</name>
      </input_file>
      <input_file id="fl-e3">
         <path>C:\ti\ccs1040\ccs\tools\compiler\ti-cgt-arm_20.2.5.LTS\lib\</path>
         <kind>archive</kind>
         <file>rtsv7M4_T_le_eabi.lib</file>
         <name>ll_mul_t2.asm.obj</name>
      </input_file>
      <input_file id="fl-e4">
         <path>C:\ti\ccs1040\ccs\tools\compiler\ti-cgt-arm_20.2.5.LTS\lib\</path>
         <kind>archive</kind>
         <file>rtsv7M4_T_le_eabi.lib</file>
         <name>memcpy_t2.asm.obj</name>
      </input_file>
      <input_file id="fl-e5">
         <path>C:\ti\ccs1040\ccs\tools\compiler\ti-cgt-arm_20.2.5.LTS\lib\</path>
         <kind>archive</kind>
         <file>rtsv7M4_T_le_eabi.lib</file>
         <name>ull_div_t2.asm.obj</name>
      </input_file>
      <input_file id="fl-e6">
         <path>C:\ti\ccs1040\ccs\tools\compiler\ti-cgt-arm_20.2.5.LTS\lib\</path>
         <kind>archive</kind>
         <file>rtsv7M4_T_le_eabi.lib</file>
         <name>copy_zero_init.c.obj</name>
      </input_file>
      <input_file id="fl-e7">
         <path>C:\ti\ccs1040\ccs\tools\compiler\ti-cgt-arm_20.2.5.LTS\lib\</path>
         <kind>archive</kind>
         <file>rtsv7M4_T_le_eabi.lib</file>
         <name>copy_decompress_none.c.obj</name>
      </input_file>
      <input_file id="fl-e8">
         <path>C:\ti\ccs1040\ccs\tools\compiler\ti-cgt-arm_20.2.5.LTS\lib\</path>
         <kind>archive</kind>
         <file>rtsv7M4_T_le_eabi.lib</file>
         <name>copy_decompress_lzss.c.obj</name>
      </input_file>
      <input_file id="fl-e9">
         <path>C:\ti\ccs1040\ccs\tools\compiler\ti-cgt-arm_20.2.5.LTS\lib\</path>
         <kind>archive</kind>
         <file>rtsv7M4_T_le_eabi.lib</file>
         <name>memory.c.obj</name>
      </input_file>
      <input_file id="fl-ea">
         <path>C:\ti\ccs1040\ccs\tools\compiler\ti-cgt-arm_20.2.5.LTS\lib\</path>
         <kind>archive</kind>
         <file>rtsv7M4_T_le_eabi.lib</file>
         <name>boot_cortex_m.c.obj</name>
      </input_file>
      <input_file id="fl-eb">
         <path>C:\ti\ccs1040\ccs\tools\compiler\ti-cgt-arm_20.2.5.LTS\lib\</path>
         <kind>archive</kind>
         <file>rtsv7M4_T_le_eabi.lib</file>
         <name>_printfi.c.obj</name>
      </input_file>
      <input_file id="fl-ec">
         <path>C:\ti\ccs1040\ccs\tools\compiler\ti-cgt-arm_20.2.5.LTS\lib\</path>
         <kind>archive</kind>
         <file>rtsv7M4_T_le_eabi.lib</file>
         <name>s_frexp.c.obj</name>
      </input_file>
      <input_file id="fl-ed">
         <path>C:\ti\ccs1040\ccs\tools\compiler\ti-cgt-arm_20.2.5.LTS\lib\</path>
         <kind>archive</kind>
         <file>rtsv7M4_T_le_eabi.lib</file>
         <name>s_scalbn.c.obj</name>
      </input_file>
      <input_file id="fl-ee">
         <path>C:\ti\ccs1040\ccs\tools\compiler\ti-cgt-arm_20.2.5.LTS\lib\</path>
         <kind>archive</kind>
         <file>rtsv7M4_T_le_eabi.lib</file>
         <name>wcslen.c.obj</name>
      </input_file>
      <input_file id="fl-ef">
         <path>C:\ti\ccs1040\ccs\tools\compiler\ti-cgt-arm_20.2.5.LTS\lib\</path>
         <kind>archive</kind>
         <file>rtsv7M4_T_le_eabi.lib</file>
         <name>div0.asm.obj</name>
      </input_file>
      <input_file id="fl-f0">
         <path>C:\ti\ccs1040\ccs\tools\compiler\ti-cgt-arm_20.2.5.LTS\lib\</path>
         <kind>archive</kind>
         <file>rtsv7M4_T_le_eabi.lib</file>
         <name>fd_add_t2.asm.obj</name>
      </input_file>
      <input_file id="fl-f1">
         <path>C:\ti\ccs1040\ccs\tools\compiler\ti-cgt-arm_20.2.5.LTS\lib\</path>
         <kind>archive</kind>
         <file>rtsv7M4_T_le_eabi.lib</file>
         <name>fd_cmp_t2.asm.obj</name>
      </input_file>
      <input_file id="fl-f2">
         <path>C:\ti\ccs1040\ccs\tools\compiler\ti-cgt-arm_20.2.5.LTS\lib\</path>
         <kind>archive</kind>
         <file>rtsv7M4_T_le_eabi.lib</file>
         <name>fd_div_t2.asm.obj</name>
      </input_file>
      <input_file id="fl-f3">
         <path>C:\ti\ccs1040\ccs\tools\compiler\ti-cgt-arm_20.2.5.LTS\lib\</path>
         <kind>archive</kind>
         <file>rtsv7M4_T_le_eabi.lib</file>
         <name>fd_mul_t2.asm.obj</name>
      </input_file>
      <input_file id="fl-f4">
         <path>C:\ti\ccs1040\ccs\tools\compiler\ti-cgt-arm_20.2.5.LTS\lib\</path>
         <kind>archive</kind>
         <file>rtsv7M4_T_le_eabi.lib</file>
         <name>fd_toi_t2.asm.obj</name>
      </input_file>
      <input_file id="fl-f5">
         <path>C:\ti\ccs1040\ccs\tools\compiler\ti-cgt-arm_20.2.5.LTS\lib\</path>
         <kind>archive</kind>
         <file>rtsv7M4_T_le_eabi.lib</file>
         <name>i_tofd_t2.asm.obj</name>
      </input_file>
      <input_file id="fl-f6">
         <path>C:\ti\ccs1040\ccs\tools\compiler\ti-cgt-arm_20.2.5.LTS\lib\</path>
         <kind>archive</kind>
         <file>rtsv7M4_T_le_eabi.lib</file>
         <name>memset_t2.asm.obj</name>
      </input_file>
      <input_file id="fl-f7">
         <path>C:\ti\ccs1040\ccs\tools\compiler\ti-cgt-arm_20.2.5.LTS\lib\</path>
         <kind>archive</kind>
         <file>rtsv7M4_T_le_eabi.lib</file>
         <name>autoinit.c.obj</name>
      </input_file>
      <input_file id="fl-f8">
         <path>C:\ti\ccs1040\ccs\tools\compiler\ti-cgt-arm_20.2.5.LTS\lib\</path>
         <kind>archive</kind>
         <file>rtsv7M4_T_le_eabi.lib</file>
         <name>pre_init.c.obj</name>
      </input_file>
      <input_file id="fl-f9">
         <path>C:\ti\ccs1040\ccs\tools\compiler\ti-cgt-arm_20.2.5.LTS\lib\</path>
         <kind>archive</kind>
         <file>rtsv7M4_T_le_eabi.lib</file>
         <name>cpy_tbl.c.obj</name>
      </input_file>
      <input_file id="fl-fa">
         <path>C:\ti\ccs1040\ccs\tools\compiler\ti-cgt-arm_20.2.5.LTS\lib\</path>
         <kind>archive</kind>
         <file>rtsv7M4_T_le_eabi.lib</file>
         <name>exit.c.obj</name>
      </input_file>
      <input_file id="fl-fb">
         <path>C:\ti\ccs1040\ccs\tools\compiler\ti-cgt-arm_20.2.5.LTS\lib\</path>
         <kind>archive</kind>
         <file>rtsv7M4_T_le_eabi.lib</file>
         <name>_lock.c.obj</name>
      </input_file>
      <input_file id="fl-fc">
         <path>C:\ti\ccs1040\ccs\tools\compiler\ti-cgt-arm_20.2.5.LTS\lib\</path>
         <kind>archive</kind>
         <file>rtsv7M4_T_le_eabi.lib</file>
         <name>_ltoa.c.obj</name>
      </input_file>
      <input_file id="fl-fd">
         <path>C:\ti\ccs1040\ccs\tools\compiler\ti-cgt-arm_20.2.5.LTS\lib\</path>
         <kind>archive</kind>
         <file>rtsv7M4_T_le_eabi.lib</file>
         <name>args_main.c.obj</name>
      </input_file>
      <input_file id="fl-fe">
         <path>C:\ti\ccs1040\ccs\tools\compiler\ti-cgt-arm_20.2.5.LTS\lib\</path>
         <kind>archive</kind>
         <file>rtsv7M4_T_le_eabi.lib</file>
         <name>atoi.c.obj</name>
      </input_file>
      <input_file id="fl-ff">
         <path>C:\ti\ccs1040\ccs\tools\compiler\ti-cgt-arm_20.2.5.LTS\lib\</path>
         <kind>archive</kind>
         <file>rtsv7M4_T_le_eabi.lib</file>
         <name>ctype.c.obj</name>
      </input_file>
      <input_file id="fl-100">
         <path>C:\ti\ccs1040\ccs\tools\compiler\ti-cgt-arm_20.2.5.LTS\lib\</path>
         <kind>archive</kind>
         <file>rtsv7M4_T_le_eabi.lib</file>
         <name>memccpy.c.obj</name>
      </input_file>
      <input_file id="fl-101">
         <path>C:\ti\ccs1040\ccs\tools\compiler\ti-cgt-arm_20.2.5.LTS\lib\</path>
         <kind>archive</kind>
         <file>rtsv7M4_T_le_eabi.lib</file>
         <name>strchr.c.obj</name>
      </input_file>
      <input_file id="fl-102">
         <path>C:\ti\ccs1040\ccs\tools\compiler\ti-cgt-arm_20.2.5.LTS\lib\</path>
         <kind>archive</kind>
         <file>rtsv7M4_T_le_eabi.lib</file>
         <name>strlen.c.obj</name>
      </input_file>
      <input_file id="fl-103">
         <path>C:\ti\ccs1040\ccs\tools\compiler\ti-cgt-arm_20.2.5.LTS\lib\</path>
         <kind>archive</kind>
         <file>rtsv7M4_T_le_eabi.lib</file>
         <name>errno.c.obj</name>
      </input_file>
      <input_file id="fl-104">
         <path>C:\ti\ccs1040\ccs\tools\compiler\ti-cgt-arm_20.2.5.LTS\lib\</path>
         <kind>archive</kind>
         <file>rtsv7M4_T_le_eabi.lib</file>
         <name>s_copysign.c.obj</name>
      </input_file>
   </input_file_list>
   <object_component_list>
      <object_component id="oc-4a3">
         <name>.text:__TI_printfi</name>
         <load_address>0x2000c040</load_address>
         <run_address>0x2000c040</run_address>
         <size>0xa4e</size>
         <input_file_ref idref="fl-eb"/>
      </object_component>
      <object_component id="oc-1df">
         <name>.text:Board_initHook</name>
         <load_address>0x2000ca8e</load_address>
         <run_address>0x2000ca8e</run_address>
         <size>0x2</size>
         <input_file_ref idref="fl-3"/>
      </object_component>
      <object_component id="oc-1d3">
         <name>.text:PRCMCC3200MCUInit</name>
         <load_address>0x2000ca90</load_address>
         <run_address>0x2000ca90</run_address>
         <size>0x42c</size>
         <input_file_ref idref="fl-25"/>
      </object_component>
      <object_component id="oc-7e8">
         <name>.text:UARTCC32XX_open</name>
         <load_address>0x2000cebc</load_address>
         <run_address>0x2000cebc</run_address>
         <size>0x288</size>
         <input_file_ref idref="fl-16"/>
      </object_component>
      <object_component id="oc-650">
         <name>.text:_pconv_a</name>
         <load_address>0x2000d144</load_address>
         <run_address>0x2000d144</run_address>
         <size>0x268</size>
         <input_file_ref idref="fl-eb"/>
      </object_component>
      <object_component id="oc-205">
         <name>.text:initI2C</name>
         <load_address>0x2000d3ac</load_address>
         <run_address>0x2000d3ac</run_address>
         <size>0x250</size>
         <input_file_ref idref="fl-2"/>
      </object_component>
      <object_component id="oc-1ed">
         <name>.text:GPIO_setConfig</name>
         <load_address>0x2000d5fc</load_address>
         <run_address>0x2000d5fc</run_address>
         <size>0x1e4</size>
         <input_file_ref idref="fl-11"/>
      </object_component>
      <object_component id="oc-63e">
         <name>.text:_pconv_g</name>
         <load_address>0x2000d7e0</load_address>
         <run_address>0x2000d7e0</run_address>
         <size>0x1cc</size>
         <input_file_ref idref="fl-eb"/>
      </object_component>
      <object_component id="oc-842">
         <name>.text</name>
         <load_address>0x2000d9ac</load_address>
         <run_address>0x2000d9ac</run_address>
         <size>0x1b6</size>
         <input_file_ref idref="fl-f0"/>
      </object_component>
      <object_component id="oc-359">
         <name>.text:I2C_init</name>
         <load_address>0x2000db62</load_address>
         <run_address>0x2000db62</run_address>
         <size>0x2</size>
         <input_file_ref idref="fl-e"/>
      </object_component>
      <object_component id="oc-3f7">
         <name>.text:PowerCC32XX_sleepPolicy</name>
         <load_address>0x2000db64</load_address>
         <run_address>0x2000db64</run_address>
         <size>0x19c</size>
         <input_file_ref idref="fl-1d"/>
      </object_component>
      <object_component id="oc-21d">
         <name>.text:TaskScheduler</name>
         <load_address>0x2000dd00</load_address>
         <run_address>0x2000dd00</run_address>
         <size>0x174</size>
         <input_file_ref idref="fl-2"/>
      </object_component>
      <object_component id="oc-4ea">
         <name>.text:I2CCC32XX_hwiFxn</name>
         <load_address>0x2000de74</load_address>
         <run_address>0x2000de74</run_address>
         <size>0x148</size>
         <input_file_ref idref="fl-12"/>
      </object_component>
      <object_component id="oc-77d">
         <name>.text:parkPins</name>
         <load_address>0x2000dfbc</load_address>
         <run_address>0x2000dfbc</run_address>
         <size>0x148</size>
         <input_file_ref idref="fl-13"/>
      </object_component>
      <object_component id="oc-64a">
         <name>.text:_pconv_e</name>
         <load_address>0x2000e104</load_address>
         <run_address>0x2000e104</run_address>
         <size>0x13c</size>
         <input_file_ref idref="fl-eb"/>
      </object_component>
      <object_component id="oc-5a3">
         <name>.text:Power_sleep</name>
         <load_address>0x2000e240</load_address>
         <run_address>0x2000e240</run_address>
         <size>0x138</size>
         <input_file_ref idref="fl-13"/>
      </object_component>
      <object_component id="oc-386">
         <name>.text:Timer_open</name>
         <load_address>0x2000e378</load_address>
         <run_address>0x2000e378</run_address>
         <size>0x138</size>
         <input_file_ref idref="fl-15"/>
      </object_component>
      <object_component id="oc-828">
         <name>.text</name>
         <load_address>0x2000e4b0</load_address>
         <run_address>0x2000e4b0</run_address>
         <size>0x136</size>
         <input_file_ref idref="fl-f2"/>
      </object_component>
      <object_component id="oc-4f8">
         <name>.text:I2C_transferTimeout</name>
         <load_address>0x2000e5e6</load_address>
         <run_address>0x2000e5e6</run_address>
         <size>0x122</size>
         <input_file_ref idref="fl-e"/>
      </object_component>
      <object_component id="oc-7d6">
         <name>.text:UARTCC32XX_close</name>
         <load_address>0x2000e708</load_address>
         <run_address>0x2000e708</run_address>
         <size>0x120</size>
         <input_file_ref idref="fl-16"/>
      </object_component>
      <object_component id="oc-854">
         <name>.text:fcvt</name>
         <load_address>0x2000e828</load_address>
         <run_address>0x2000e828</run_address>
         <size>0x120</size>
         <input_file_ref idref="fl-eb"/>
      </object_component>
      <object_component id="oc-3a8">
         <name>.text:readTemp</name>
         <load_address>0x2000e948</load_address>
         <run_address>0x2000e948</run_address>
         <size>0x120</size>
         <input_file_ref idref="fl-2"/>
      </object_component>
      <object_component id="oc-602">
         <name>.text:aligned_alloc</name>
         <load_address>0x2000ea68</load_address>
         <run_address>0x2000ea68</run_address>
         <size>0x100</size>
         <input_file_ref idref="fl-e9"/>
      </object_component>
      <object_component id="oc-365">
         <name>.text:I2C_open</name>
         <load_address>0x2000eb68</load_address>
         <run_address>0x2000eb68</run_address>
         <size>0xfc</size>
         <input_file_ref idref="fl-12"/>
      </object_component>
      <object_component id="oc-823">
         <name>.text</name>
         <load_address>0x2000ec64</load_address>
         <run_address>0x2000ec64</run_address>
         <size>0xfc</size>
         <input_file_ref idref="fl-f3"/>
      </object_component>
      <object_component id="oc-7dc">
         <name>.text:UARTCC32XX_control</name>
         <load_address>0x2000ed60</load_address>
         <run_address>0x2000ed60</run_address>
         <size>0xf2</size>
         <input_file_ref idref="fl-16"/>
      </object_component>
      <object_component id="oc-3f1">
         <name>.text:PowerCC32XX_initPolicy</name>
         <load_address>0x2000ee52</load_address>
         <run_address>0x2000ee52</run_address>
         <size>0x2</size>
         <input_file_ref idref="fl-1d"/>
      </object_component>
      <object_component id="oc-413">
         <name>.text:free</name>
         <load_address>0x2000ee54</load_address>
         <run_address>0x2000ee54</run_address>
         <size>0xe4</size>
         <input_file_ref idref="fl-e9"/>
      </object_component>
      <object_component id="oc-868">
         <name>.text:scalbn</name>
         <load_address>0x2000ef38</load_address>
         <run_address>0x2000ef38</run_address>
         <size>0xd0</size>
         <input_file_ref idref="fl-ed"/>
      </object_component>
      <object_component id="oc-800">
         <name>.text:UARTCC32XX_write</name>
         <load_address>0x2000f008</load_address>
         <run_address>0x2000f008</run_address>
         <size>0xca</size>
         <input_file_ref idref="fl-16"/>
      </object_component>
      <object_component id="oc-70b">
         <name>.text:SemaphoreP_destruct</name>
         <load_address>0x2000f0d2</load_address>
         <run_address>0x2000f0d2</run_address>
         <size>0x2</size>
         <input_file_ref idref="fl-1a"/>
      </object_component>
      <object_component id="oc-1e7">
         <name>.text:GPIO_init</name>
         <load_address>0x2000f0d4</load_address>
         <run_address>0x2000f0d4</run_address>
         <size>0xc4</size>
         <input_file_ref idref="fl-11"/>
      </object_component>
      <object_component id="oc-79a">
         <name>.text:restoreParkedPins</name>
         <load_address>0x2000f198</load_address>
         <run_address>0x2000f198</run_address>
         <size>0xc0</size>
         <input_file_ref idref="fl-13"/>
      </object_component>
      <object_component id="oc-7f4">
         <name>.text:UARTCC32XX_readPolling</name>
         <load_address>0x2000f258</load_address>
         <run_address>0x2000f258</run_address>
         <size>0xba</size>
         <input_file_ref idref="fl-16"/>
      </object_component>
      <object_component id="oc-37a">
         <name>.text:Timer_init</name>
         <load_address>0x2000f312</load_address>
         <run_address>0x2000f312</run_address>
         <size>0x2</size>
         <input_file_ref idref="fl-f"/>
      </object_component>
      <object_component id="oc-99c">
         <name>.text:initHw</name>
         <load_address>0x2000f314</load_address>
         <run_address>0x2000f314</run_address>
         <size>0xb8</size>
         <input_file_ref idref="fl-16"/>
      </object_component>
      <object_component id="oc-a6b">
         <name>.text:readTaskCallback</name>
         <load_address>0x2000f3cc</load_address>
         <run_address>0x2000f3cc</run_address>
         <size>0xb6</size>
         <input_file_ref idref="fl-16"/>
      </object_component>
      <object_component id="oc-6b6">
         <name>.text:I2CCC32XX_completeTransfer</name>
         <load_address>0x2000f482</load_address>
         <run_address>0x2000f482</run_address>
         <size>0xb2</size>
         <input_file_ref idref="fl-12"/>
      </object_component>
      <object_component id="oc-633">
         <name>.text:_ltostr</name>
         <load_address>0x2000f534</load_address>
         <run_address>0x2000f534</run_address>
         <size>0xb1</size>
         <input_file_ref idref="fl-eb"/>
      </object_component>
      <object_component id="oc-a59">
         <name>.text:readTaskBlocking</name>
         <load_address>0x2000f5e6</load_address>
         <run_address>0x2000f5e6</run_address>
         <size>0xb0</size>
         <input_file_ref idref="fl-16"/>
      </object_component>
      <object_component id="oc-a5f">
         <name>.text:readIsrTextBlocking</name>
         <load_address>0x2000f696</load_address>
         <run_address>0x2000f696</run_address>
         <size>0xae</size>
         <input_file_ref idref="fl-16"/>
      </object_component>
      <object_component id="oc-6a4">
         <name>.text:I2CCC32XX_primeWriteBurst</name>
         <load_address>0x2000f744</load_address>
         <run_address>0x2000f744</run_address>
         <size>0xa8</size>
         <input_file_ref idref="fl-12"/>
      </object_component>
      <object_component id="oc-b5">
         <name>.text:IntEnable</name>
         <load_address>0x2000f7ec</load_address>
         <run_address>0x2000f7ec</run_address>
         <size>0xa8</size>
         <input_file_ref idref="fl-23"/>
      </object_component>
      <object_component id="oc-2b3">
         <name>.text:PowerCC32XX_configureWakeup</name>
         <load_address>0x2000f894</load_address>
         <run_address>0x2000f894</run_address>
         <size>0xa8</size>
         <input_file_ref idref="fl-13"/>
      </object_component>
      <object_component id="oc-a71">
         <name>.text:readIsrTextCallback</name>
         <load_address>0x2000f93c</load_address>
         <run_address>0x2000f93c</run_address>
         <size>0xa2</size>
         <input_file_ref idref="fl-16"/>
      </object_component>
      <object_component id="oc-9d3">
         <name>.text:writeData</name>
         <load_address>0x2000f9de</load_address>
         <run_address>0x2000f9de</run_address>
         <size>0xa2</size>
         <input_file_ref idref="fl-16"/>
      </object_component>
      <object_component id="oc-2d9">
         <name>.text:SemaphoreP_pend</name>
         <load_address>0x2000fa80</load_address>
         <run_address>0x2000fa80</run_address>
         <size>0xa0</size>
         <input_file_ref idref="fl-1a"/>
      </object_component>
      <object_component id="oc-4d8">
         <name>.text:I2CCC32XX_initHw</name>
         <load_address>0x2000fb20</load_address>
         <run_address>0x2000fb20</run_address>
         <size>0x9c</size>
         <input_file_ref idref="fl-12"/>
      </object_component>
      <object_component id="oc-3b">
         <name>.text</name>
         <load_address>0x2000fbbc</load_address>
         <run_address>0x2000fbbc</run_address>
         <size>0x9c</size>
         <input_file_ref idref="fl-e4"/>
      </object_component>
      <object_component id="oc-2f5">
         <name>.text:powerNotifyFxn</name>
         <load_address>0x2000fc58</load_address>
         <run_address>0x2000fc58</run_address>
         <size>0x98</size>
         <input_file_ref idref="fl-11"/>
      </object_component>
      <object_component id="oc-59e">
         <name>.text</name>
         <load_address>0x2000fcf0</load_address>
         <run_address>0x2000fcf0</run_address>
         <size>0x96</size>
         <input_file_ref idref="fl-e5"/>
      </object_component>
      <object_component id="oc-7e2">
         <name>.text:UARTCC32XX_init</name>
         <load_address>0x2000fd86</load_address>
         <run_address>0x2000fd86</run_address>
         <size>0x2</size>
         <input_file_ref idref="fl-16"/>
      </object_component>
      <object_component id="oc-78e">
         <name>.text:restoreNVICRegs</name>
         <load_address>0x2000fd88</load_address>
         <run_address>0x2000fd88</run_address>
         <size>0x90</size>
         <input_file_ref idref="fl-13"/>
      </object_component>
      <object_component id="oc-474">
         <name>.text:HwiP_construct</name>
         <load_address>0x2000fe18</load_address>
         <run_address>0x2000fe18</run_address>
         <size>0x8c</size>
         <input_file_ref idref="fl-1c"/>
      </object_component>
      <object_component id="oc-956">
         <name>.text:IntPendSet</name>
         <load_address>0x2000fea4</load_address>
         <run_address>0x2000fea4</run_address>
         <size>0x88</size>
         <input_file_ref idref="fl-23"/>
      </object_component>
      <object_component id="oc-2ff">
         <name>.text:PinConfigSet</name>
         <load_address>0x2000ff2c</load_address>
         <run_address>0x2000ff2c</run_address>
         <size>0x88</size>
         <input_file_ref idref="fl-24"/>
      </object_component>
      <object_component id="oc-639">
         <name>.text:__aeabi_cdcmple</name>
         <load_address>0x2000ffb4</load_address>
         <run_address>0x2000ffb4</run_address>
         <size>0x86</size>
         <input_file_ref idref="fl-f1"/>
      </object_component>
      <object_component id="oc-82d">
         <name>.text:__aeabi_cdrcmple</name>
         <load_address>0x2001003a</load_address>
         <run_address>0x2001003a</run_address>
         <size>0x86</size>
         <input_file_ref idref="fl-f1"/>
      </object_component>
      <object_component id="oc-1d9">
         <name>.text:Power_init</name>
         <load_address>0x200100c0</load_address>
         <run_address>0x200100c0</run_address>
         <size>0x84</size>
         <input_file_ref idref="fl-13"/>
      </object_component>
      <object_component id="oc-783">
         <name>.text:saveNVICRegs</name>
         <load_address>0x20010144</load_address>
         <run_address>0x20010144</run_address>
         <size>0x84</size>
         <input_file_ref idref="fl-13"/>
      </object_component>
      <object_component id="oc-305">
         <name>.text:Power_setDependency</name>
         <load_address>0x200101c8</load_address>
         <run_address>0x200101c8</run_address>
         <size>0x80</size>
         <input_file_ref idref="fl-13"/>
      </object_component>
      <object_component id="oc-a53">
         <name>.text:readIsrBinaryBlocking</name>
         <load_address>0x20010248</load_address>
         <run_address>0x20010248</run_address>
         <size>0x7c</size>
         <input_file_ref idref="fl-16"/>
      </object_component>
      <object_component id="oc-69e">
         <name>.text:I2CCC32XX_primeReadBurst</name>
         <load_address>0x200102c4</load_address>
         <run_address>0x200102c4</run_address>
         <size>0x7a</size>
         <input_file_ref idref="fl-12"/>
      </object_component>
      <object_component id="oc-549">
         <name>.text</name>
         <load_address>0x2001033e</load_address>
         <run_address>0x2001033e</run_address>
         <size>0x7a</size>
         <input_file_ref idref="fl-e0"/>
      </object_component>
      <object_component id="oc-9d">
         <name>.text</name>
         <load_address>0x200103b8</load_address>
         <run_address>0x200103b8</run_address>
         <size>0x7a</size>
         <input_file_ref idref="fl-f6"/>
      </object_component>
      <object_component id="oc-3be">
         <name>.text:_nop</name>
         <load_address>0x20010432</load_address>
         <run_address>0x20010432</run_address>
         <size>0x2</size>
         <input_file_ref idref="fl-fb"/>
      </object_component>
      <object_component id="oc-329">
         <name>.text:GPIO_hwiIntFxn</name>
         <load_address>0x20010434</load_address>
         <run_address>0x20010434</run_address>
         <size>0x78</size>
         <input_file_ref idref="fl-11"/>
      </object_component>
      <object_component id="oc-a65">
         <name>.text:readIsrBinaryCallback</name>
         <load_address>0x200104ac</load_address>
         <run_address>0x200104ac</run_address>
         <size>0x78</size>
         <input_file_ref idref="fl-16"/>
      </object_component>
      <object_component id="oc-9ab">
         <name>.text:UARTCC32XX_hwiIntFxn</name>
         <load_address>0x20010524</load_address>
         <run_address>0x20010524</run_address>
         <size>0x74</size>
         <input_file_ref idref="fl-16"/>
      </object_component>
      <object_component id="oc-7ca">
         <name>.text:split</name>
         <load_address>0x20010598</load_address>
         <run_address>0x20010598</run_address>
         <size>0x70</size>
         <input_file_ref idref="fl-e9"/>
      </object_component>
      <object_component id="oc-84d">
         <name>.text:_mcpy</name>
         <load_address>0x20010608</load_address>
         <run_address>0x20010608</run_address>
         <size>0x6e</size>
         <input_file_ref idref="fl-eb"/>
      </object_component>
      <object_component id="oc-6d1">
         <name>.text:I2CSupport_primeTransfer</name>
         <load_address>0x20010676</load_address>
         <run_address>0x20010676</run_address>
         <size>0x6a</size>
         <input_file_ref idref="fl-12"/>
      </object_component>
      <object_component id="oc-14">
         <name>.text:decompress:lzss:__TI_decompress_lzss</name>
         <load_address>0x200106e0</load_address>
         <run_address>0x200106e0</run_address>
         <size>0x68</size>
         <input_file_ref idref="fl-e8"/>
      </object_component>
      <object_component id="oc-80c">
         <name>.text:UARTCC32XX_writeCancel</name>
         <load_address>0x20010748</load_address>
         <run_address>0x20010748</run_address>
         <size>0x66</size>
         <input_file_ref idref="fl-16"/>
      </object_component>
      <object_component id="oc-73">
         <name>.text:busFaultHandler</name>
         <load_address>0x200107ae</load_address>
         <run_address>0x200107ae</run_address>
         <size>0x2</size>
         <input_file_ref idref="fl-1e"/>
      </object_component>
      <object_component id="oc-462">
         <name>.text:PowerCC32XX_setParkState</name>
         <load_address>0x200107b0</load_address>
         <run_address>0x200107b0</run_address>
         <size>0x64</size>
         <input_file_ref idref="fl-13"/>
      </object_component>
      <object_component id="oc-15f">
         <name>.text:mainThread</name>
         <load_address>0x20010814</load_address>
         <run_address>0x20010814</run_address>
         <size>0x64</size>
         <input_file_ref idref="fl-2"/>
      </object_component>
      <object_component id="oc-806">
         <name>.text:UARTCC32XX_writePolling</name>
         <load_address>0x20010878</load_address>
         <run_address>0x20010878</run_address>
         <size>0x62</size>
         <input_file_ref idref="fl-16"/>
      </object_component>
      <object_component id="oc-438">
         <name>.text:clkFxn</name>
         <load_address>0x200108da</load_address>
         <run_address>0x200108da</run_address>
         <size>0x2</size>
         <input_file_ref idref="fl-1a"/>
      </object_component>
      <object_component id="oc-281">
         <name>.text:PRCMSysResetCauseGet</name>
         <load_address>0x200108dc</load_address>
         <run_address>0x200108dc</run_address>
         <size>0x60</size>
         <input_file_ref idref="fl-25"/>
      </object_component>
      <object_component id="oc-1f3">
         <name>.text:GPIO_setCallback</name>
         <load_address>0x2001093c</load_address>
         <run_address>0x2001093c</run_address>
         <size>0x5c</size>
         <input_file_ref idref="fl-11"/>
      </object_component>
      <object_component id="oc-862">
         <name>.text:frexp</name>
         <load_address>0x20010998</load_address>
         <run_address>0x20010998</run_address>
         <size>0x5c</size>
         <input_file_ref idref="fl-ec"/>
      </object_component>
      <object_component id="oc-916">
         <name>.text:sysTickInit</name>
         <load_address>0x200109f4</load_address>
         <run_address>0x200109f4</run_address>
         <size>0x5c</size>
         <input_file_ref idref="fl-1b"/>
      </object_component>
      <object_component id="oc-3ae">
         <name>.text:GPIO_write</name>
         <load_address>0x20010a50</load_address>
         <run_address>0x20010a50</run_address>
         <size>0x58</size>
         <input_file_ref idref="fl-11"/>
      </object_component>
      <object_component id="oc-29a">
         <name>.text:PRCMPeripheralReset</name>
         <load_address>0x20010aa8</load_address>
         <run_address>0x20010aa8</run_address>
         <size>0x58</size>
         <input_file_ref idref="fl-25"/>
      </object_component>
      <object_component id="oc-8f9">
         <name>.text:Power_releaseDependency</name>
         <load_address>0x20010b00</load_address>
         <run_address>0x20010b00</run_address>
         <size>0x58</size>
         <input_file_ref idref="fl-13"/>
      </object_component>
      <object_component id="oc-644">
         <name>.text:_pconv_f</name>
         <load_address>0x20010b58</load_address>
         <run_address>0x20010b58</run_address>
         <size>0x56</size>
         <input_file_ref idref="fl-eb"/>
      </object_component>
      <object_component id="oc-837">
         <name>.text:__TI_ltoa</name>
         <load_address>0x20010bae</load_address>
         <run_address>0x20010bae</run_address>
         <size>0x54</size>
         <input_file_ref idref="fl-fc"/>
      </object_component>
      <object_component id="oc-6d">
         <name>.text:defaultHandler</name>
         <load_address>0x20010c02</load_address>
         <run_address>0x20010c02</run_address>
         <size>0x2</size>
         <input_file_ref idref="fl-1e"/>
      </object_component>
      <object_component id="oc-217">
         <name>.text:initTimer1000</name>
         <load_address>0x20010c04</load_address>
         <run_address>0x20010c04</run_address>
         <size>0x54</size>
         <input_file_ref idref="fl-2"/>
      </object_component>
      <object_component id="oc-20b">
         <name>.text:initTimer200</name>
         <load_address>0x20010c58</load_address>
         <run_address>0x20010c58</run_address>
         <size>0x54</size>
         <input_file_ref idref="fl-2"/>
      </object_component>
      <object_component id="oc-211">
         <name>.text:initTimer500</name>
         <load_address>0x20010cac</load_address>
         <run_address>0x20010cac</run_address>
         <size>0x54</size>
         <input_file_ref idref="fl-2"/>
      </object_component>
      <object_component id="oc-abe">
         <name>.text:ringBufGet</name>
         <load_address>0x20010d00</load_address>
         <run_address>0x20010d00</run_address>
         <size>0x54</size>
         <input_file_ref idref="fl-16"/>
      </object_component>
      <object_component id="oc-933">
         <name>.text:PowerCC32XX_resumeLPDS</name>
         <load_address>0x20010d54</load_address>
         <run_address>0x20010d54</run_address>
         <size>0x52</size>
         <input_file_ref idref="fl-14"/>
      </object_component>
      <object_component id="oc-847">
         <name>.text:_ecpy</name>
         <load_address>0x20010da6</load_address>
         <run_address>0x20010da6</run_address>
         <size>0x52</size>
         <input_file_ref idref="fl-eb"/>
      </object_component>
      <object_component id="oc-520">
         <name>.text:initHw</name>
         <load_address>0x20010df8</load_address>
         <run_address>0x20010df8</run_address>
         <size>0x52</size>
         <input_file_ref idref="fl-15"/>
      </object_component>
      <object_component id="oc-67">
         <name>.text:faultISR</name>
         <load_address>0x20010e4a</load_address>
         <run_address>0x20010e4a</run_address>
         <size>0x2</size>
         <input_file_ref idref="fl-1e"/>
      </object_component>
      <object_component id="oc-79">
         <name>.text:ClockP_sysTickHandler</name>
         <load_address>0x20010e4c</load_address>
         <run_address>0x20010e4c</run_address>
         <size>0x50</size>
         <input_file_ref idref="fl-1b"/>
      </object_component>
      <object_component id="oc-5c4">
         <name>.text:SemaphoreP_construct</name>
         <load_address>0x20010e9c</load_address>
         <run_address>0x20010e9c</run_address>
         <size>0x50</size>
         <input_file_ref idref="fl-1a"/>
      </object_component>
      <object_component id="oc-508">
         <name>.text:TimerCC32XX_allocateTimerResource</name>
         <load_address>0x20010eec</load_address>
         <run_address>0x20010eec</run_address>
         <size>0x50</size>
         <input_file_ref idref="fl-15"/>
      </object_component>
      <object_component id="oc-1f9">
         <name>.text:GPIO_enableInt</name>
         <load_address>0x20010f3c</load_address>
         <run_address>0x20010f3c</run_address>
         <size>0x4c</size>
         <input_file_ref idref="fl-11"/>
      </object_component>
      <object_component id="oc-692">
         <name>.text:I2CCC32XX_readRecieveFifo</name>
         <load_address>0x20010f88</load_address>
         <run_address>0x20010f88</run_address>
         <size>0x4c</size>
         <input_file_ref idref="fl-12"/>
      </object_component>
      <object_component id="oc-92a">
         <name>.text:PowerCC32XX_parkPin</name>
         <load_address>0x20010fd4</load_address>
         <run_address>0x20010fd4</run_address>
         <size>0x4c</size>
         <input_file_ref idref="fl-13"/>
      </object_component>
      <object_component id="oc-62d">
         <name>.text:atoi</name>
         <load_address>0x20011020</load_address>
         <run_address>0x20011020</run_address>
         <size>0x4c</size>
         <input_file_ref idref="fl-fe"/>
      </object_component>
      <object_component id="oc-794">
         <name>.text:restorePeriphClocks</name>
         <load_address>0x2001106c</load_address>
         <run_address>0x2001106c</run_address>
         <size>0x4c</size>
         <input_file_ref idref="fl-13"/>
      </object_component>
      <object_component id="oc-34d">
         <name>.text:snprintf</name>
         <load_address>0x200110b8</load_address>
         <run_address>0x200110b8</run_address>
         <size>0x4c</size>
         <input_file_ref idref="fl-df"/>
      </object_component>
      <object_component id="oc-94e">
         <name>.text:FlashDisable</name>
         <load_address>0x20011104</load_address>
         <run_address>0x20011104</run_address>
         <size>0x48</size>
         <input_file_ref idref="fl-29"/>
      </object_component>
      <object_component id="oc-7a0">
         <name>.text:PRCMLPDSEnter</name>
         <load_address>0x2001114c</load_address>
         <run_address>0x2001114c</run_address>
         <size>0x48</size>
         <input_file_ref idref="fl-25"/>
      </object_component>
      <object_component id="oc-294">
         <name>.text:PRCMPeripheralClkEnable</name>
         <load_address>0x20011194</load_address>
         <run_address>0x20011194</run_address>
         <size>0x48</size>
         <input_file_ref idref="fl-25"/>
      </object_component>
      <object_component id="oc-8b7">
         <name>.text:Power_releaseConstraint</name>
         <load_address>0x200111dc</load_address>
         <run_address>0x200111dc</run_address>
         <size>0x48</size>
         <input_file_ref idref="fl-13"/>
      </object_component>
      <object_component id="oc-832">
         <name>.text</name>
         <load_address>0x20011224</load_address>
         <run_address>0x20011224</run_address>
         <size>0x48</size>
         <input_file_ref idref="fl-f4"/>
      </object_component>
      <object_component id="oc-aab">
         <name>.text:RingBuf_put</name>
         <load_address>0x2001126c</load_address>
         <run_address>0x2001126c</run_address>
         <size>0x46</size>
         <input_file_ref idref="fl-18"/>
      </object_component>
      <object_component id="oc-51a">
         <name>.text:getPrescaler</name>
         <load_address>0x200112b2</load_address>
         <run_address>0x200112b2</run_address>
         <size>0x46</size>
         <input_file_ref idref="fl-15"/>
      </object_component>
      <object_component id="oc-5ec">
         <name>.text:ClockP_stop</name>
         <load_address>0x200112f8</load_address>
         <run_address>0x200112f8</run_address>
         <size>0x44</size>
         <input_file_ref idref="fl-1b"/>
      </object_component>
      <object_component id="oc-938">
         <name>.text:PRCMLPDSRestoreInfoSet</name>
         <load_address>0x2001133c</load_address>
         <run_address>0x2001133c</run_address>
         <size>0x44</size>
         <input_file_ref idref="fl-25"/>
      </object_component>
      <object_component id="oc-789">
         <name>.text:PowerCC32XX_enterLPDS</name>
         <load_address>0x20011380</load_address>
         <run_address>0x20011380</run_address>
         <size>0x44</size>
         <input_file_ref idref="fl-14"/>
      </object_component>
      <object_component id="oc-2e5">
         <name>.text:SemaphoreP_post</name>
         <load_address>0x200113c4</load_address>
         <run_address>0x200113c4</run_address>
         <size>0x44</size>
         <input_file_ref idref="fl-1a"/>
      </object_component>
      <object_component id="oc-5b4">
         <name>.text:SwiP_restore</name>
         <load_address>0x20011408</load_address>
         <run_address>0x20011408</run_address>
         <size>0x44</size>
         <input_file_ref idref="fl-1f"/>
      </object_component>
      <object_component id="oc-38c">
         <name>.text:Timer_start</name>
         <load_address>0x2001144c</load_address>
         <run_address>0x2001144c</run_address>
         <size>0x44</size>
         <input_file_ref idref="fl-f"/>
      </object_component>
      <object_component id="oc-339">
         <name>.text:UART_init</name>
         <load_address>0x20011490</load_address>
         <run_address>0x20011490</run_address>
         <size>0x44</size>
         <input_file_ref idref="fl-10"/>
      </object_component>
      <object_component id="oc-172">
         <name>.text:__TI_auto_init_nobinit_nopinit:__TI_auto_init_nobinit_nopinit</name>
         <load_address>0x200114d4</load_address>
         <run_address>0x200114d4</run_address>
         <size>0x44</size>
         <input_file_ref idref="fl-f7"/>
      </object_component>
      <object_component id="oc-1ff">
         <name>.text:initUART</name>
         <load_address>0x20011518</load_address>
         <run_address>0x20011518</run_address>
         <size>0x44</size>
         <input_file_ref idref="fl-2"/>
      </object_component>
      <object_component id="oc-a42">
         <name>.text:ClockP_construct</name>
         <load_address>0x2001155c</load_address>
         <run_address>0x2001155c</run_address>
         <size>0x40</size>
         <input_file_ref idref="fl-1b"/>
      </object_component>
      <object_component id="oc-2ac">
         <name>.text:PinModeSet</name>
         <load_address>0x2001159c</load_address>
         <run_address>0x2001159c</run_address>
         <size>0x40</size>
         <input_file_ref idref="fl-24"/>
      </object_component>
      <object_component id="oc-9c5">
         <name>.text:RingBuf_get</name>
         <load_address>0x200115dc</load_address>
         <run_address>0x200115dc</run_address>
         <size>0x40</size>
         <input_file_ref idref="fl-18"/>
      </object_component>
      <object_component id="oc-53a">
         <name>.text:TimerSupport_timerEnable</name>
         <load_address>0x2001161c</load_address>
         <run_address>0x2001161c</run_address>
         <size>0x40</size>
         <input_file_ref idref="fl-15"/>
      </object_component>
      <object_component id="oc-514">
         <name>.text:Timer_close</name>
         <load_address>0x2001165c</load_address>
         <run_address>0x2001165c</run_address>
         <size>0x40</size>
         <input_file_ref idref="fl-15"/>
      </object_component>
      <object_component id="oc-7ee">
         <name>.text:UARTCC32XX_read</name>
         <load_address>0x2001169c</load_address>
         <run_address>0x2001169c</run_address>
         <size>0x40</size>
         <input_file_ref idref="fl-16"/>
      </object_component>
      <object_component id="oc-345">
         <name>.text:UART_open</name>
         <load_address>0x200116dc</load_address>
         <run_address>0x200116dc</run_address>
         <size>0x40</size>
         <input_file_ref idref="fl-10"/>
      </object_component>
      <object_component id="oc-85a">
         <name>.text:_fcpy</name>
         <load_address>0x2001171c</load_address>
         <run_address>0x2001171c</run_address>
         <size>0x3e</size>
         <input_file_ref idref="fl-eb"/>
      </object_component>
      <object_component id="oc-61">
         <name>.text:nmiISR</name>
         <load_address>0x2001175a</load_address>
         <run_address>0x2001175a</run_address>
         <size>0x2</size>
         <input_file_ref idref="fl-1e"/>
      </object_component>
      <object_component id="oc-432">
         <name>.text:ClockP_destruct</name>
         <load_address>0x2001175c</load_address>
         <run_address>0x2001175c</run_address>
         <size>0x3c</size>
         <input_file_ref idref="fl-1b"/>
      </object_component>
      <object_component id="oc-74a">
         <name>.text:Power_setConstraint</name>
         <load_address>0x20011798</load_address>
         <run_address>0x20011798</run_address>
         <size>0x3c</size>
         <input_file_ref idref="fl-13"/>
      </object_component>
      <object_component id="oc-598">
         <name>.text:getCountsRTC</name>
         <load_address>0x200117d4</load_address>
         <run_address>0x200117d4</run_address>
         <size>0x3a</size>
         <input_file_ref idref="fl-1d"/>
      </object_component>
      <object_component id="oc-771">
         <name>.text</name>
         <load_address>0x2001180e</load_address>
         <run_address>0x2001180e</run_address>
         <size>0x2</size>
         <input_file_ref idref="fl-ef"/>
      </object_component>
      <object_component id="oc-7a6">
         <name>.text:PRCMLPDSEnterKeepDebugIf</name>
         <load_address>0x20011810</load_address>
         <run_address>0x20011810</run_address>
         <size>0x38</size>
         <input_file_ref idref="fl-25"/>
      </object_component>
      <object_component id="oc-db">
         <name>.text:addToList</name>
         <load_address>0x20011848</load_address>
         <run_address>0x20011848</run_address>
         <size>0x38</size>
         <input_file_ref idref="fl-1b"/>
      </object_component>
      <object_component id="oc-59">
         <name>.text:initVectors</name>
         <load_address>0x20011880</load_address>
         <run_address>0x20011880</run_address>
         <size>0x38</size>
         <input_file_ref idref="fl-1e"/>
      </object_component>
      <object_component id="oc-777">
         <name>.text:notify</name>
         <load_address>0x200118b8</load_address>
         <run_address>0x200118b8</run_address>
         <size>0x38</size>
         <input_file_ref idref="fl-13"/>
      </object_component>
      <object_component id="oc-54e">
         <name>.text</name>
         <load_address>0x200118f0</load_address>
         <run_address>0x200118f0</run_address>
         <size>0x38</size>
         <input_file_ref idref="fl-e1"/>
      </object_component>
      <object_component id="oc-544">
         <name>.text</name>
         <load_address>0x20011928</load_address>
         <run_address>0x20011928</run_address>
         <size>0x38</size>
         <input_file_ref idref="fl-e2"/>
      </object_component>
      <object_component id="oc-72b">
         <name>.text:TimerControlStall</name>
         <load_address>0x20011960</load_address>
         <run_address>0x20011960</run_address>
         <size>0x36</size>
         <input_file_ref idref="fl-26"/>
      </object_component>
      <object_component id="oc-6f9">
         <name>.text:Timer_stop</name>
         <load_address>0x20011996</load_address>
         <run_address>0x20011996</run_address>
         <size>0x36</size>
         <input_file_ref idref="fl-f"/>
      </object_component>
      <object_component id="oc-7fa">
         <name>.text:UARTCC32XX_readCancel</name>
         <load_address>0x200119cc</load_address>
         <run_address>0x200119cc</run_address>
         <size>0x36</size>
         <input_file_ref idref="fl-16"/>
      </object_component>
      <object_component id="oc-586">
         <name>.text:ClockP_getTicksUntilInterrupt</name>
         <load_address>0x20011a04</load_address>
         <run_address>0x20011a04</run_address>
         <size>0x34</size>
         <input_file_ref idref="fl-1b"/>
      </object_component>
      <object_component id="oc-768">
         <name>.text:ClockP_startup</name>
         <load_address>0x20011a38</load_address>
         <run_address>0x20011a38</run_address>
         <size>0x34</size>
         <input_file_ref idref="fl-1b"/>
      </object_component>
      <object_component id="oc-2a6">
         <name>.text:PinModeGet</name>
         <load_address>0x20011a6c</load_address>
         <run_address>0x20011a6c</run_address>
         <size>0x34</size>
         <input_file_ref idref="fl-24"/>
      </object_component>
      <object_component id="oc-969">
         <name>.text:PowerCC32XX_restoreParkState</name>
         <load_address>0x20011aa0</load_address>
         <run_address>0x20011aa0</run_address>
         <size>0x34</size>
         <input_file_ref idref="fl-13"/>
      </object_component>
      <object_component id="oc-711">
         <name>.text:TimerCC32XX_freeTimerResource</name>
         <load_address>0x20011ad4</load_address>
         <run_address>0x20011ad4</run_address>
         <size>0x34</size>
         <input_file_ref idref="fl-15"/>
      </object_component>
      <object_component id="oc-532">
         <name>.text:TimerCC32XX_hwiIntFunction</name>
         <load_address>0x20011b08</load_address>
         <run_address>0x20011b08</run_address>
         <size>0x34</size>
         <input_file_ref idref="fl-15"/>
      </object_component>
      <object_component id="oc-6ee">
         <name>.text:getPowerMgrId</name>
         <load_address>0x20011b3c</load_address>
         <run_address>0x20011b3c</run_address>
         <size>0x34</size>
         <input_file_ref idref="fl-15"/>
      </object_component>
      <object_component id="oc-420">
         <name>.text:ClockP_start</name>
         <load_address>0x20011b70</load_address>
         <run_address>0x20011b70</run_address>
         <size>0x30</size>
         <input_file_ref idref="fl-1b"/>
      </object_component>
      <object_component id="oc-947">
         <name>.text:PowerCC32XX_restoreParkedPin</name>
         <load_address>0x20011ba0</load_address>
         <run_address>0x20011ba0</run_address>
         <size>0x30</size>
         <input_file_ref idref="fl-13"/>
      </object_component>
      <object_component id="oc-4a9">
         <name>.text:_outs</name>
         <load_address>0x20011bd0</load_address>
         <run_address>0x20011bd0</run_address>
         <size>0x30</size>
         <input_file_ref idref="fl-df"/>
      </object_component>
      <object_component id="oc-83d">
         <name>.text</name>
         <load_address>0x20011c00</load_address>
         <run_address>0x20011c00</run_address>
         <size>0x2e</size>
         <input_file_ref idref="fl-f5"/>
      </object_component>
      <object_component id="oc-98a">
         <name>.text:PowerCC32XX_getParkState</name>
         <load_address>0x20011c30</load_address>
         <run_address>0x20011c30</run_address>
         <size>0x2c</size>
         <input_file_ref idref="fl-13"/>
      </object_component>
      <object_component id="oc-311">
         <name>.text:HwiP_create</name>
         <load_address>0x20011c5c</load_address>
         <run_address>0x20011c5c</run_address>
         <size>0x2a</size>
         <input_file_ref idref="fl-1c"/>
      </object_component>
      <object_component id="oc-725">
         <name>.text:TimerLoadSet</name>
         <load_address>0x20011c86</load_address>
         <run_address>0x20011c86</run_address>
         <size>0x2a</size>
         <input_file_ref idref="fl-26"/>
      </object_component>
      <object_component id="oc-71f">
         <name>.text:TimerPrescaleSet</name>
         <load_address>0x20011cb0</load_address>
         <run_address>0x20011cb0</run_address>
         <size>0x2a</size>
         <input_file_ref idref="fl-26"/>
      </object_component>
      <object_component id="oc-6aa">
         <name>.text:I2CFIFODataPutNonBlocking</name>
         <load_address>0x20011cda</load_address>
         <run_address>0x20011cda</run_address>
         <size>0x28</size>
         <input_file_ref idref="fl-22"/>
      </object_component>
      <object_component id="oc-2a0">
         <name>.text:PRCMPeripheralClkDisable</name>
         <load_address>0x20011d04</load_address>
         <run_address>0x20011d04</run_address>
         <size>0x28</size>
         <input_file_ref idref="fl-25"/>
      </object_component>
      <object_component id="oc-2df">
         <name>.text:Power_registerNotify</name>
         <load_address>0x20011d2c</load_address>
         <run_address>0x20011d2c</run_address>
         <size>0x28</size>
         <input_file_ref idref="fl-13"/>
      </object_component>
      <object_component id="oc-5e4">
         <name>.text:free_list_insert</name>
         <load_address>0x20011d54</load_address>
         <run_address>0x20011d54</run_address>
         <size>0x28</size>
         <input_file_ref idref="fl-e9"/>
      </object_component>
      <object_component id="oc-893">
         <name>.text:I2CFIFODataGetNonBlocking</name>
         <load_address>0x20011d7c</load_address>
         <run_address>0x20011d7c</run_address>
         <size>0x26</size>
         <input_file_ref idref="fl-22"/>
      </object_component>
      <object_component id="oc-6dd">
         <name>.text:I2C_cancel</name>
         <load_address>0x20011da2</load_address>
         <run_address>0x20011da2</run_address>
         <size>0x26</size>
         <input_file_ref idref="fl-e"/>
      </object_component>
      <object_component id="oc-442">
         <name>.text:List_put</name>
         <load_address>0x20011dc8</load_address>
         <run_address>0x20011dc8</run_address>
         <size>0x26</size>
         <input_file_ref idref="fl-17"/>
      </object_component>
      <object_component id="oc-8ea">
         <name>.text:List_remove</name>
         <load_address>0x20011dee</load_address>
         <run_address>0x20011dee</run_address>
         <size>0x26</size>
         <input_file_ref idref="fl-17"/>
      </object_component>
      <object_component id="oc-60c">
         <name>.text:HwiP_dispatch</name>
         <load_address>0x20011e14</load_address>
         <run_address>0x20011e14</run_address>
         <size>0x24</size>
         <input_file_ref idref="fl-1c"/>
      </object_component>
      <object_component id="oc-984">
         <name>.text:PowerCC32XX_reset</name>
         <load_address>0x20011e38</load_address>
         <run_address>0x20011e38</run_address>
         <size>0x24</size>
         <input_file_ref idref="fl-13"/>
      </object_component>
      <object_component id="oc-8e3">
         <name>.text:TimerSupport_timerDisable</name>
         <load_address>0x20011e5c</load_address>
         <run_address>0x20011e5c</run_address>
         <size>0x24</size>
         <input_file_ref idref="fl-15"/>
      </object_component>
      <object_component id="oc-c5">
         <name>.text:_c_int00_noargs:_c_int00_noargs</name>
         <load_address>0x20011e80</load_address>
         <run_address>0x20011e80</run_address>
         <size>0x24</size>
         <input_file_ref idref="fl-ea"/>
      </object_component>
      <object_component id="oc-3a1">
         <name>.text:timerCallback1000</name>
         <load_address>0x20011ea4</load_address>
         <run_address>0x20011ea4</run_address>
         <size>0x24</size>
         <input_file_ref idref="fl-2"/>
      </object_component>
      <object_component id="oc-89b">
         <name>.text:I2CMasterSlaveAddrSet</name>
         <load_address>0x20011ec8</load_address>
         <run_address>0x20011ec8</run_address>
         <size>0x22</size>
         <input_file_ref idref="fl-22"/>
      </object_component>
      <object_component id="oc-8f1">
         <name>.text:HwiP_destruct</name>
         <load_address>0x20011eea</load_address>
         <run_address>0x20011eea</run_address>
         <size>0x20</size>
         <input_file_ref idref="fl-1c"/>
      </object_component>
      <object_component id="oc-6ff">
         <name>.text:Power_unregisterNotify</name>
         <load_address>0x20011f0c</load_address>
         <run_address>0x20011f0c</run_address>
         <size>0x20</size>
         <input_file_ref idref="fl-13"/>
      </object_component>
      <object_component id="oc-970">
         <name>.text:RingBuf_peek</name>
         <load_address>0x20011f2c</load_address>
         <run_address>0x20011f2c</run_address>
         <size>0x20</size>
         <input_file_ref idref="fl-18"/>
      </object_component>
      <object_component id="oc-97e">
         <name>.text:getPowerMgrId</name>
         <load_address>0x20011f4c</load_address>
         <run_address>0x20011f4c</run_address>
         <size>0x20</size>
         <input_file_ref idref="fl-16"/>
      </object_component>
      <object_component id="oc-686">
         <name>.text:I2CMasterIntStatusEx</name>
         <load_address>0x20011f6c</load_address>
         <run_address>0x20011f6c</run_address>
         <size>0x1e</size>
         <input_file_ref idref="fl-22"/>
      </object_component>
      <object_component id="oc-4d2">
         <name>.text:SemaphoreP_constructBinary</name>
         <load_address>0x20011f8a</load_address>
         <run_address>0x20011f8a</run_address>
         <size>0x1e</size>
         <input_file_ref idref="fl-1a"/>
      </object_component>
      <object_component id="oc-719">
         <name>.text:TimerDisable</name>
         <load_address>0x20011fa8</load_address>
         <run_address>0x20011fa8</run_address>
         <size>0x1e</size>
         <input_file_ref idref="fl-26"/>
      </object_component>
      <object_component id="oc-750">
         <name>.text:TimerEnable</name>
         <load_address>0x20011fc6</load_address>
         <run_address>0x20011fc6</run_address>
         <size>0x1e</size>
         <input_file_ref idref="fl-26"/>
      </object_component>
      <object_component id="oc-924">
         <name>.text:PinToPadGet</name>
         <load_address>0x20011fe4</load_address>
         <run_address>0x20011fe4</run_address>
         <size>0x1c</size>
         <input_file_ref idref="fl-24"/>
      </object_component>
      <object_component id="oc-57a">
         <name>.text:SwiP_disable</name>
         <load_address>0x20012000</load_address>
         <run_address>0x20012000</run_address>
         <size>0x1c</size>
         <input_file_ref idref="fl-1f"/>
      </object_component>
      <object_component id="oc-5de">
         <name>.text:free_list_remove</name>
         <load_address>0x2001201c</load_address>
         <run_address>0x2001201c</run_address>
         <size>0x1c</size>
         <input_file_ref idref="fl-e9"/>
      </object_component>
      <object_component id="oc-656">
         <name>.text:memccpy</name>
         <load_address>0x20012038</load_address>
         <run_address>0x20012038</run_address>
         <size>0x1c</size>
         <input_file_ref idref="fl-100"/>
      </object_component>
      <object_component id="oc-996">
         <name>.text:ClockP_create</name>
         <load_address>0x20012054</load_address>
         <run_address>0x20012054</run_address>
         <size>0x1a</size>
         <input_file_ref idref="fl-1b"/>
      </object_component>
      <object_component id="oc-2c1">
         <name>.text:SemaphoreP_createBinary</name>
         <load_address>0x2001206e</load_address>
         <run_address>0x2001206e</run_address>
         <size>0x1a</size>
         <input_file_ref idref="fl-1a"/>
      </object_component>
      <object_component id="oc-21">
         <name>.text:resetISR</name>
         <load_address>0x20012088</load_address>
         <run_address>0x20012088</run_address>
         <size>0x1a</size>
         <input_file_ref idref="fl-1e"/>
      </object_component>
      <object_component id="oc-8cc">
         <name>.text:I2CMasterBusBusy</name>
         <load_address>0x200120a2</load_address>
         <run_address>0x200120a2</run_address>
         <size>0x18</size>
         <input_file_ref idref="fl-22"/>
      </object_component>
      <object_component id="oc-698">
         <name>.text:I2CMasterIntDisableEx</name>
         <load_address>0x200120ba</load_address>
         <run_address>0x200120ba</run_address>
         <size>0x18</size>
         <input_file_ref idref="fl-22"/>
      </object_component>
      <object_component id="oc-8ad">
         <name>.text:I2CMasterIntEnableEx</name>
         <load_address>0x200120d2</load_address>
         <run_address>0x200120d2</run_address>
         <size>0x18</size>
         <input_file_ref idref="fl-22"/>
      </object_component>
      <object_component id="oc-8c6">
         <name>.text:I2CRxFIFOFlush</name>
         <load_address>0x200120ea</load_address>
         <run_address>0x200120ea</run_address>
         <size>0x18</size>
         <input_file_ref idref="fl-22"/>
      </object_component>
      <object_component id="oc-8c0">
         <name>.text:I2CTxFIFOFlush</name>
         <load_address>0x20012102</load_address>
         <run_address>0x20012102</run_address>
         <size>0x18</size>
         <input_file_ref idref="fl-22"/>
      </object_component>
      <object_component id="oc-58c">
         <name>.text:Power_getTransitionLatency</name>
         <load_address>0x2001211c</load_address>
         <run_address>0x2001211c</run_address>
         <size>0x18</size>
         <input_file_ref idref="fl-13"/>
      </object_component>
      <object_component id="oc-7b9">
         <name>.text:Power_idleFunc</name>
         <load_address>0x20012134</load_address>
         <run_address>0x20012134</run_address>
         <size>0x18</size>
         <input_file_ref idref="fl-13"/>
      </object_component>
      <object_component id="oc-a21">
         <name>.text:TimerIntDisable</name>
         <load_address>0x2001214c</load_address>
         <run_address>0x2001214c</run_address>
         <size>0x18</size>
         <input_file_ref idref="fl-26"/>
      </object_component>
      <object_component id="oc-744">
         <name>.text:TimerIntEnable</name>
         <load_address>0x20012164</load_address>
         <run_address>0x20012164</run_address>
         <size>0x18</size>
         <input_file_ref idref="fl-26"/>
      </object_component>
      <object_component id="oc-9cd">
         <name>.text:UARTBusy</name>
         <load_address>0x2001217c</load_address>
         <run_address>0x2001217c</run_address>
         <size>0x18</size>
         <input_file_ref idref="fl-27"/>
      </object_component>
      <object_component id="oc-a86">
         <name>.text:UARTIntEnable</name>
         <load_address>0x20012194</load_address>
         <run_address>0x20012194</run_address>
         <size>0x18</size>
         <input_file_ref idref="fl-27"/>
      </object_component>
      <object_component id="oc-33f">
         <name>.text:UART_Params_init</name>
         <load_address>0x200121ac</load_address>
         <run_address>0x200121ac</run_address>
         <size>0x18</size>
         <input_file_ref idref="fl-10"/>
      </object_component>
      <object_component id="oc-4af">
         <name>.text:_outc</name>
         <load_address>0x200121c4</load_address>
         <run_address>0x200121c4</run_address>
         <size>0x18</size>
         <input_file_ref idref="fl-df"/>
      </object_component>
      <object_component id="oc-223">
         <name>.text:gpioButtonFxn0</name>
         <load_address>0x200121dc</load_address>
         <run_address>0x200121dc</run_address>
         <size>0x18</size>
         <input_file_ref idref="fl-2"/>
      </object_component>
      <object_component id="oc-229">
         <name>.text:gpioButtonFxn1</name>
         <load_address>0x200121f4</load_address>
         <run_address>0x200121f4</run_address>
         <size>0x18</size>
         <input_file_ref idref="fl-2"/>
      </object_component>
      <object_component id="oc-5a9">
         <name>.text</name>
         <load_address>0x2001220c</load_address>
         <run_address>0x2001220c</run_address>
         <size>0x18</size>
         <input_file_ref idref="fl-e3"/>
      </object_component>
      <object_component id="oc-392">
         <name>.text:timerCallback200</name>
         <load_address>0x20012224</load_address>
         <run_address>0x20012224</run_address>
         <size>0x18</size>
         <input_file_ref idref="fl-2"/>
      </object_component>
      <object_component id="oc-39a">
         <name>.text:timerCallback500</name>
         <load_address>0x2001223c</load_address>
         <run_address>0x2001223c</run_address>
         <size>0x18</size>
         <input_file_ref idref="fl-2"/>
      </object_component>
      <object_component id="oc-8a7">
         <name>.text:I2CMasterBurstLengthSet</name>
         <load_address>0x20012254</load_address>
         <run_address>0x20012254</run_address>
         <size>0x16</size>
         <input_file_ref idref="fl-22"/>
      </object_component>
      <object_component id="oc-28e">
         <name>.text:PRCMHIBRegRead</name>
         <load_address>0x2001226a</load_address>
         <run_address>0x2001226a</run_address>
         <size>0x16</size>
         <input_file_ref idref="fl-25"/>
      </object_component>
      <object_component id="oc-288">
         <name>.text:PRCMHIBRegWrite</name>
         <load_address>0x20012280</load_address>
         <run_address>0x20012280</run_address>
         <size>0x16</size>
         <input_file_ref idref="fl-25"/>
      </object_component>
      <object_component id="oc-408">
         <name>.text:SemaphoreP_create</name>
         <load_address>0x20012296</load_address>
         <run_address>0x20012296</run_address>
         <size>0x16</size>
         <input_file_ref idref="fl-1a"/>
      </object_component>
      <object_component id="oc-86e">
         <name>.text:strchr</name>
         <load_address>0x200122ac</load_address>
         <run_address>0x200122ac</run_address>
         <size>0x16</size>
         <input_file_ref idref="fl-101"/>
      </object_component>
      <object_component id="oc-a3">
         <name>.text:CPUcpsid</name>
         <load_address>0x200122c2</load_address>
         <run_address>0x200122c2</run_address>
         <size>0x14</size>
         <input_file_ref idref="fl-21"/>
      </object_component>
      <object_component id="oc-449">
         <name>.text:HwiP_inISR</name>
         <load_address>0x200122d8</load_address>
         <run_address>0x200122d8</run_address>
         <size>0x14</size>
         <input_file_ref idref="fl-1c"/>
      </object_component>
      <object_component id="oc-8d4">
         <name>.text:I2CSupport_masterFinish</name>
         <load_address>0x200122ec</load_address>
         <run_address>0x200122ec</run_address>
         <size>0x14</size>
         <input_file_ref idref="fl-12"/>
      </object_component>
      <object_component id="oc-36b">
         <name>.text:I2C_transfer</name>
         <load_address>0x20012300</load_address>
         <run_address>0x20012300</run_address>
         <size>0x14</size>
         <input_file_ref idref="fl-e"/>
      </object_component>
      <object_component id="oc-af">
         <name>.text:IntVTableBaseSet</name>
         <load_address>0x20012314</load_address>
         <run_address>0x20012314</run_address>
         <size>0x14</size>
         <input_file_ref idref="fl-23"/>
      </object_component>
      <object_component id="oc-44f">
         <name>.text:Power_disablePolicy</name>
         <load_address>0x20012328</load_address>
         <run_address>0x20012328</run_address>
         <size>0x14</size>
         <input_file_ref idref="fl-13"/>
      </object_component>
      <object_component id="oc-940">
         <name>.text:Power_getDependencyCount</name>
         <load_address>0x2001233c</load_address>
         <run_address>0x2001233c</run_address>
         <size>0x14</size>
         <input_file_ref idref="fl-13"/>
      </object_component>
      <object_component id="oc-a80">
         <name>.text:releasePowerConstraint</name>
         <load_address>0x20012350</load_address>
         <run_address>0x20012350</run_address>
         <size>0x14</size>
         <input_file_ref idref="fl-16"/>
      </object_component>
      <object_component id="oc-627">
         <name>.text:strlen</name>
         <load_address>0x20012364</load_address>
         <run_address>0x20012364</run_address>
         <size>0x14</size>
         <input_file_ref idref="fl-102"/>
      </object_component>
      <object_component id="oc-30b">
         <name>.text:HwiP_Params_init</name>
         <load_address>0x20012378</load_address>
         <run_address>0x20012378</run_address>
         <size>0x12</size>
         <input_file_ref idref="fl-1c"/>
      </object_component>
      <object_component id="oc-68c">
         <name>.text:I2CMasterIntClearEx</name>
         <load_address>0x2001238a</load_address>
         <run_address>0x2001238a</run_address>
         <size>0x12</size>
         <input_file_ref idref="fl-22"/>
      </object_component>
      <object_component id="oc-978">
         <name>.text:RingBuf_construct</name>
         <load_address>0x2001239c</load_address>
         <run_address>0x2001239c</run_address>
         <size>0x12</size>
         <input_file_ref idref="fl-18"/>
      </object_component>
      <object_component id="oc-73b">
         <name>.text:TimerIntClear</name>
         <load_address>0x200123ae</load_address>
         <run_address>0x200123ae</run_address>
         <size>0x12</size>
         <input_file_ref idref="fl-26"/>
      </object_component>
      <object_component id="oc-11a">
         <name>.text:main</name>
         <load_address>0x200123c0</load_address>
         <run_address>0x200123c0</run_address>
         <size>0x12</size>
         <input_file_ref idref="fl-4"/>
      </object_component>
      <object_component id="oc-65c">
         <name>.text:wcslen</name>
         <load_address>0x200123d2</load_address>
         <run_address>0x200123d2</run_address>
         <size>0x12</size>
         <input_file_ref idref="fl-ee"/>
      </object_component>
      <object_component id="oc-153">
         <name>.text:Board_init</name>
         <load_address>0x200123e4</load_address>
         <run_address>0x200123e4</run_address>
         <size>0x10</size>
         <input_file_ref idref="fl-3"/>
      </object_component>
      <object_component id="oc-41a">
         <name>.text:ClockP_add</name>
         <load_address>0x200123f4</load_address>
         <run_address>0x200123f4</run_address>
         <size>0x10</size>
         <input_file_ref idref="fl-1b"/>
      </object_component>
      <object_component id="oc-963">
         <name>.text:ClockP_delete</name>
         <load_address>0x20012404</load_address>
         <run_address>0x20012404</run_address>
         <size>0x10</size>
         <input_file_ref idref="fl-1b"/>
      </object_component>
      <object_component id="oc-50e">
         <name>.text:ClockP_getCpuFreq</name>
         <load_address>0x20012414</load_address>
         <run_address>0x20012414</run_address>
         <size>0x10</size>
         <input_file_ref idref="fl-1b"/>
      </object_component>
      <object_component id="oc-592">
         <name>.text:ClockP_getSystemTicks</name>
         <load_address>0x20012424</load_address>
         <run_address>0x20012424</run_address>
         <size>0x10</size>
         <input_file_ref idref="fl-1b"/>
      </object_component>
      <object_component id="oc-5ae">
         <name>.text:ClockP_setTicks</name>
[...]
         <name>HwiP_create</name>
         <value>0x20011c5d</value>
         <object_component_ref idref="oc-311"/>
      </symbol>
      <symbol id="sm-b37">
         <name>HwiP_post</name>
         <value>0x200125e3</value>
         <object_component_ref idref="oc-7af"/>
      </symbol>
      <symbol id="sm-b38">
         <name>HwiP_enable</name>
         <value>0x200124ef</value>
         <object_component_ref idref="oc-159"/>
      </symbol>
      <symbol id="sm-b39">
         <name>HwiP_restore</name>
         <value>0x20012455</value>
         <object_component_ref idref="oc-2cd"/>
      </symbol>
      <symbol id="sm-b3a">
         <name>HwiP_disableInterrupt</name>
         <value>0x200124e1</value>
         <object_component_ref idref="oc-6cb"/>
      </symbol>
      <symbol id="sm-b6a">
         <name>PowerCC32XX_initPolicy</name>
         <value>0x2000ee53</value>
         <object_component_ref idref="oc-3f1"/>
      </symbol>
      <symbol id="sm-b6b">
         <name>PowerCC32XX_sleepPolicy</name>
         <value>0x2000db65</value>
         <object_component_ref idref="oc-3f7"/>
      </symbol>
      <symbol id="sm-bc0">
         <name>resetISR</name>
         <value>0x20012089</value>
         <object_component_ref idref="oc-21"/>
      </symbol>
      <symbol id="sm-bc1">
         <name>resetVectorAddr</name>
         <value>0x2001209c</value>
         <object_component_ref idref="oc-21"/>
      </symbol>
      <symbol id="sm-bc2">
         <name>initVectors</name>
         <value>0x20011881</value>
         <object_component_ref idref="oc-59"/>
      </symbol>
      <symbol id="sm-bc3">
         <name>resetVectors</name>
         <value>0x20004000</value>
         <object_component_ref idref="oc-27"/>
      </symbol>
      <symbol id="sm-bf3">
         <name>SwiP_disable</name>
         <value>0x20012001</value>
         <object_component_ref idref="oc-57a"/>
      </symbol>
      <symbol id="sm-bf4">
         <name>SwiP_restore</name>
         <value>0x20011409</value>
         <object_component_ref idref="oc-5b4"/>
      </symbol>
      <symbol id="sm-bff">
         <name>CPUcpsid</name>
         <value>0x200122c3</value>
         <object_component_ref idref="oc-a3"/>
      </symbol>
      <symbol id="sm-c6c">
         <name>I2CRxFIFOFlush</name>
         <value>0x200120eb</value>
         <object_component_ref idref="oc-8c6"/>
      </symbol>
      <symbol id="sm-c6d">
         <name>I2CTxFIFOFlush</name>
         <value>0x20012103</value>
         <object_component_ref idref="oc-8c0"/>
      </symbol>
      <symbol id="sm-c6e">
         <name>I2CFIFODataPutNonBlocking</name>
         <value>0x20011cdb</value>
         <object_component_ref idref="oc-6aa"/>
      </symbol>
      <symbol id="sm-c6f">
         <name>I2CMasterBusBusy</name>
         <value>0x200120a3</value>
         <object_component_ref idref="oc-8cc"/>
      </symbol>
      <symbol id="sm-c70">
         <name>I2CMasterIntDisableEx</name>
         <value>0x200120bb</value>
         <object_component_ref idref="oc-698"/>
      </symbol>
      <symbol id="sm-c71">
         <name>I2CMasterBurstLengthSet</name>
         <value>0x20012255</value>
         <object_component_ref idref="oc-8a7"/>
      </symbol>
      <symbol id="sm-c72">
         <name>I2CMasterIntClearEx</name>
         <value>0x2001238b</value>
         <object_component_ref idref="oc-68c"/>
      </symbol>
      <symbol id="sm-c73">
         <name>I2CMasterSlaveAddrSet</name>
         <value>0x20011ec9</value>
         <object_component_ref idref="oc-89b"/>
      </symbol>
      <symbol id="sm-c74">
         <name>I2CMasterIntEnableEx</name>
         <value>0x200120d3</value>
         <object_component_ref idref="oc-8ad"/>
      </symbol>
      <symbol id="sm-c75">
         <name>I2CFIFOStatus</name>
         <value>0x20012465</value>
         <object_component_ref idref="oc-6b0"/>
      </symbol>
      <symbol id="sm-c76">
         <name>I2CMasterIntStatusEx</name>
         <value>0x20011f6d</value>
         <object_component_ref idref="oc-686"/>
      </symbol>
      <symbol id="sm-c77">
         <name>I2CFIFODataGetNonBlocking</name>
         <value>0x20011d7d</value>
         <object_component_ref idref="oc-893"/>
      </symbol>
      <symbol id="sm-cbc">
         <name>IntVTableBaseSet</name>
         <value>0x20012315</value>
         <object_component_ref idref="oc-af"/>
      </symbol>
      <symbol id="sm-cbd">
         <name>IntEnable</name>
         <value>0x2000f7ed</value>
         <object_component_ref idref="oc-b5"/>
      </symbol>
      <symbol id="sm-cbe">
         <name>IntMasterDisable</name>
         <value>0x20012591</value>
         <object_component_ref idref="oc-53"/>
      </symbol>
      <symbol id="sm-cbf">
         <name>IntPendSet</name>
         <value>0x2000fea5</value>
         <object_component_ref idref="oc-956"/>
      </symbol>
      <symbol id="sm-cf9">
         <name>PinModeGet</name>
         <value>0x20011a6d</value>
         <object_component_ref idref="oc-2a6"/>
      </symbol>
      <symbol id="sm-cfa">
         <name>PinConfigSet</name>
         <value>0x2000ff2d</value>
         <object_component_ref idref="oc-2ff"/>
      </symbol>
      <symbol id="sm-cfb">
         <name>PinModeSet</name>
         <value>0x2001159d</value>
         <object_component_ref idref="oc-2ac"/>
      </symbol>
      <symbol id="sm-cfc">
         <name>PinToPadGet</name>
         <value>0x20011fe5</value>
         <object_component_ref idref="oc-924"/>
      </symbol>
      <symbol id="sm-dc5">
         <name>PRCMLPDSRestoreInfoSet</name>
         <value>0x2001133d</value>
         <object_component_ref idref="oc-938"/>
      </symbol>
      <symbol id="sm-dc6">
         <name>PRCMPeripheralReset</name>
         <value>0x20010aa9</value>
         <object_component_ref idref="oc-29a"/>
      </symbol>
      <symbol id="sm-dc7">
         <name>PRCMLPDSEnter</name>
         <value>0x2001114d</value>
         <object_component_ref idref="oc-7a0"/>
      </symbol>
      <symbol id="sm-dc8">
         <name>PRCMPeripheralClkEnable</name>
         <value>0x20011195</value>
         <object_component_ref idref="oc-294"/>
      </symbol>
      <symbol id="sm-dc9">
         <name>PRCMLPDSEnterKeepDebugIf</name>
         <value>0x20011811</value>
         <object_component_ref idref="oc-7a6"/>
      </symbol>
      <symbol id="sm-dca">
         <name>PRCMCC3200MCUInit</name>
         <value>0x2000ca91</value>
         <object_component_ref idref="oc-1d3"/>
      </symbol>
      <symbol id="sm-dcb">
         <name>PRCMHIBRegWrite</name>
         <value>0x20012281</value>
         <object_component_ref idref="oc-288"/>
      </symbol>
      <symbol id="sm-dcc">
         <name>PRCMSysResetCauseGet</name>
         <value>0x200108dd</value>
         <object_component_ref idref="oc-281"/>
      </symbol>
      <symbol id="sm-dcd">
         <name>PRCMPeripheralClkDisable</name>
         <value>0x20011d05</value>
         <object_component_ref idref="oc-2a0"/>
      </symbol>
      <symbol id="sm-dce">
         <name>PRCMHIBRegRead</name>
         <value>0x2001226b</value>
         <object_component_ref idref="oc-28e"/>
      </symbol>
      <symbol id="sm-e16">
         <name>TimerLoadSet</name>
         <value>0x20011c87</value>
         <object_component_ref idref="oc-725"/>
      </symbol>
      <symbol id="sm-e17">
         <name>TimerDisable</name>
         <value>0x20011fa9</value>
         <object_component_ref idref="oc-719"/>
      </symbol>
      <symbol id="sm-e18">
         <name>TimerEnable</name>
         <value>0x20011fc7</value>
         <object_component_ref idref="oc-750"/>
      </symbol>
      <symbol id="sm-e19">
         <name>TimerIntDisable</name>
         <value>0x2001214d</value>
         <object_component_ref idref="oc-a21"/>
      </symbol>
      <symbol id="sm-e1a">
         <name>TimerPrescaleSet</name>
         <value>0x20011cb1</value>
         <object_component_ref idref="oc-71f"/>
      </symbol>
      <symbol id="sm-e1b">
         <name>TimerControlStall</name>
         <value>0x20011961</value>
         <object_component_ref idref="oc-72b"/>
      </symbol>
      <symbol id="sm-e1c">
         <name>TimerIntEnable</name>
         <value>0x20012165</value>
         <object_component_ref idref="oc-744"/>
      </symbol>
      <symbol id="sm-e1d">
         <name>TimerIntClear</name>
         <value>0x200123af</value>
         <object_component_ref idref="oc-73b"/>
      </symbol>
      <symbol id="sm-e31">
         <name>UARTBusy</name>
         <value>0x2001217d</value>
         <object_component_ref idref="oc-9cd"/>
      </symbol>
      <symbol id="sm-e32">
         <name>UARTIntEnable</name>
         <value>0x20012195</value>
         <object_component_ref idref="oc-a86"/>
      </symbol>
      <symbol id="sm-e36">
         <name>UtilsDelay</name>
         <value>0x200125d9</value>
         <object_component_ref idref="oc-287"/>
      </symbol>
      <symbol id="sm-e46">
         <name>FlashDisable</name>
         <value>0x20011105</value>
         <object_component_ref idref="oc-94e"/>
      </symbol>
      <symbol id="sm-e75">
         <name>snprintf</name>
         <value>0x200110b9</value>
         <object_component_ref idref="oc-34d"/>
      </symbol>
      <symbol id="sm-e7f">
         <name>__aeabi_fmul</name>
         <value>0x2001033f</value>
         <object_component_ref idref="oc-549"/>
      </symbol>
      <symbol id="sm-e89">
         <name>__aeabi_f2iz</name>
         <value>0x200118f1</value>
         <object_component_ref idref="oc-54e"/>
      </symbol>
      <symbol id="sm-e94">
         <name>__aeabi_i2f</name>
         <value>0x20011929</value>
         <object_component_ref idref="oc-544"/>
      </symbol>
      <symbol id="sm-e9d">
         <name>__aeabi_lmul</name>
         <value>0x2001220d</value>
         <object_component_ref idref="oc-5a9"/>
      </symbol>
      <symbol id="sm-eb8">
         <name>memcpy</name>
         <value>0x2000fbbd</value>
         <object_component_ref idref="oc-3b"/>
      </symbol>
      <symbol id="sm-eb9">
         <name>__aeabi_memcpy</name>
         <value>0x2000fbbd</value>
         <object_component_ref idref="oc-3b"/>
      </symbol>
      <symbol id="sm-eba">
         <name>__aeabi_memcpy8</name>
         <value>0x2000fbbd</value>
         <object_component_ref idref="oc-3b"/>
      </symbol>
      <symbol id="sm-ebb">
         <name>__aeabi_memcpy4</name>
         <value>0x2000fbbd</value>
         <object_component_ref idref="oc-3b"/>
      </symbol>
      <symbol id="sm-ec8">
         <name>__aeabi_uldivmod</name>
         <value>0x2000fcf1</value>
         <object_component_ref idref="oc-59e"/>
      </symbol>
      <symbol id="sm-eda">
         <name>__TI_zero_init</name>
         <value>0x20012559</value>
         <object_component_ref idref="oc-4d"/>
      </symbol>
      <symbol id="sm-ef1">
         <name>__TI_decompress_none</name>
         <value>0x20012527</value>
         <object_component_ref idref="oc-1a"/>
      </symbol>
      <symbol id="sm-f14">
         <name>__TI_decompress_lzss</name>
         <value>0x200106e1</value>
         <object_component_ref idref="oc-14"/>
      </symbol>
      <symbol id="sm-f9d">
         <name>_sys_memory</name>
         <value>0x20004040</value>
         <object_component_ref idref="oc-2a"/>
      </symbol>
      <symbol id="sm-f9e">
         <name>free</name>
         <value>0x2000ee55</value>
         <object_component_ref idref="oc-413"/>
      </symbol>
      <symbol id="sm-f9f">
         <name>memalign</name>
         <value>0x2000ea69</value>
         <object_component_ref idref="oc-602"/>
      </symbol>
      <symbol id="sm-fa0">
         <name>malloc</name>
         <value>0x200125b5</value>
         <object_component_ref idref="oc-46e"/>
      </symbol>
      <symbol id="sm-fa1">
         <name>aligned_alloc</name>
         <value>0x2000ea69</value>
         <object_component_ref idref="oc-602"/>
      </symbol>
      <symbol id="sm-fb3">
         <name>__stack</name>
         <value>0x20003000</value>
         <object_component_ref idref="oc-2d"/>
      </symbol>
      <symbol id="sm-fb4">
         <name>_c_int00_noargs</name>
         <value>0x20011e81</value>
         <object_component_ref idref="oc-c5"/>
      </symbol>
      <symbol id="sm-1119">
         <name>__TI_printfi</name>
         <value>0x2000c041</value>
         <object_component_ref idref="oc-4a3"/>
      </symbol>
      <symbol id="sm-1139">
         <name>frexpl</name>
         <value>0x20010999</value>
         <object_component_ref idref="oc-862"/>
      </symbol>
      <symbol id="sm-113a">
         <name>frexp</name>
         <value>0x20010999</value>
         <object_component_ref idref="oc-862"/>
      </symbol>
      <symbol id="sm-1158">
         <name>scalbn</name>
         <value>0x2000ef39</value>
         <object_component_ref idref="oc-868"/>
      </symbol>
      <symbol id="sm-1159">
         <name>scalbnl</name>
         <value>0x2000ef39</value>
         <object_component_ref idref="oc-868"/>
      </symbol>
      <symbol id="sm-115a">
         <name>ldexpl</name>
         <value>0x2000ef39</value>
         <object_component_ref idref="oc-868"/>
      </symbol>
      <symbol id="sm-115b">
         <name>ldexp</name>
         <value>0x2000ef39</value>
         <object_component_ref idref="oc-868"/>
      </symbol>
      <symbol id="sm-1174">
         <name>wcslen</name>
         <value>0x200123d3</value>
         <object_component_ref idref="oc-65c"/>
      </symbol>
      <symbol id="sm-117e">
         <name>__aeabi_idiv0</name>
         <value>0x2001180f</value>
         <object_component_ref idref="oc-771"/>
      </symbol>
      <symbol id="sm-117f">
         <name>__aeabi_ldiv0</name>
         <value>0x2001180f</value>
         <object_component_ref idref="oc-771"/>
      </symbol>
      <symbol id="sm-1196">
         <name>__aeabi_dsub</name>
         <value>0x2000d9ad</value>
         <object_component_ref idref="oc-842"/>
      </symbol>
      <symbol id="sm-1197">
         <name>__aeabi_dadd</name>
         <value>0x2000d9b7</value>
         <object_component_ref idref="oc-842"/>
      </symbol>
      <symbol id="sm-11b9">
         <name>__aeabi_cdcmpeq</name>
         <value>0x2000ffb5</value>
         <object_component_ref idref="oc-639"/>
      </symbol>
      <symbol id="sm-11ba">
         <name>__aeabi_cdcmple</name>
         <value>0x2000ffb5</value>
         <object_component_ref idref="oc-639"/>
      </symbol>
      <symbol id="sm-11bb">
         <name>__aeabi_cdrcmple</name>
         <value>0x2001003b</value>
         <object_component_ref idref="oc-82d"/>
      </symbol>
      <symbol id="sm-11cf">
         <name>__aeabi_ddiv</name>
         <value>0x2000e4b1</value>
         <object_component_ref idref="oc-828"/>
      </symbol>
      <symbol id="sm-11da">
         <name>__aeabi_dmul</name>
         <value>0x2000ec65</value>
         <object_component_ref idref="oc-823"/>
      </symbol>
      <symbol id="sm-11e4">
         <name>__aeabi_d2iz</name>
         <value>0x20011225</value>
         <object_component_ref idref="oc-832"/>
      </symbol>
      <symbol id="sm-11ee">
         <name>__aeabi_i2d</name>
         <value>0x20011c01</value>
         <object_component_ref idref="oc-83d"/>
      </symbol>
      <symbol id="sm-11fd">
         <name>__aeabi_memset</name>
         <value>0x200103bb</value>
         <object_component_ref idref="oc-9d"/>
      </symbol>
      <symbol id="sm-11fe">
         <name>memset</name>
         <value>0x200103c1</value>
         <object_component_ref idref="oc-9d"/>
      </symbol>
      <symbol id="sm-11ff">
         <name>__aeabi_memset8</name>
         <value>0x200103bb</value>
         <object_component_ref idref="oc-9d"/>
      </symbol>
      <symbol id="sm-1200">
         <name>__aeabi_memset4</name>
         <value>0x200103bb</value>
         <object_component_ref idref="oc-9d"/>
      </symbol>
      <symbol id="sm-1201">
         <name>__aeabi_memclr8</name>
         <value>0x200103b9</value>
         <object_component_ref idref="oc-9d"/>
      </symbol>
      <symbol id="sm-1202">
         <name>__aeabi_memclr4</name>
         <value>0x200103b9</value>
         <object_component_ref idref="oc-9d"/>
      </symbol>
      <symbol id="sm-1203">
         <name>__aeabi_memclr</name>
         <value>0x200103b9</value>
         <object_component_ref idref="oc-9d"/>
      </symbol>
      <symbol id="sm-122b">
         <name>__TI_auto_init_nobinit_nopinit</name>
         <value>0x200114d5</value>
         <object_component_ref idref="oc-172"/>
      </symbol>
      <symbol id="sm-1235">
         <name>_system_pre_init</name>
         <value>0x200125eb</value>
         <object_component_ref idref="oc-114"/>
      </symbol>
      <symbol id="sm-1241">
         <name>C$$EXIT</name>
         <value>0x200125ef</value>
         <object_component_ref idref="oc-166"/>
      </symbol>
      <symbol id="sm-1242">
         <name>abort</name>
         <value>0x200125ef</value>
         <object_component_ref idref="oc-166"/>
      </symbol>
      <symbol id="sm-1257">
         <name>_nop</name>
         <value>0x20010433</value>
         <object_component_ref idref="oc-3be"/>
      </symbol>
      <symbol id="sm-1258">
         <name>_lock</name>
         <value>0x20012b9c</value>
         <object_component_ref idref="oc-234"/>
      </symbol>
      <symbol id="sm-1259">
         <name>_unlock</name>
         <value>0x20012ba0</value>
         <object_component_ref idref="oc-234"/>
      </symbol>
      <symbol id="sm-1268">
         <name>__TI_ltoa</name>
         <value>0x20010baf</value>
         <object_component_ref idref="oc-837"/>
      </symbol>
      <symbol id="sm-127f">
         <name>atoi</name>
         <value>0x20011021</value>
         <object_component_ref idref="oc-62d"/>
      </symbol>
      <symbol id="sm-128a">
         <name>_ctypes_</name>
         <value>0x200130f8</value>
         <object_component_ref idref="oc-81c"/>
      </symbol>
      <symbol id="sm-129a">
         <name>memccpy</name>
         <value>0x20012039</value>
         <object_component_ref idref="oc-656"/>
      </symbol>
      <symbol id="sm-12aa">
         <name>strchr</name>
         <value>0x200122ad</value>
         <object_component_ref idref="oc-86e"/>
      </symbol>
      <symbol id="sm-12b8">
         <name>strlen</name>
         <value>0x20012365</value>
         <object_component_ref idref="oc-627"/>
      </symbol>
      <symbol id="sm-12ce">
         <name>__aeabi_errno_addr</name>
         <value>0x200125ad</value>
         <object_component_ref idref="oc-662"/>
      </symbol>
      <symbol id="sm-12cf">
         <name>errno</name>
         <value>0x20012bc4</value>
         <object_component_ref idref="oc-87e"/>
      </symbol>
      <symbol id="sm-12d9">
         <name>copysign</name>
         <value>0x2001254d</value>
         <object_component_ref idref="oc-9fa"/>
      </symbol>
      <symbol id="sm-12da">
         <name>copysignl</name>
         <value>0x2001254d</value>
         <object_component_ref idref="oc-9fa"/>
      </symbol>
      <symbol id="sm-12db">
         <name>__TI_static_base__</name>
         <value>0x20013630</value>
      </symbol>
      <symbol id="sm-12de">
         <name>ITM_flush</name>
         <value>0x0</value>
      </symbol>
      <symbol id="sm-12df">
         <name>ITM_restore</name>
         <value>0x0</value>
      </symbol>
      <symbol id="sm-12e0">
         <name>__mpu_init</name>
         <value>0x0</value>
      </symbol>
      <symbol id="sm-12e1">
         <name>_system_post_cinit</name>
         <value>0x0</value>
      </symbol>
      <symbol id="sm-12e2">
         <name>NoRTOS_start</name>
         <value>0x200124ef</value>
      </symbol>
   </symbol_table>
   <title>Link successful</title>
</link_info>
