******************************************************************************
                  TI ARM Linker PC v20.2.5                     
******************************************************************************
>> Linked Thu Aug  5 23:01:54 2021

OUTPUT FILE NAME:   <gpiointerrupt_CC3220S_LAUNCHXL_nortos_ccs.out>
ENTRY POINT SYMBOL: "resetISR"  address: 2000eb35


MEMORY CONFIGURATION

         name            origin    length      used     unused   attr    fill
----------------------  --------  ---------  --------  --------  ----  --------
  SRAM2                 20000000   00004000  0000130c  00002cf4  RW X
  SRAM                  20004000   0003c000  0000b964  0003069c  RW X
  LOG_DATA              90000000   00040000  00000000  00040000  R   


SEGMENT ALLOCATION MAP

run origin  load origin   length   init length attrs members
----------  ----------- ---------- ----------- ----- -------
20003000    20003000    00001000   00000000    rw-
  20003000    20003000    00001000   00000000    rw- .stack
20004000    20004000    00000040   00000040    r--
  20004000    20004000    00000040   00000040    r-- .resetVecs
20004040    20004040    00008000   00000000    rw-
  20004040    20004040    00008000   00000000    rw- .sysmem
2000c040    2000c040    00002d8e   00002d8e    r-x
  2000c040    2000c040    00002d8e   00002d8e    r-x .text
2000edd0    2000edd0    000005c2   00000000    rw-
  2000edd0    2000edd0    000005c2   00000000    rw- .data
2000f394    2000f394    000002d0   000002d0    r--
  2000f394    2000f394    000002d0   000002d0    r-- .const
2000f668    2000f668    00000214   00000000    rw-
  2000f668    2000f668    00000214   00000000    rw- .bss
2000f880    2000f880    000000f0   000000f0    r--
  2000f880    2000f880    000000f0   000000f0    r-- .cinit


SECTION ALLOCATION MAP

 output                                  attributes/
section   page    origin      length       input sections
--------  ----  ----------  ----------   ----------------
.text      0    2000c040    00002d8e     
                  2000c040    0000042c     driverlib.a : prcm.obj (.text:PRCMCC3200MCUInit)
                  2000c46c    000001e4     drivers_cc32xx.a : GPIOCC32XX.oem4 (.text:GPIO_setConfig)
                  2000c650    0000019c     nortos_cc32xx.a : PowerCC32XX_nortos.oem4 (.text:PowerCC32XX_sleepPolicy)
                  2000c7ec    00000148     drivers_cc32xx.a : PowerCC32XX.oem4 (.text:parkPins)
                  2000c934    00000138                      : PowerCC32XX.oem4 (.text:Power_sleep)
                  2000ca6c    00000138                      : TimerCC32XX.oem4 (.text:Timer_open)
                  2000cba4    00000118     gpiointerrupt.obj (.text:SOS_Tick)
                  2000ccbc    00000100     rtsv7M4_T_le_eabi.lib : memory.c.obj (.text:aligned_alloc)
                  2000cdbc    000000e8     gpiointerrupt.obj (.text:OK_Tick)
                  2000cea4    000000e4     rtsv7M4_T_le_eabi.lib : memory.c.obj (.text:free)
                  2000cf88    000000c4     drivers_cc32xx.a : GPIOCC32XX.oem4 (.text:GPIO_init)
                  2000d04c    000000c0                      : PowerCC32XX.oem4 (.text:restoreParkedPins)
                  2000d10c    000000a8     driverlib.a : interrupt.obj (.text:IntEnable)
                  2000d1b4    000000a8     drivers_cc32xx.a : PowerCC32XX.oem4 (.text:PowerCC32XX_configureWakeup)
                  2000d25c    000000a0     nortos_cc32xx.a : SemaphoreP_nortos.oem4 (.text:SemaphoreP_pend)
                  2000d2fc    0000009c     rtsv7M4_T_le_eabi.lib : memcpy_t2.asm.obj (.text)
                  2000d398    00000098     drivers_cc32xx.a : GPIOCC32XX.oem4 (.text:powerNotifyFxn)
                  2000d430    00000096     rtsv7M4_T_le_eabi.lib : ull_div_t2.asm.obj (.text)
                  2000d4c6    00000002     ti_drivers_config.obj (.text:Board_initHook)
                  2000d4c8    00000090     drivers_cc32xx.a : PowerCC32XX.oem4 (.text:restoreNVICRegs)
                  2000d558    0000008c     nortos_cc32xx.a : HwiPCC32XX_nortos.oem4 (.text:HwiP_construct)
                  2000d5e4    00000088     driverlib.a : interrupt.obj (.text:IntPendSet)
                  2000d66c    00000088                 : pin.obj (.text:PinConfigSet)
                  2000d6f4    00000084     drivers_cc32xx.a : PowerCC32XX.oem4 (.text:Power_init)
                  2000d778    00000084                      : PowerCC32XX.oem4 (.text:saveNVICRegs)
                  2000d7fc    00000080                      : PowerCC32XX.oem4 (.text:Power_setDependency)
                  2000d87c    00000078                      : GPIOCC32XX.oem4 (.text:GPIO_hwiIntFxn)
                  2000d8f4    00000070     rtsv7M4_T_le_eabi.lib : memory.c.obj (.text:split)
                  2000d964    00000068                           : copy_decompress_lzss.c.obj (.text:decompress:lzss:__TI_decompress_lzss)
                  2000d9cc    00000064     drivers_cc32xx.a : PowerCC32XX.oem4 (.text:PowerCC32XX_setParkState)
                  2000da30    00000064     gpiointerrupt.obj (.text:mainThread)
                  2000da94    00000060     driverlib.a : prcm.obj (.text:PRCMSysResetCauseGet)
                  2000daf4    00000060     nortos_cc32xx.a : ClockPSysTick_nortos.oem4 (.text:getTimeUsec)
                  2000db54    0000005c     drivers_cc32xx.a : GPIOCC32XX.oem4 (.text:GPIO_setCallback)
                  2000dbb0    0000005c     nortos_cc32xx.a : ClockPSysTick_nortos.oem4 (.text:sysTickInit)
                  2000dc0c    00000058     drivers_cc32xx.a : GPIOCC32XX.oem4 (.text:GPIO_write)
                  2000dc64    00000058     driverlib.a : prcm.obj (.text:PRCMPeripheralReset)
                  2000dcbc    00000058     drivers_cc32xx.a : PowerCC32XX.oem4 (.text:Power_releaseDependency)
                  2000dd14    00000052                      : PowerCC32XX_asm.oem4 (.text:PowerCC32XX_resumeLPDS)
                  2000dd66    00000052                      : TimerCC32XX.oem4 (.text:initHw)
                  2000ddb8    00000050     nortos_cc32xx.a : ClockPSysTick_nortos.oem4 (.text:ClockP_sysTickHandler)
                  2000de08    00000050                     : SemaphoreP_nortos.oem4 (.text:SemaphoreP_construct)
                  2000de58    00000050     drivers_cc32xx.a : TimerCC32XX.oem4 (.text:TimerCC32XX_allocateTimerResource)
                  2000dea8    00000050     gpiointerrupt.obj (.text:initTimer)
                  2000def8    0000004c     drivers_cc32xx.a : GPIOCC32XX.oem4 (.text:GPIO_enableInt)
                  2000df44    0000004c                      : PowerCC32XX.oem4 (.text:PowerCC32XX_parkPin)
                  2000df90    0000004c                      : PowerCC32XX.oem4 (.text:restorePeriphClocks)
                  2000dfdc    00000048     nortos_cc32xx.a : ClockPSysTick_nortos.oem4 (.text:ClockP_usleep)
                  2000e024    00000048     driverlib.a : flash.obj (.text:FlashDisable)
                  2000e06c    00000048                 : prcm.obj (.text:PRCMLPDSEnter)
                  2000e0b4    00000048                 : prcm.obj (.text:PRCMPeripheralClkEnable)
                  2000e0fc    00000048     drivers_cc32xx.a : PowerCC32XX.oem4 (.text:Power_releaseConstraint)
                  2000e144    00000046                      : TimerCC32XX.oem4 (.text:getPrescaler)
                  2000e18a    00000002     nortos_cc32xx.a : PowerCC32XX_nortos.oem4 (.text:PowerCC32XX_initPolicy)
                  2000e18c    00000044                     : ClockPSysTick_nortos.oem4 (.text:ClockP_stop)
                  2000e1d0    00000044     driverlib.a : prcm.obj (.text:PRCMLPDSRestoreInfoSet)
                  2000e214    00000044     drivers_cc32xx.a : PowerCC32XX_asm.oem4 (.text:PowerCC32XX_enterLPDS)
                  2000e258    00000044     nortos_cc32xx.a : SemaphoreP_nortos.oem4 (.text:SemaphoreP_post)
                  2000e29c    00000044                     : SwiP_nortos.oem4 (.text:SwiP_restore)
                  2000e2e0    00000044     drivers_cc32xx.a : Timer.oem4 (.text:Timer_start)
                  2000e324    00000044     rtsv7M4_T_le_eabi.lib : autoinit.c.obj (.text:__TI_auto_init_nobinit_nopinit:__TI_auto_init_nobinit_nopinit)
                  2000e368    00000040     driverlib.a : pin.obj (.text:PinModeSet)
                  2000e3a8    00000040     drivers_cc32xx.a : TimerCC32XX.oem4 (.text:TimerSupport_timerEnable)
                  2000e3e8    00000040                      : TimerCC32XX.oem4 (.text:Timer_close)
                  2000e428    0000003c     nortos_cc32xx.a : ClockPSysTick_nortos.oem4 (.text:ClockP_destruct)
                  2000e464    0000003c     drivers_cc32xx.a : PowerCC32XX.oem4 (.text:Power_setConstraint)
                  2000e4a0    0000003a     nortos_cc32xx.a : PowerCC32XX_nortos.oem4 (.text:getCountsRTC)
                  2000e4da    00000002                     : SemaphoreP_nortos.oem4 (.text:SemaphoreP_destruct)
                  2000e4dc    00000038     driverlib.a : prcm.obj (.text:PRCMLPDSEnterKeepDebugIf)
                  2000e514    00000038     nortos_cc32xx.a : ClockPSysTick_nortos.oem4 (.text:addToList)
                  2000e54c    00000038                     : startup_cc32xx_ccs.oem4 (.text:initVectors)
                  2000e584    00000038     drivers_cc32xx.a : PowerCC32XX.oem4 (.text:notify)
                  2000e5bc    00000036     driverlib.a : timer.obj (.text:TimerControlStall)
                  2000e5f2    00000036     drivers_cc32xx.a : Timer.oem4 (.text:Timer_stop)
                  2000e628    00000034     nortos_cc32xx.a : ClockPSysTick_nortos.oem4 (.text:ClockP_getTicksUntilInterrupt)
                  2000e65c    00000034                     : ClockPSysTick_nortos.oem4 (.text:ClockP_startup)
                  2000e690    00000034     driverlib.a : pin.obj (.text:PinModeGet)
                  2000e6c4    00000034     drivers_cc32xx.a : TimerCC32XX.oem4 (.text:TimerCC32XX_freeTimerResource)
                  2000e6f8    00000034                      : TimerCC32XX.oem4 (.text:TimerCC32XX_hwiIntFunction)
                  2000e72c    00000034                      : TimerCC32XX.oem4 (.text:getPowerMgrId)
                  2000e760    00000030     nortos_cc32xx.a : ClockPSysTick_nortos.oem4 (.text:ClockP_start)
                  2000e790    00000030     drivers_cc32xx.a : PowerCC32XX.oem4 (.text:PowerCC32XX_restoreParkedPin)
                  2000e7c0    0000002c     gpiointerrupt.obj (.text:gpioButtonFxn0)
                  2000e7ec    0000002c     gpiointerrupt.obj (.text:gpioButtonFxn1)
                  2000e818    0000002a     nortos_cc32xx.a : HwiPCC32XX_nortos.oem4 (.text:HwiP_create)
                  2000e842    0000002a     driverlib.a : timer.obj (.text:TimerLoadSet)
                  2000e86c    0000002a                 : timer.obj (.text:TimerPrescaleSet)
                  2000e896    00000002     drivers_cc32xx.a : Timer.oem4 (.text:Timer_init)
                  2000e898    00000028     driverlib.a : prcm.obj (.text:PRCMPeripheralClkDisable)
                  2000e8c0    00000028     drivers_cc32xx.a : PowerCC32XX.oem4 (.text:Power_registerNotify)
                  2000e8e8    00000028     rtsv7M4_T_le_eabi.lib : memory.c.obj (.text:free_list_insert)
                  2000e910    00000026     drivers_cc32xx.a : List.oem4 (.text:List_put)
                  2000e936    00000026                      : List.oem4 (.text:List_remove)
                  2000e95c    00000024     nortos_cc32xx.a : HwiPCC32XX_nortos.oem4 (.text:HwiP_dispatch)
                  2000e980    00000024     drivers_cc32xx.a : TimerCC32XX.oem4 (.text:TimerSupport_timerDisable)
                  2000e9a4    00000024     rtsv7M4_T_le_eabi.lib : boot_cortex_m.c.obj (.text:_c_int00_noargs:_c_int00_noargs)
                  2000e9c8    00000024     nortos_cc32xx.a : ClockPSysTick_nortos.oem4 (.text:sleepTicks)
                  2000e9ec    00000020                     : HwiPCC32XX_nortos.oem4 (.text:HwiP_destruct)
                  2000ea0c    00000020     drivers_cc32xx.a : PowerCC32XX.oem4 (.text:Power_unregisterNotify)
                  2000ea2c    00000020     gpiointerrupt.obj (.text:timerCallback)
                  2000ea4c    0000001e     nortos_cc32xx.a : SemaphoreP_nortos.oem4 (.text:SemaphoreP_constructBinary)
                  2000ea6a    0000001e     driverlib.a : timer.obj (.text:TimerDisable)
                  2000ea88    0000001e                 : timer.obj (.text:TimerEnable)
                  2000eaa6    00000002     rtsv7M4_T_le_eabi.lib : _lock.c.obj (.text:_nop)
                  2000eaa8    0000001c     driverlib.a : pin.obj (.text:PinToPadGet)
                  2000eac4    0000001c     nortos_cc32xx.a : SwiP_nortos.oem4 (.text:SwiP_disable)
                  2000eae0    0000001c     rtsv7M4_T_le_eabi.lib : copy_zero_init.c.obj (.text:decompress:ZI:__TI_zero_init_nomemset:__TI_zero_init_nomemset)
                  2000eafc    0000001c                           : memory.c.obj (.text:free_list_remove)
                  2000eb18    0000001a     nortos_cc32xx.a : SemaphoreP_nortos.oem4 (.text:SemaphoreP_createBinary)
                  2000eb32    00000002                     : startup_cc32xx_ccs.oem4 (.text:busFaultHandler)
                  2000eb34    0000001a                     : startup_cc32xx_ccs.oem4 (.text:resetISR)
                  2000eb4e    00000002                     : SemaphoreP_nortos.oem4 (.text:clkFxn)
                  2000eb50    00000018     drivers_cc32xx.a : PowerCC32XX.oem4 (.text:Power_getTransitionLatency)
                  2000eb68    00000018                      : PowerCC32XX.oem4 (.text:Power_idleFunc)
                  2000eb80    00000018     driverlib.a : timer.obj (.text:TimerIntDisable)
                  2000eb98    00000018                 : timer.obj (.text:TimerIntEnable)
                  2000ebb0    00000018     rtsv7M4_T_le_eabi.lib : ll_mul_t2.asm.obj (.text)
                  2000ebc8    00000016     driverlib.a : prcm.obj (.text:PRCMHIBRegRead)
                  2000ebde    00000016                 : prcm.obj (.text:PRCMHIBRegWrite)
                  2000ebf4    00000016     nortos_cc32xx.a : SemaphoreP_nortos.oem4 (.text:SemaphoreP_create)
                  2000ec0a    00000014     driverlib.a : cpu.obj (.text:CPUcpsid)
                  2000ec1e    00000002     nortos_cc32xx.a : startup_cc32xx_ccs.oem4 (.text:defaultHandler)
                  2000ec20    00000014                     : HwiPCC32XX_nortos.oem4 (.text:HwiP_inISR)
                  2000ec34    00000014     driverlib.a : interrupt.obj (.text:IntVTableBaseSet)
                  2000ec48    00000014     drivers_cc32xx.a : PowerCC32XX.oem4 (.text:Power_disablePolicy)
                  2000ec5c    00000014                      : PowerCC32XX.oem4 (.text:Power_getDependencyCount)
                  2000ec70    00000012     nortos_cc32xx.a : HwiPCC32XX_nortos.oem4 (.text:HwiP_Params_init)
                  2000ec82    00000012     driverlib.a : timer.obj (.text:TimerIntClear)
                  2000ec94    00000012     main_nortos.obj (.text:main)
                  2000eca6    00000010     ti_drivers_config.obj (.text:Board_init)
                  2000ecb6    00000010     nortos_cc32xx.a : ClockPSysTick_nortos.oem4 (.text:ClockP_add)
                  2000ecc6    00000002                     : startup_cc32xx_ccs.oem4 (.text:faultISR)
                  2000ecc8    00000010                     : ClockPSysTick_nortos.oem4 (.text:ClockP_getCpuFreq)
                  2000ecd8    00000010                     : ClockPSysTick_nortos.oem4 (.text:ClockP_getSystemTicks)
                  2000ece8    00000010                     : ClockPSysTick_nortos.oem4 (.text:ClockP_setTicks)
                  2000ecf8    00000010                     : HwiPCC32XX_nortos.oem4 (.text:HwiP_delete)
                  2000ed08    00000010                     : HwiPCC32XX_nortos.oem4 (.text:HwiP_restore)
                  2000ed18    00000010     drivers_cc32xx.a : PowerCC32XX.oem4 (.text:Power_enablePolicy)
                  2000ed28    00000010     nortos_cc32xx.a : SemaphoreP_nortos.oem4 (.text:SemaphoreP_Params_init)
                  2000ed38    00000010     drivers_cc32xx.a : Timer.oem4 (.text:Timer_Params_init)
                  2000ed48    0000000e     nortos_cc32xx.a : HwiPCC32XX_nortos.oem4 (.text:HwiP_clearInterrupt)
                  2000ed56    0000000e                     : HwiPCC32XX_nortos.oem4 (.text:HwiP_disable)
                  2000ed64    0000000e                     : HwiPCC32XX_nortos.oem4 (.text:HwiP_enable)
                  2000ed72    0000000e     rtsv7M4_T_le_eabi.lib : copy_decompress_none.c.obj (.text:decompress:none:__TI_decompress_none)
                  2000ed80    0000000c     drivers_cc32xx.a : PowerCC32XX.oem4 (.text:Power_getConstraintMask)
                  2000ed8c    0000000c                      : TimerCC32XX.oem4 (.text:postNotifyFxn)
                  2000ed98    0000000a     nortos_cc32xx.a : ClockPSysTick_nortos.oem4 (.text:ClockP_isActive)
                  2000eda2    0000000a     driverlib.a : interrupt.obj (.text:IntMasterDisable)
                  2000edac    00000008     rtsv7M4_T_le_eabi.lib : memory.c.obj (.text:malloc)
                  2000edb4    00000006     driverlib.a : utils.obj (.text:UtilsDelay)
                  2000edba    00000004     nortos_cc32xx.a : HwiPCC32XX_nortos.oem4 (.text:HwiP_post)
                  2000edbe    00000004                     : SemaphoreP_nortos.oem4 (.text:SemaphoreP_delete)
                  2000edc2    00000004     rtsv7M4_T_le_eabi.lib : pre_init.c.obj (.text:_system_pre_init)
                  2000edc6    00000004                           : exit.c.obj (.text:abort:abort)
                  2000edca    00000002     nortos_cc32xx.a : startup_cc32xx_ccs.oem4 (.text:nmiISR)
                  2000edcc    00000002     rtsv7M4_T_le_eabi.lib : div0.asm.obj (.text)

.const     0    2000f394    000002d0     
                  2000f394    00000100     driverlib.a : pin.obj (.const:g_ulPinToPadMap)
                  2000f494    000000a8                 : prcm.obj (.const:PRCM_PeriphRegsList)
                  2000f53c    00000044     ti_drivers_config.obj (.const:PowerCC32XX_config)
                  2000f580    00000021     drivers_cc32xx.a : GPIOCC32XX.oem4 (.const:.string:pinTable)
                  2000f5a1    00000003     --HOLE-- [fill = 0]
                  2000f5a4    00000018     driverlib.a : interrupt.obj (.const:g_pulEnRegs)
                  2000f5bc    00000018                 : interrupt.obj (.const:g_pulPendRegs)
                  2000f5d4    00000014     ti_drivers_config.obj (.const:GPIOCC32XX_config)
                  2000f5e8    00000014     drivers_cc32xx.a : GPIOCC32XX.oem4 (.const:gpioBaseAddresses)
                  2000f5fc    00000014                      : GPIOCC32XX.oem4 (.const:powerResources)
                  2000f610    00000010     ti_drivers_config.obj (.const:timerCC32XXHWAttrs)
                  2000f620    0000000c     drivers_cc32xx.a : Timer.oem4 (.const:defaultParams)
                  2000f62c    0000000c                      : TimerCC32XX.oem4 (.const:defaultParams)
                  2000f638    00000008     ti_drivers_config.obj (.const:Timer_config)
                  2000f640    00000008     drivers_cc32xx.a : GPIOCC32XX.oem4 (.const:outPinTypes)
                  2000f648    00000006                      : GPIOCC32XX.oem4 (.const:.string:interruptType)
                  2000f64e    00000006                      : GPIOCC32XX.oem4 (.const:inPinTypes)
                  2000f654    00000006                      : GPIOCC32XX.oem4 (.const:outPinStrengths)
                  2000f65a    00000006     ti_drivers_config.obj (.const)
                  2000f660    00000004     drivers_cc32xx.a : GPIOCC32XX.oem4 (.const:.string:portInterruptIds)

.cinit     0    2000f880    000000f0     
                  2000f880    000000cb     (.cinit..data.load) [load image, compression = lzss]
                  2000f94b    00000001     --HOLE-- [fill = 0]
                  2000f94c    0000000c     (__TI_handler_table)
                  2000f958    00000008     (.cinit..bss.load) [load image, compression = zero_init]
                  2000f960    00000010     (__TI_cinit_table)

.init_array 
*          0    20004000    00000000     UNINITIALIZED

.ramVecs   0    20000000    0000030c     NOLOAD SECTION
                  20000000    0000030c     nortos_cc32xx.a : startup_cc32xx_ccs.oem4 (.ramVecs)

.stack     0    20003000    00001000     UNINITIALIZED
                  20003000    00000004     rtsv7M4_T_le_eabi.lib : boot_cortex_m.c.obj (.stack)
                  20003004    00000ffc     --HOLE--

.resetVecs 
*          0    20004000    00000040     
                  20004000    00000040     nortos_cc32xx.a : startup_cc32xx_ccs.oem4 (.resetVecs:retain)

.sysmem    0    20004040    00008000     UNINITIALIZED
                  20004040    00000010     rtsv7M4_T_le_eabi.lib : memory.c.obj (.sysmem)
                  20004050    00007ff0     --HOLE--

.data      0    2000edd0    000005c2     UNINITIALIZED
                  2000edd0    0000030c     nortos_cc32xx.a : HwiPCC32XX_nortos.oem4 (.data:HwiP_dispatchTable)
                  2000f0dc    0000016c     drivers_cc32xx.a : PowerCC32XX.oem4 (.data:PowerCC32XX_module)
                  2000f248    000000f8     ti_drivers_config.obj (.data:parkInfo)
                  2000f340    00000010     ti_drivers_config.obj (.data:gpioCallbackFunctions)
                  2000f350    00000010     ti_drivers_config.obj (.data:gpioPinConfigs)
                  2000f360    00000009     drivers_cc32xx.a : GPIOCC32XX.oem4 (.data)
                  2000f369    00000003     nortos_cc32xx.a : SemaphoreP_nortos.oem4 (.data)
                  2000f36c    00000008     rtsv7M4_T_le_eabi.lib : _lock.c.obj (.data:$O1$$)
                  2000f374    00000008                           : memory.c.obj (.data:$O1$$)
                  2000f37c    00000008     nortos_cc32xx.a : SemaphoreP_nortos.oem4 (.data:SemaphoreP_defaultParams)
                  2000f384    00000008                     : HwiPCC32XX_nortos.oem4 (.data)
                  2000f38c    00000005                     : ClockPSysTick_nortos.oem4 (.data)
                  2000f391    00000001     gpiointerrupt.obj (.data)

.bss       0    2000f668    00000214     UNINITIALIZED
                  2000f668    0000012c     (.common:PowerCC32XX_contextSave)
                  2000f794    00000084     (.common:timerCC32XXObjects)
                  2000f818    00000020     drivers_cc32xx.a : GPIOCC32XX.oem4 (.bss:gpioCallbackInfo)
                  2000f838    00000014                      : GPIOCC32XX.oem4 (.bss:powerNotifyObj)
                  2000f84c    00000004                      : GPIOCC32XX.oem4 (.bss)
                  2000f850    00000010     (.common:ClockP_ctrl)
                  2000f860    0000000d     nortos_cc32xx.a : SwiP_nortos.oem4 (.bss)
                  2000f86d    00000001     (.common:State)
                  2000f86e    00000002     --HOLE--
                  2000f870    00000004                     : ClockPSysTick_nortos.oem4 (.bss)
                  2000f874    00000004     drivers_cc32xx.a : TimerCC32XX.oem4 (.bss:timerState)
                  2000f878    00000004     (.common:i)

.log_data 
*          0    90000000    00000000     COPY SECTION

__llvm_prf_cnts 
*          0    20004000    00000000     UNINITIALIZED

MODULE SUMMARY

       Module                       code    ro data   rw data
       ------                       ----    -------   -------
    .\
       gpiointerrupt.obj            812     0         6      
       main_nortos.obj              18      0         0      
    +--+----------------------------+-------+---------+---------+
       Total:                       830     0         6      
                                                             
    .\syscfg\
       ti_drivers_config.obj        18      118       412    
    +--+----------------------------+-------+---------+---------+
       Total:                       18      118       412    
                                                             
    C:/ti/simplelink_cc32xx_sdk_5_20_00_06/kernel/nortos/lib/ccs/m4/nortos_cc32xx.a
       HwiPCC32XX_nortos.oem4       366     0         788    
       startup_cc32xx_ccs.oem4      90      64        780    
       ClockPSysTick_nortos.oem4    786     0         25     
       PowerCC32XX_nortos.oem4      472     0         0      
       SemaphoreP_nortos.oem4       410     0         11     
       SwiP_nortos.oem4             96      0         13     
    +--+----------------------------+-------+---------+---------+
       Total:                       2220    64        1617   
                                                             
    C:/ti/simplelink_cc32xx_sdk_5_20_00_06/source/ti/devices/cc32xx/driverlib/ccs/Release/driverlib.a
       prcm.obj                     1604    168       0      
       pin.obj                      280     256       0      
       interrupt.obj                334     48        0      
       timer.obj                    264     0         0      
       flash.obj                    72      0         0      
       cpu.obj                      20      0         0      
       utils.obj                    6       0         0      
    +--+----------------------------+-------+---------+---------+
       Total:                       2580    472       0      
                                                             
    C:/ti/simplelink_cc32xx_sdk_5_20_00_06/source/ti/drivers/lib/ccs/m4/drivers_cc32xx.a
       PowerCC32XX.oem4             2300    0         664    
       GPIOCC32XX.oem4              1208    103       65     
       TimerCC32XX.oem4             876     12        4      
       Timer.oem4                   140     12        0      
       PowerCC32XX_asm.oem4         150     0         0      
       List.oem4                    76      0         0      
    +--+----------------------------+-------+---------+---------+
       Total:                       4750    127       733    
                                                             
    C:\ti\ccs1040\ccs\tools\compiler\ti-cgt-arm_20.2.5.LTS\lib\rtsv7M4_T_le_eabi.lib
       memory.c.obj                 672     0         8      
       memcpy_t2.asm.obj            156     0         0      
       ull_div_t2.asm.obj           150     0         0      
       copy_decompress_lzss.c.obj   104     0         0      
       autoinit.c.obj               68      0         0      
       boot_cortex_m.c.obj          36      0         0      
       copy_zero_init.c.obj         28      0         0      
       ll_mul_t2.asm.obj            24      0         0      
       copy_decompress_none.c.obj   14      0         0      
       _lock.c.obj                  2       0         8      
       exit.c.obj                   4       0         0      
       pre_init.c.obj               4       0         0      
       div0.asm.obj                 2       0         0      
    +--+----------------------------+-------+---------+---------+
       Total:                       1264    0         16     
                                                             
       Heap:                        0       0         32768  
       Stack:                       0       0         4096   
       Linker Generated:            0       239       0      
    +--+----------------------------+-------+---------+---------+
       Grand Total:                 11662   1020      39648  


LINKER GENERATED COPY TABLES

__TI_cinit_table @ 2000f960 records: 2, size/record: 8, table size: 16
	.data: load addr=2000f880, load size=000000cb bytes, run addr=2000edd0, run size=000005c2 bytes, compression=lzss
	.bss: load addr=2000f958, load size=00000008 bytes, run addr=2000f668, run size=00000214 bytes, compression=zero_init


LINKER GENERATED HANDLER TABLE

__TI_handler_table @ 2000f94c records: 3, size/record: 4, table size: 12
	index: 0, handler: __TI_decompress_lzss
	index: 1, handler: __TI_decompress_none
	index: 2, handler: __TI_zero_init


GLOBAL SYMBOLS: SORTED ALPHABETICALLY BY Name 

address   name                             
-------   ----                             
2000eca7  Board_init                       
2000d4c7  Board_initHook                   
2000edc7  C$$EXIT                          
2000f65a  CONFIG_GPIO_BUTTON_0_CONST       
2000f65b  CONFIG_GPIO_BUTTON_1_CONST       
2000f65c  CONFIG_GPIO_LED_0_CONST          
2000f65d  CONFIG_GPIO_LED_1_CONST          
2000f65e  CONFIG_TIMER_0_CONST             
2000ec0b  CPUcpsid                         
2000ecb7  ClockP_add                       
2000f850  ClockP_ctrl                      
2000e429  ClockP_destruct                  
2000ddb9  ClockP_doTick                    
2000ecc9  ClockP_getCpuFreq                
2000ecd9  ClockP_getSystemTicks            
2000e629  ClockP_getTicksUntilInterrupt    
2000ed99  ClockP_isActive                  
2000ece9  ClockP_setTicks                  
2000e761  ClockP_start                     
2000e65d  ClockP_startup                   
2000e18d  ClockP_stop                      
2000ddb9  ClockP_sysTickHandler            
2000f38c  ClockP_tickPeriod                
2000dfdd  ClockP_usleep                    
2000e025  FlashDisable                     
2000f5d4  GPIOCC32XX_config                
2000def9  GPIO_enableInt                   
2000d87d  GPIO_hwiIntFxn                   
2000cf89  GPIO_init                        
2000db55  GPIO_setCallback                 
2000c46d  GPIO_setConfig                   
2000dc0d  GPIO_write                       
2000ec71  HwiP_Params_init                 
2000ed49  HwiP_clearInterrupt              
2000d559  HwiP_construct                   
2000e819  HwiP_create                      
2000ecf9  HwiP_delete                      
2000e9ed  HwiP_destruct                    
2000ed57  HwiP_disable                     
2000e95d  HwiP_dispatch                    
2000ed65  HwiP_enable                      
2000ec21  HwiP_inISR                       
2000f384  HwiP_key                         
2000edbb  HwiP_post                        
2000ed09  HwiP_restore                     
2000f388  HwiP_swiPIntNum                  
UNDEFED   ITM_flush                        
UNDEFED   ITM_restore                      
2000d10d  IntEnable                        
2000eda3  IntMasterDisable                 
2000d5e5  IntPendSet                       
2000ec35  IntVTableBaseSet                 
2000e911  List_put                         
2000e937  List_remove                      
2000ed65  NoRTOS_start                     
2000cdbd  OK_Tick                          
2000c041  PRCMCC3200MCUInit                
2000ebc9  PRCMHIBRegRead                   
2000ebdf  PRCMHIBRegWrite                  
2000e06d  PRCMLPDSEnter                    
2000e4dd  PRCMLPDSEnterKeepDebugIf         
2000e1d1  PRCMLPDSRestoreInfoSet           
2000e899  PRCMPeripheralClkDisable         
2000e0b5  PRCMPeripheralClkEnable          
2000dc65  PRCMPeripheralReset              
2000da95  PRCMSysResetCauseGet             
2000d66d  PinConfigSet                     
2000e691  PinModeGet                       
2000e369  PinModeSet                       
2000eaa9  PinToPadGet                      
2000f53c  PowerCC32XX_config               
2000d1b5  PowerCC32XX_configureWakeup      
2000f668  PowerCC32XX_contextSave          
2000e215  PowerCC32XX_enterLPDS            
2000e18b  PowerCC32XX_initPolicy           
2000f0dc  PowerCC32XX_module               
2000df45  PowerCC32XX_parkPin              
2000e791  PowerCC32XX_restoreParkedPin     
2000dd15  PowerCC32XX_resumeLPDS           
2000d9cd  PowerCC32XX_setParkState         
2000c651  PowerCC32XX_sleepPolicy          
2000ec49  Power_disablePolicy              
2000ed19  Power_enablePolicy               
2000ed81  Power_getConstraintMask          
2000ec5d  Power_getDependencyCount         
2000eb51  Power_getTransitionLatency       
2000eb69  Power_idleFunc                   
2000d6f5  Power_init                       
2000e8c1  Power_registerNotify             
2000e0fd  Power_releaseConstraint          
2000dcbd  Power_releaseDependency          
2000e465  Power_setConstraint              
2000d7fd  Power_setDependency              
2000c935  Power_sleep                      
2000ea0d  Power_unregisterNotify           
2000cba5  SOS_Tick                         
2000ed29  SemaphoreP_Params_init           
2000de09  SemaphoreP_construct             
2000ea4d  SemaphoreP_constructBinary       
2000ebf5  SemaphoreP_create                
2000eb19  SemaphoreP_createBinary          
2000f37c  SemaphoreP_defaultParams         
2000edbf  SemaphoreP_delete                
2000e4db  SemaphoreP_destruct              
2000d25d  SemaphoreP_pend                  
2000e259  SemaphoreP_post                  
2000f86d  State                            
2000eac5  SwiP_disable                     
2000e29d  SwiP_restore                     
2000f391  TOGGLED                          
2000de59  TimerCC32XX_allocateTimerResource
2000e6c5  TimerCC32XX_freeTimerResource    
2000e5bd  TimerControlStall                
2000ea6b  TimerDisable                     
2000ea89  TimerEnable                      
2000ec83  TimerIntClear                    
2000eb81  TimerIntDisable                  
2000eb99  TimerIntEnable                   
2000e843  TimerLoadSet                     
2000e86d  TimerPrescaleSet                 
2000e981  TimerSupport_timerDisable        
2000e3a9  TimerSupport_timerEnable         
2000ed39  Timer_Params_init                
2000e3e9  Timer_close                      
2000f638  Timer_config                     
2000f65f  Timer_count                      
2000e897  Timer_init                       
2000ca6d  Timer_open                       
2000e2e1  Timer_start                      
2000e5f3  Timer_stop                       
2000edb5  UtilsDelay                       
20004000  __STACK_END                      
00001000  __STACK_SIZE                     
00008000  __SYSMEM_SIZE                    
2000f960  __TI_CINIT_Base                  
2000f970  __TI_CINIT_Limit                 
2000f94c  __TI_Handler_Table_Base          
2000f958  __TI_Handler_Table_Limit         
2000e325  __TI_auto_init_nobinit_nopinit   
2000d965  __TI_decompress_lzss             
2000ed73  __TI_decompress_none             
ffffffff  __TI_pprof_out_hndl              
ffffffff  __TI_prof_data_size              
ffffffff  __TI_prof_data_start             
2000f880  __TI_static_base__               
2000eae1  __TI_zero_init_nomemset          
2000edcd  __aeabi_idiv0                    
2000edcd  __aeabi_ldiv0                    
2000ebb1  __aeabi_lmul                     
2000d2fd  __aeabi_memcpy                   
2000d2fd  __aeabi_memcpy4                  
2000d2fd  __aeabi_memcpy8                  
2000d431  __aeabi_uldivmod                 
ffffffff  __binit__                        
ffffffff  __c_args__                       
UNDEFED   __mpu_init                       
20003000  __stack                          
20004000  __start___llvm_prf_cnts          
20004000  __stop___llvm_prf_cnts           
2000e9a5  _c_int00_noargs                  
2000f36c  _lock                            
2000eaa7  _nop                             
20004040  _sys_memory                      
UNDEFED   _system_post_cinit               
2000edc3  _system_pre_init                 
2000f370  _unlock                          
2000edc7  abort                            
2000ccbd  aligned_alloc                    
ffffffff  binit                            
2000eb4f  clkFxn                           
2000cea5  free                             
2000e7c1  gpioButtonFxn0                   
2000e7ed  gpioButtonFxn1                   
2000f340  gpioCallbackFunctions            
2000f350  gpioPinConfigs                   
2000f878  i                                
2000f64e  inPinTypes                       
2000dea9  initTimer                        
2000e54d  initVectors                      
2000ec95  main                             
2000da31  mainThread                       
2000edad  malloc                           
2000ccbd  memalign                         
2000d2fd  memcpy                           
2000f654  outPinStrengths                  
2000f640  outPinTypes                      
2000f248  parkInfo                         
2000eb35  resetISR                         
2000eb48  resetVectorAddr                  
20004000  resetVectors                     
2000f610  timerCC32XXHWAttrs               
2000f794  timerCC32XXObjects               
2000ea2d  timerCallback                    
2000dfdd  usleep                           


GLOBAL SYMBOLS: SORTED BY Symbol Address 

address   name                             
-------   ----                             
00001000  __STACK_SIZE                     
00008000  __SYSMEM_SIZE                    
20003000  __stack                          
20004000  __STACK_END                      
20004000  __start___llvm_prf_cnts          
20004000  __stop___llvm_prf_cnts           
20004000  resetVectors                     
20004040  _sys_memory                      
2000c041  PRCMCC3200MCUInit                
2000c46d  GPIO_setConfig                   
2000c651  PowerCC32XX_sleepPolicy          
2000c935  Power_sleep                      
2000ca6d  Timer_open                       
2000cba5  SOS_Tick                         
2000ccbd  aligned_alloc                    
2000ccbd  memalign                         
2000cdbd  OK_Tick                          
2000cea5  free                             
2000cf89  GPIO_init                        
2000d10d  IntEnable                        
2000d1b5  PowerCC32XX_configureWakeup      
2000d25d  SemaphoreP_pend                  
2000d2fd  __aeabi_memcpy                   
2000d2fd  __aeabi_memcpy4                  
2000d2fd  __aeabi_memcpy8                  
2000d2fd  memcpy                           
2000d431  __aeabi_uldivmod                 
2000d4c7  Board_initHook                   
2000d559  HwiP_construct                   
2000d5e5  IntPendSet                       
2000d66d  PinConfigSet                     
2000d6f5  Power_init                       
2000d7fd  Power_setDependency              
2000d87d  GPIO_hwiIntFxn                   
2000d965  __TI_decompress_lzss             
2000d9cd  PowerCC32XX_setParkState         
2000da31  mainThread                       
2000da95  PRCMSysResetCauseGet             
2000db55  GPIO_setCallback                 
2000dc0d  GPIO_write                       
2000dc65  PRCMPeripheralReset              
2000dcbd  Power_releaseDependency          
2000dd15  PowerCC32XX_resumeLPDS           
2000ddb9  ClockP_doTick                    
2000ddb9  ClockP_sysTickHandler            
2000de09  SemaphoreP_construct             
2000de59  TimerCC32XX_allocateTimerResource
2000dea9  initTimer                        
2000def9  GPIO_enableInt                   
2000df45  PowerCC32XX_parkPin              
2000dfdd  ClockP_usleep                    
2000dfdd  usleep                           
2000e025  FlashDisable                     
2000e06d  PRCMLPDSEnter                    
2000e0b5  PRCMPeripheralClkEnable          
2000e0fd  Power_releaseConstraint          
2000e18b  PowerCC32XX_initPolicy           
2000e18d  ClockP_stop                      
2000e1d1  PRCMLPDSRestoreInfoSet           
2000e215  PowerCC32XX_enterLPDS            
2000e259  SemaphoreP_post                  
2000e29d  SwiP_restore                     
2000e2e1  Timer_start                      
2000e325  __TI_auto_init_nobinit_nopinit   
2000e369  PinModeSet                       
2000e3a9  TimerSupport_timerEnable         
2000e3e9  Timer_close                      
2000e429  ClockP_destruct                  
2000e465  Power_setConstraint              
2000e4db  SemaphoreP_destruct              
2000e4dd  PRCMLPDSEnterKeepDebugIf         
2000e54d  initVectors                      
2000e5bd  TimerControlStall                
2000e5f3  Timer_stop                       
2000e629  ClockP_getTicksUntilInterrupt    
2000e65d  ClockP_startup                   
2000e691  PinModeGet                       
2000e6c5  TimerCC32XX_freeTimerResource    
2000e761  ClockP_start                     
2000e791  PowerCC32XX_restoreParkedPin     
2000e7c1  gpioButtonFxn0                   
2000e7ed  gpioButtonFxn1                   
2000e819  HwiP_create                      
2000e843  TimerLoadSet                     
2000e86d  TimerPrescaleSet                 
2000e897  Timer_init                       
2000e899  PRCMPeripheralClkDisable         
2000e8c1  Power_registerNotify             
2000e911  List_put                         
2000e937  List_remove                      
2000e95d  HwiP_dispatch                    
2000e981  TimerSupport_timerDisable        
2000e9a5  _c_int00_noargs                  
2000e9ed  HwiP_destruct                    
2000ea0d  Power_unregisterNotify           
2000ea2d  timerCallback                    
2000ea4d  SemaphoreP_constructBinary       
2000ea6b  TimerDisable                     
2000ea89  TimerEnable                      
2000eaa7  _nop                             
2000eaa9  PinToPadGet                      
2000eac5  SwiP_disable                     
2000eae1  __TI_zero_init_nomemset          
2000eb19  SemaphoreP_createBinary          
2000eb35  resetISR                         
2000eb48  resetVectorAddr                  
2000eb4f  clkFxn                           
2000eb51  Power_getTransitionLatency       
2000eb69  Power_idleFunc                   
2000eb81  TimerIntDisable                  
2000eb99  TimerIntEnable                   
2000ebb1  __aeabi_lmul                     
2000ebc9  PRCMHIBRegRead                   
2000ebdf  PRCMHIBRegWrite                  
2000ebf5  SemaphoreP_create                
2000ec0b  CPUcpsid                         
2000ec21  HwiP_inISR                       
2000ec35  IntVTableBaseSet                 
2000ec49  Power_disablePolicy              
2000ec5d  Power_getDependencyCount         
2000ec71  HwiP_Params_init                 
2000ec83  TimerIntClear                    
2000ec95  main                             
2000eca7  Board_init                       
2000ecb7  ClockP_add                       
2000ecc9  ClockP_getCpuFreq                
2000ecd9  ClockP_getSystemTicks            
2000ece9  ClockP_setTicks                  
2000ecf9  HwiP_delete                      
2000ed09  HwiP_restore                     
2000ed19  Power_enablePolicy               
2000ed29  SemaphoreP_Params_init           
2000ed39  Timer_Params_init                
2000ed49  HwiP_clearInterrupt              
2000ed57  HwiP_disable                     
2000ed65  HwiP_enable                      
2000ed65  NoRTOS_start                     
2000ed73  __TI_decompress_none             
2000ed81  Power_getConstraintMask          
2000ed99  ClockP_isActive                  
2000eda3  IntMasterDisable                 
2000edad  malloc                           
2000edb5  UtilsDelay                       
2000edbb  HwiP_post                        
2000edbf  SemaphoreP_delete                
2000edc3  _system_pre_init                 
2000edc7  C$$EXIT                          
2000edc7  abort                            
2000edcd  __aeabi_idiv0                    
2000edcd  __aeabi_ldiv0                    
2000f0dc  PowerCC32XX_module               
2000f248  parkInfo                         
2000f340  gpioCallbackFunctions            
2000f350  gpioPinConfigs                   
2000f36c  _lock                            
2000f370  _unlock                          
2000f37c  SemaphoreP_defaultParams         
2000f384  HwiP_key                         
2000f388  HwiP_swiPIntNum                  
2000f38c  ClockP_tickPeriod                
2000f391  TOGGLED                          
2000f53c  PowerCC32XX_config               
2000f5d4  GPIOCC32XX_config                
2000f610  timerCC32XXHWAttrs               
2000f638  Timer_config                     
2000f640  outPinTypes                      
2000f64e  inPinTypes                       
2000f654  outPinStrengths                  
2000f65a  CONFIG_GPIO_BUTTON_0_CONST       
2000f65b  CONFIG_GPIO_BUTTON_1_CONST       
2000f65c  CONFIG_GPIO_LED_0_CONST          
2000f65d  CONFIG_GPIO_LED_1_CONST          
2000f65e  CONFIG_TIMER_0_CONST             
2000f65f  Timer_count                      
2000f668  PowerCC32XX_contextSave          
2000f794  timerCC32XXObjects               
2000f850  ClockP_ctrl                      
2000f86d  State                            
2000f878  i                                
2000f880  __TI_static_base__               
2000f94c  __TI_Handler_Table_Base          
2000f958  __TI_Handler_Table_Limit         
2000f960  __TI_CINIT_Base                  
2000f970  __TI_CINIT_Limit                 
ffffffff  __TI_pprof_out_hndl              
ffffffff  __TI_prof_data_size              
ffffffff  __TI_prof_data_start             
ffffffff  __binit__                        
ffffffff  __c_args__                       
ffffffff  binit                            
UNDEFED   ITM_flush                        
UNDEFED   ITM_restore                      
UNDEFED   __mpu_init                       
UNDEFED   _system_post_cinit               

[194 symbols]
