<?xml version="1.0" encoding="ISO-8859-1" ?>
<link_info>
   <banner>TI ARM Linker PC v20.2.5.LTS</banner>
   <copyright>Copyright (c) 1996-2018 Texas Instruments Incorporated</copyright>
   <link_time>0x610cb432</link_time>
   <link_errors>0x0</link_errors>
   <output_file>gpiointerrupt_CC3220S_LAUNCHXL_nortos_ccs.out</output_file>
   <entry_point>
      <name>resetISR</name>
      <address>0x2000eb35</address>
   </entry_point>
   <input_file_list>
      <input_file id="fl-2">
         <path>.\</path>
         <kind>object</kind>
         <file>gpiointerrupt.obj</file>
         <name>gpiointerrupt.obj</name>
      </input_file>
      <input_file id="fl-3">
         <path>.\syscfg\</path>
         <kind>object</kind>
         <file>ti_drivers_config.obj</file>
         <name>ti_drivers_config.obj</name>
      </input_file>
      <input_file id="fl-4">
         <path>.\</path>
         <kind>object</kind>
         <file>main_nortos.obj</file>
         <name>main_nortos.obj</name>
      </input_file>
      <input_file id="fl-d">
         <kind>object</kind>
         <file>&lt;internal&gt;</file>
         <name>&lt;internal&gt;</name>
      </input_file>
      <input_file id="fl-e">
         <path>C:\ti\simplelink_cc32xx_sdk_5_20_00_06\source\ti\drivers\lib\ccs\m4\</path>
         <kind>archive</kind>
         <file>drivers_cc32xx.a</file>
         <name>Timer.oem4</name>
      </input_file>
      <input_file id="fl-f">
         <path>C:\ti\simplelink_cc32xx_sdk_5_20_00_06\source\ti\drivers\lib\ccs\m4\</path>
         <kind>archive</kind>
         <file>drivers_cc32xx.a</file>
         <name>GPIOCC32XX.oem4</name>
      </input_file>
      <input_file id="fl-10">
         <path>C:\ti\simplelink_cc32xx_sdk_5_20_00_06\source\ti\drivers\lib\ccs\m4\</path>
         <kind>archive</kind>
         <file>drivers_cc32xx.a</file>
         <name>PowerCC32XX.oem4</name>
      </input_file>
      <input_file id="fl-11">
         <path>C:\ti\simplelink_cc32xx_sdk_5_20_00_06\source\ti\drivers\lib\ccs\m4\</path>
         <kind>archive</kind>
         <file>drivers_cc32xx.a</file>
         <name>PowerCC32XX_asm.oem4</name>
      </input_file>
      <input_file id="fl-12">
         <path>C:\ti\simplelink_cc32xx_sdk_5_20_00_06\source\ti\drivers\lib\ccs\m4\</path>
         <kind>archive</kind>
         <file>drivers_cc32xx.a</file>
         <name>TimerCC32XX.oem4</name>
      </input_file>
      <input_file id="fl-13">
         <path>C:\ti\simplelink_cc32xx_sdk_5_20_00_06\source\ti\drivers\lib\ccs\m4\</path>
         <kind>archive</kind>
         <file>drivers_cc32xx.a</file>
         <name>List.oem4</name>
      </input_file>
      <input_file id="fl-14">
         <path>C:\ti\simplelink_cc32xx_sdk_5_20_00_06\kernel\nortos\lib\ccs\m4\</path>
         <kind>archive</kind>
         <file>nortos_cc32xx.a</file>
         <name>posix_sleep.oem4</name>
      </input_file>
      <input_file id="fl-15">
         <path>C:\ti\simplelink_cc32xx_sdk_5_20_00_06\kernel\nortos\lib\ccs\m4\</path>
         <kind>archive</kind>
         <file>nortos_cc32xx.a</file>
         <name>NoRTOS.oem4</name>
      </input_file>
      <input_file id="fl-16">
         <path>C:\ti\simplelink_cc32xx_sdk_5_20_00_06\kernel\nortos\lib\ccs\m4\</path>
         <kind>archive</kind>
         <file>nortos_cc32xx.a</file>
         <name>SemaphoreP_nortos.oem4</name>
      </input_file>
      <input_file id="fl-17">
         <path>C:\ti\simplelink_cc32xx_sdk_5_20_00_06\kernel\nortos\lib\ccs\m4\</path>
         <kind>archive</kind>
         <file>nortos_cc32xx.a</file>
         <name>ClockPSysTick_nortos.oem4</name>
      </input_file>
      <input_file id="fl-18">
         <path>C:\ti\simplelink_cc32xx_sdk_5_20_00_06\kernel\nortos\lib\ccs\m4\</path>
         <kind>archive</kind>
         <file>nortos_cc32xx.a</file>
         <name>HwiPCC32XX_nortos.oem4</name>
      </input_file>
      <input_file id="fl-19">
         <path>C:\ti\simplelink_cc32xx_sdk_5_20_00_06\kernel\nortos\lib\ccs\m4\</path>
         <kind>archive</kind>
         <file>nortos_cc32xx.a</file>
         <name>PowerCC32XX_nortos.oem4</name>
      </input_file>
      <input_file id="fl-1a">
         <path>C:\ti\simplelink_cc32xx_sdk_5_20_00_06\kernel\nortos\lib\ccs\m4\</path>
         <kind>archive</kind>
         <file>nortos_cc32xx.a</file>
         <name>startup_cc32xx_ccs.oem4</name>
      </input_file>
      <input_file id="fl-1b">
         <path>C:\ti\simplelink_cc32xx_sdk_5_20_00_06\kernel\nortos\lib\ccs\m4\</path>
         <kind>archive</kind>
         <file>nortos_cc32xx.a</file>
         <name>SwiP_nortos.oem4</name>
      </input_file>
      <input_file id="fl-1c">
         <path>C:\ti\simplelink_cc32xx_sdk_5_20_00_06\kernel\nortos\lib\ccs\m4\</path>
         <kind>archive</kind>
         <file>nortos_cc32xx.a</file>
         <name>QueueP_nortos.oem4</name>
      </input_file>
      <input_file id="fl-1d">
         <path>C:\ti\simplelink_cc32xx_sdk_5_20_00_06\source\ti\devices\cc32xx\driverlib\ccs\Release\</path>
         <kind>archive</kind>
         <file>driverlib.a</file>
         <name>cpu.obj</name>
      </input_file>
      <input_file id="fl-1e">
         <path>C:\ti\simplelink_cc32xx_sdk_5_20_00_06\source\ti\devices\cc32xx\driverlib\ccs\Release\</path>
         <kind>archive</kind>
         <file>driverlib.a</file>
         <name>interrupt.obj</name>
      </input_file>
      <input_file id="fl-1f">
         <path>C:\ti\simplelink_cc32xx_sdk_5_20_00_06\source\ti\devices\cc32xx\driverlib\ccs\Release\</path>
         <kind>archive</kind>
         <file>driverlib.a</file>
         <name>pin.obj</name>
      </input_file>
      <input_file id="fl-20">
         <path>C:\ti\simplelink_cc32xx_sdk_5_20_00_06\source\ti\devices\cc32xx\driverlib\ccs\Release\</path>
         <kind>archive</kind>
         <file>driverlib.a</file>
         <name>prcm.obj</name>
      </input_file>
      <input_file id="fl-21">
         <path>C:\ti\simplelink_cc32xx_sdk_5_20_00_06\source\ti\devices\cc32xx\driverlib\ccs\Release\</path>
         <kind>archive</kind>
         <file>driverlib.a</file>
         <name>timer.obj</name>
      </input_file>
      <input_file id="fl-22">
         <path>C:\ti\simplelink_cc32xx_sdk_5_20_00_06\source\ti\devices\cc32xx\driverlib\ccs\Release\</path>
         <kind>archive</kind>
         <file>driverlib.a</file>
         <name>utils.obj</name>
      </input_file>
      <input_file id="fl-23">
         <path>C:\ti\simplelink_cc32xx_sdk_5_20_00_06\source\ti\devices\cc32xx\driverlib\ccs\Release\</path>
         <kind>archive</kind>
         <file>driverlib.a</file>
         <name>flash.obj</name>
      </input_file>
      <input_file id="fl-d9">
         <path>C:\ti\ccs1040\ccs\tools\compiler\ti-cgt-arm_20.2.5.LTS\lib\</path>
         <kind>archive</kind>
         <file>rtsv7M4_T_le_eabi.lib</file>
         <name>ll_mul_t2.asm.obj</name>
      </input_file>
      <input_file id="fl-da">
         <path>C:\ti\ccs1040\ccs\tools\compiler\ti-cgt-arm_20.2.5.LTS\lib\</path>
         <kind>archive</kind>
         <file>rtsv7M4_T_le_eabi.lib</file>
         <name>memcpy_t2.asm.obj</name>
      </input_file>
      <input_file id="fl-db">
         <path>C:\ti\ccs1040\ccs\tools\compiler\ti-cgt-arm_20.2.5.LTS\lib\</path>
         <kind>archive</kind>
         <file>rtsv7M4_T_le_eabi.lib</file>
         <name>ull_div_t2.asm.obj</name>
      </input_file>
      <input_file id="fl-dc">
         <path>C:\ti\ccs1040\ccs\tools\compiler\ti-cgt-arm_20.2.5.LTS\lib\</path>
         <kind>archive</kind>
         <file>rtsv7M4_T_le_eabi.lib</file>
         <name>copy_zero_init.c.obj</name>
      </input_file>
      <input_file id="fl-dd">
         <path>C:\ti\ccs1040\ccs\tools\compiler\ti-cgt-arm_20.2.5.LTS\lib\</path>
         <kind>archive</kind>
         <file>rtsv7M4_T_le_eabi.lib</file>
         <name>copy_decompress_none.c.obj</name>
      </input_file>
      <input_file id="fl-de">
         <path>C:\ti\ccs1040\ccs\tools\compiler\ti-cgt-arm_20.2.5.LTS\lib\</path>
         <kind>archive</kind>
         <file>rtsv7M4_T_le_eabi.lib</file>
         <name>copy_decompress_lzss.c.obj</name>
      </input_file>
      <input_file id="fl-df">
         <path>C:\ti\ccs1040\ccs\tools\compiler\ti-cgt-arm_20.2.5.LTS\lib\</path>
         <kind>archive</kind>
         <file>rtsv7M4_T_le_eabi.lib</file>
         <name>memory.c.obj</name>
      </input_file>
      <input_file id="fl-e0">
         <path>C:\ti\ccs1040\ccs\tools\compiler\ti-cgt-arm_20.2.5.LTS\lib\</path>
         <kind>archive</kind>
         <file>rtsv7M4_T_le_eabi.lib</file>
         <name>boot_cortex_m.c.obj</name>
      </input_file>
      <input_file id="fl-e1">
         <path>C:\ti\ccs1040\ccs\tools\compiler\ti-cgt-arm_20.2.5.LTS\lib\</path>
         <kind>archive</kind>
         <file>rtsv7M4_T_le_eabi.lib</file>
         <name>div0.asm.obj</name>
      </input_file>
      <input_file id="fl-e2">
         <path>C:\ti\ccs1040\ccs\tools\compiler\ti-cgt-arm_20.2.5.LTS\lib\</path>
         <kind>archive</kind>
         <file>rtsv7M4_T_le_eabi.lib</file>
         <name>memset_t2.asm.obj</name>
      </input_file>
      <input_file id="fl-e3">
         <path>C:\ti\ccs1040\ccs\tools\compiler\ti-cgt-arm_20.2.5.LTS\lib\</path>
         <kind>archive</kind>
         <file>rtsv7M4_T_le_eabi.lib</file>
         <name>autoinit.c.obj</name>
      </input_file>
      <input_file id="fl-e4">
         <path>C:\ti\ccs1040\ccs\tools\compiler\ti-cgt-arm_20.2.5.LTS\lib\</path>
         <kind>archive</kind>
         <file>rtsv7M4_T_le_eabi.lib</file>
         <name>pre_init.c.obj</name>
      </input_file>
      <input_file id="fl-e5">
         <path>C:\ti\ccs1040\ccs\tools\compiler\ti-cgt-arm_20.2.5.LTS\lib\</path>
         <kind>archive</kind>
         <file>rtsv7M4_T_le_eabi.lib</file>
         <name>cpy_tbl.c.obj</name>
      </input_file>
      <input_file id="fl-e6">
         <path>C:\ti\ccs1040\ccs\tools\compiler\ti-cgt-arm_20.2.5.LTS\lib\</path>
         <kind>archive</kind>
         <file>rtsv7M4_T_le_eabi.lib</file>
         <name>exit.c.obj</name>
      </input_file>
      <input_file id="fl-e7">
         <path>C:\ti\ccs1040\ccs\tools\compiler\ti-cgt-arm_20.2.5.LTS\lib\</path>
         <kind>archive</kind>
         <file>rtsv7M4_T_le_eabi.lib</file>
         <name>_lock.c.obj</name>
      </input_file>
      <input_file id="fl-e8">
         <path>C:\ti\ccs1040\ccs\tools\compiler\ti-cgt-arm_20.2.5.LTS\lib\</path>
         <kind>archive</kind>
         <file>rtsv7M4_T_le_eabi.lib</file>
         <name>args_main.c.obj</name>
      </input_file>
   </input_file_list>
   <object_component_list>
      <object_component id="oc-1c7">
         <name>.text:PRCMCC3200MCUInit</name>
         <load_address>0x2000c040</load_address>
         <run_address>0x2000c040</run_address>
         <size>0x42c</size>
         <input_file_ref idref="fl-20"/>
      </object_component>
      <object_component id="oc-1e1">
         <name>.text:GPIO_setConfig</name>
         <load_address>0x2000c46c</load_address>
         <run_address>0x2000c46c</run_address>
         <size>0x1e4</size>
         <input_file_ref idref="fl-f"/>
      </object_component>
      <object_component id="oc-34f">
         <name>.text:PowerCC32XX_sleepPolicy</name>
         <load_address>0x2000c650</load_address>
         <run_address>0x2000c650</run_address>
         <size>0x19c</size>
         <input_file_ref idref="fl-19"/>
      </object_component>
      <object_component id="oc-5b4">
         <name>.text:parkPins</name>
         <load_address>0x2000c7ec</load_address>
         <run_address>0x2000c7ec</run_address>
         <size>0x148</size>
         <input_file_ref idref="fl-10"/>
      </object_component>
      <object_component id="oc-494">
         <name>.text:Power_sleep</name>
         <load_address>0x2000c934</load_address>
         <run_address>0x2000c934</run_address>
         <size>0x138</size>
         <input_file_ref idref="fl-10"/>
      </object_component>
      <object_component id="oc-2f7">
         <name>.text:Timer_open</name>
         <load_address>0x2000ca6c</load_address>
         <run_address>0x2000ca6c</run_address>
         <size>0x138</size>
         <input_file_ref idref="fl-12"/>
      </object_component>
      <object_component id="oc-439">
         <name>.text:SOS_Tick</name>
         <load_address>0x2000cba4</load_address>
         <run_address>0x2000cba4</run_address>
         <size>0x118</size>
         <input_file_ref idref="fl-2"/>
      </object_component>
      <object_component id="oc-4fa">
         <name>.text:aligned_alloc</name>
         <load_address>0x2000ccbc</load_address>
         <run_address>0x2000ccbc</run_address>
         <size>0x100</size>
         <input_file_ref idref="fl-df"/>
      </object_component>
      <object_component id="oc-43f">
         <name>.text:OK_Tick</name>
         <load_address>0x2000cdbc</load_address>
         <run_address>0x2000cdbc</run_address>
         <size>0xe8</size>
         <input_file_ref idref="fl-2"/>
      </object_component>
      <object_component id="oc-36d">
         <name>.text:free</name>
         <load_address>0x2000cea4</load_address>
         <run_address>0x2000cea4</run_address>
         <size>0xe4</size>
         <input_file_ref idref="fl-df"/>
      </object_component>
      <object_component id="oc-1db">
         <name>.text:GPIO_init</name>
         <load_address>0x2000cf88</load_address>
         <run_address>0x2000cf88</run_address>
         <size>0xc4</size>
         <input_file_ref idref="fl-f"/>
      </object_component>
      <object_component id="oc-5d1">
         <name>.text:restoreParkedPins</name>
         <load_address>0x2000d04c</load_address>
         <run_address>0x2000d04c</run_address>
         <size>0xc0</size>
         <input_file_ref idref="fl-10"/>
      </object_component>
      <object_component id="oc-b5">
         <name>.text:IntEnable</name>
         <load_address>0x2000d10c</load_address>
         <run_address>0x2000d10c</run_address>
         <size>0xa8</size>
         <input_file_ref idref="fl-1e"/>
      </object_component>
      <object_component id="oc-265">
         <name>.text:PowerCC32XX_configureWakeup</name>
         <load_address>0x2000d1b4</load_address>
         <run_address>0x2000d1b4</run_address>
         <size>0xa8</size>
         <input_file_ref idref="fl-10"/>
      </object_component>
      <object_component id="oc-28b">
         <name>.text:SemaphoreP_pend</name>
         <load_address>0x2000d25c</load_address>
         <run_address>0x2000d25c</run_address>
         <size>0xa0</size>
         <input_file_ref idref="fl-16"/>
      </object_component>
      <object_component id="oc-3b">
         <name>.text</name>
         <load_address>0x2000d2fc</load_address>
         <run_address>0x2000d2fc</run_address>
         <size>0x9c</size>
         <input_file_ref idref="fl-da"/>
      </object_component>
      <object_component id="oc-2a7">
         <name>.text:powerNotifyFxn</name>
         <load_address>0x2000d398</load_address>
         <run_address>0x2000d398</run_address>
         <size>0x98</size>
         <input_file_ref idref="fl-f"/>
      </object_component>
      <object_component id="oc-48f">
         <name>.text</name>
         <load_address>0x2000d430</load_address>
         <run_address>0x2000d430</run_address>
         <size>0x96</size>
         <input_file_ref idref="fl-db"/>
      </object_component>
      <object_component id="oc-1d3">
         <name>.text:Board_initHook</name>
         <load_address>0x2000d4c6</load_address>
         <run_address>0x2000d4c6</run_address>
         <size>0x2</size>
         <input_file_ref idref="fl-3"/>
      </object_component>
      <object_component id="oc-5c5">
         <name>.text:restoreNVICRegs</name>
         <load_address>0x2000d4c8</load_address>
         <run_address>0x2000d4c8</run_address>
         <size>0x90</size>
         <input_file_ref idref="fl-10"/>
      </object_component>
      <object_component id="oc-3ce">
         <name>.text:HwiP_construct</name>
         <load_address>0x2000d558</load_address>
         <run_address>0x2000d558</run_address>
         <size>0x8c</size>
         <input_file_ref idref="fl-18"/>
      </object_component>
      <object_component id="oc-696">
         <name>.text:IntPendSet</name>
         <load_address>0x2000d5e4</load_address>
         <run_address>0x2000d5e4</run_address>
         <size>0x88</size>
         <input_file_ref idref="fl-1e"/>
      </object_component>
      <object_component id="oc-2b1">
         <name>.text:PinConfigSet</name>
         <load_address>0x2000d66c</load_address>
         <run_address>0x2000d66c</run_address>
         <size>0x88</size>
         <input_file_ref idref="fl-1f"/>
      </object_component>
      <object_component id="oc-1cd">
         <name>.text:Power_init</name>
         <load_address>0x2000d6f4</load_address>
         <run_address>0x2000d6f4</run_address>
         <size>0x84</size>
         <input_file_ref idref="fl-10"/>
      </object_component>
      <object_component id="oc-5ba">
         <name>.text:saveNVICRegs</name>
         <load_address>0x2000d778</load_address>
         <run_address>0x2000d778</run_address>
         <size>0x84</size>
         <input_file_ref idref="fl-10"/>
      </object_component>
      <object_component id="oc-2b7">
         <name>.text:Power_setDependency</name>
         <load_address>0x2000d7fc</load_address>
         <run_address>0x2000d7fc</run_address>
         <size>0x80</size>
         <input_file_ref idref="fl-10"/>
      </object_component>
      <object_component id="oc-2db">
         <name>.text:GPIO_hwiIntFxn</name>
         <load_address>0x2000d87c</load_address>
         <run_address>0x2000d87c</run_address>
         <size>0x78</size>
         <input_file_ref idref="fl-f"/>
      </object_component>
      <object_component id="oc-601">
         <name>.text:split</name>
         <load_address>0x2000d8f4</load_address>
         <run_address>0x2000d8f4</run_address>
         <size>0x70</size>
         <input_file_ref idref="fl-df"/>
      </object_component>
      <object_component id="oc-14">
         <name>.text:decompress:lzss:__TI_decompress_lzss</name>
         <load_address>0x2000d964</load_address>
         <run_address>0x2000d964</run_address>
         <size>0x68</size>
         <input_file_ref idref="fl-de"/>
      </object_component>
      <object_component id="oc-3bc">
         <name>.text:PowerCC32XX_setParkState</name>
         <load_address>0x2000d9cc</load_address>
         <run_address>0x2000d9cc</run_address>
         <size>0x64</size>
         <input_file_ref idref="fl-10"/>
      </object_component>
      <object_component id="oc-15f">
         <name>.text:mainThread</name>
         <load_address>0x2000da30</load_address>
         <run_address>0x2000da30</run_address>
         <size>0x64</size>
         <input_file_ref idref="fl-2"/>
      </object_component>
      <object_component id="oc-233">
         <name>.text:PRCMSysResetCauseGet</name>
         <load_address>0x2000da94</load_address>
         <run_address>0x2000da94</run_address>
         <size>0x60</size>
         <input_file_ref idref="fl-20"/>
      </object_component>
      <object_component id="oc-63d">
         <name>.text:getTimeUsec</name>
         <load_address>0x2000daf4</load_address>
         <run_address>0x2000daf4</run_address>
         <size>0x60</size>
         <input_file_ref idref="fl-17"/>
      </object_component>
      <object_component id="oc-1e7">
         <name>.text:GPIO_setCallback</name>
         <load_address>0x2000db54</load_address>
         <run_address>0x2000db54</run_address>
         <size>0x5c</size>
         <input_file_ref idref="fl-f"/>
      </object_component>
      <object_component id="oc-656">
         <name>.text:sysTickInit</name>
         <load_address>0x2000dbb0</load_address>
         <run_address>0x2000dbb0</run_address>
         <size>0x5c</size>
         <input_file_ref idref="fl-17"/>
      </object_component>
      <object_component id="oc-582">
         <name>.text:GPIO_write</name>
         <load_address>0x2000dc0c</load_address>
         <run_address>0x2000dc0c</run_address>
         <size>0x58</size>
         <input_file_ref idref="fl-f"/>
      </object_component>
      <object_component id="oc-24c">
         <name>.text:PRCMPeripheralReset</name>
         <load_address>0x2000dc64</load_address>
         <run_address>0x2000dc64</run_address>
         <size>0x58</size>
         <input_file_ref idref="fl-20"/>
      </object_component>
      <object_component id="oc-62b">
         <name>.text:Power_releaseDependency</name>
         <load_address>0x2000dcbc</load_address>
         <run_address>0x2000dcbc</run_address>
         <size>0x58</size>
         <input_file_ref idref="fl-10"/>
      </object_component>
      <object_component id="oc-673">
         <name>.text:PowerCC32XX_resumeLPDS</name>
         <load_address>0x2000dd14</load_address>
         <run_address>0x2000dd14</run_address>
         <size>0x52</size>
         <input_file_ref idref="fl-11"/>
      </object_component>
      <object_component id="oc-415">
         <name>.text:initHw</name>
         <load_address>0x2000dd66</load_address>
         <run_address>0x2000dd66</run_address>
         <size>0x52</size>
         <input_file_ref idref="fl-12"/>
      </object_component>
      <object_component id="oc-79">
         <name>.text:ClockP_sysTickHandler</name>
         <load_address>0x2000ddb8</load_address>
         <run_address>0x2000ddb8</run_address>
         <size>0x50</size>
         <input_file_ref idref="fl-17"/>
      </object_component>
      <object_component id="oc-4bc">
         <name>.text:SemaphoreP_construct</name>
         <load_address>0x2000de08</load_address>
         <run_address>0x2000de08</run_address>
         <size>0x50</size>
         <input_file_ref idref="fl-16"/>
      </object_component>
      <object_component id="oc-3f7">
         <name>.text:TimerCC32XX_allocateTimerResource</name>
         <load_address>0x2000de58</load_address>
         <run_address>0x2000de58</run_address>
         <size>0x50</size>
         <input_file_ref idref="fl-12"/>
      </object_component>
      <object_component id="oc-1f3">
         <name>.text:initTimer</name>
         <load_address>0x2000dea8</load_address>
         <run_address>0x2000dea8</run_address>
         <size>0x50</size>
         <input_file_ref idref="fl-2"/>
      </object_component>
      <object_component id="oc-1ed">
         <name>.text:GPIO_enableInt</name>
         <load_address>0x2000def8</load_address>
         <run_address>0x2000def8</run_address>
         <size>0x4c</size>
         <input_file_ref idref="fl-f"/>
      </object_component>
      <object_component id="oc-66a">
         <name>.text:PowerCC32XX_parkPin</name>
         <load_address>0x2000df44</load_address>
         <run_address>0x2000df44</run_address>
         <size>0x4c</size>
         <input_file_ref idref="fl-10"/>
      </object_component>
      <object_component id="oc-5cb">
         <name>.text:restorePeriphClocks</name>
         <load_address>0x2000df90</load_address>
         <run_address>0x2000df90</run_address>
         <size>0x4c</size>
         <input_file_ref idref="fl-10"/>
      </object_component>
      <object_component id="oc-588">
         <name>.text:ClockP_usleep</name>
         <load_address>0x2000dfdc</load_address>
         <run_address>0x2000dfdc</run_address>
         <size>0x48</size>
         <input_file_ref idref="fl-17"/>
      </object_component>
      <object_component id="oc-68e">
         <name>.text:FlashDisable</name>
         <load_address>0x2000e024</load_address>
         <run_address>0x2000e024</run_address>
         <size>0x48</size>
         <input_file_ref idref="fl-23"/>
      </object_component>
      <object_component id="oc-5d7">
         <name>.text:PRCMLPDSEnter</name>
         <load_address>0x2000e06c</load_address>
         <run_address>0x2000e06c</run_address>
         <size>0x48</size>
         <input_file_ref idref="fl-20"/>
      </object_component>
      <object_component id="oc-246">
         <name>.text:PRCMPeripheralClkEnable</name>
         <load_address>0x2000e0b4</load_address>
         <run_address>0x2000e0b4</run_address>
         <size>0x48</size>
         <input_file_ref idref="fl-20"/>
      </object_component>
      <object_component id="oc-6ae">
         <name>.text:Power_releaseConstraint</name>
         <load_address>0x2000e0fc</load_address>
         <run_address>0x2000e0fc</run_address>
         <size>0x48</size>
         <input_file_ref idref="fl-10"/>
      </object_component>
      <object_component id="oc-40f">
         <name>.text:getPrescaler</name>
         <load_address>0x2000e144</load_address>
         <run_address>0x2000e144</run_address>
         <size>0x46</size>
         <input_file_ref idref="fl-12"/>
      </object_component>
      <object_component id="oc-349">
         <name>.text:PowerCC32XX_initPolicy</name>
         <load_address>0x2000e18a</load_address>
         <run_address>0x2000e18a</run_address>
         <size>0x2</size>
         <input_file_ref idref="fl-19"/>
      </object_component>
      <object_component id="oc-4e4">
         <name>.text:ClockP_stop</name>
         <load_address>0x2000e18c</load_address>
         <run_address>0x2000e18c</run_address>
         <size>0x44</size>
         <input_file_ref idref="fl-17"/>
      </object_component>
      <object_component id="oc-678">
         <name>.text:PRCMLPDSRestoreInfoSet</name>
         <load_address>0x2000e1d0</load_address>
         <run_address>0x2000e1d0</run_address>
         <size>0x44</size>
         <input_file_ref idref="fl-20"/>
      </object_component>
      <object_component id="oc-5c0">
         <name>.text:PowerCC32XX_enterLPDS</name>
         <load_address>0x2000e214</load_address>
         <run_address>0x2000e214</run_address>
         <size>0x44</size>
         <input_file_ref idref="fl-11"/>
      </object_component>
      <object_component id="oc-297">
         <name>.text:SemaphoreP_post</name>
         <load_address>0x2000e258</load_address>
         <run_address>0x2000e258</run_address>
         <size>0x44</size>
         <input_file_ref idref="fl-16"/>
      </object_component>
      <object_component id="oc-4a5">
         <name>.text:SwiP_restore</name>
         <load_address>0x2000e29c</load_address>
         <run_address>0x2000e29c</run_address>
         <size>0x44</size>
         <input_file_ref idref="fl-1b"/>
      </object_component>
      <object_component id="oc-2fd">
         <name>.text:Timer_start</name>
         <load_address>0x2000e2e0</load_address>
         <run_address>0x2000e2e0</run_address>
         <size>0x44</size>
         <input_file_ref idref="fl-e"/>
      </object_component>
      <object_component id="oc-172">
         <name>.text:__TI_auto_init_nobinit_nopinit:__TI_auto_init_nobinit_nopinit</name>
         <load_address>0x2000e324</load_address>
         <run_address>0x2000e324</run_address>
         <size>0x44</size>
         <input_file_ref idref="fl-e3"/>
      </object_component>
      <object_component id="oc-25e">
         <name>.text:PinModeSet</name>
         <load_address>0x2000e368</load_address>
         <run_address>0x2000e368</run_address>
         <size>0x40</size>
         <input_file_ref idref="fl-1f"/>
      </object_component>
      <object_component id="oc-432">
         <name>.text:TimerSupport_timerEnable</name>
         <load_address>0x2000e3a8</load_address>
         <run_address>0x2000e3a8</run_address>
         <size>0x40</size>
         <input_file_ref idref="fl-12"/>
      </object_component>
      <object_component id="oc-409">
         <name>.text:Timer_close</name>
         <load_address>0x2000e3e8</load_address>
         <run_address>0x2000e3e8</run_address>
         <size>0x40</size>
         <input_file_ref idref="fl-12"/>
      </object_component>
      <object_component id="oc-38c">
         <name>.text:ClockP_destruct</name>
         <load_address>0x2000e428</load_address>
         <run_address>0x2000e428</run_address>
         <size>0x3c</size>
         <input_file_ref idref="fl-17"/>
      </object_component>
      <object_component id="oc-575">
         <name>.text:Power_setConstraint</name>
         <load_address>0x2000e464</load_address>
         <run_address>0x2000e464</run_address>
         <size>0x3c</size>
         <input_file_ref idref="fl-10"/>
      </object_component>
      <object_component id="oc-489">
         <name>.text:getCountsRTC</name>
         <load_address>0x2000e4a0</load_address>
         <run_address>0x2000e4a0</run_address>
         <size>0x3a</size>
         <input_file_ref idref="fl-19"/>
      </object_component>
      <object_component id="oc-534">
         <name>.text:SemaphoreP_destruct</name>
         <load_address>0x2000e4da</load_address>
         <run_address>0x2000e4da</run_address>
         <size>0x2</size>
         <input_file_ref idref="fl-16"/>
      </object_component>
      <object_component id="oc-5dd">
         <name>.text:PRCMLPDSEnterKeepDebugIf</name>
         <load_address>0x2000e4dc</load_address>
         <run_address>0x2000e4dc</run_address>
         <size>0x38</size>
         <input_file_ref idref="fl-20"/>
      </object_component>
      <object_component id="oc-db">
         <name>.text:addToList</name>
         <load_address>0x2000e514</load_address>
         <run_address>0x2000e514</run_address>
         <size>0x38</size>
         <input_file_ref idref="fl-17"/>
      </object_component>
      <object_component id="oc-59">
         <name>.text:initVectors</name>
         <load_address>0x2000e54c</load_address>
         <run_address>0x2000e54c</run_address>
         <size>0x38</size>
         <input_file_ref idref="fl-1a"/>
      </object_component>
      <object_component id="oc-5ae">
         <name>.text:notify</name>
         <load_address>0x2000e584</load_address>
         <run_address>0x2000e584</run_address>
         <size>0x38</size>
         <input_file_ref idref="fl-10"/>
      </object_component>
      <object_component id="oc-554">
         <name>.text:TimerControlStall</name>
         <load_address>0x2000e5bc</load_address>
         <run_address>0x2000e5bc</run_address>
         <size>0x36</size>
         <input_file_ref idref="fl-21"/>
      </object_component>
      <object_component id="oc-51c">
         <name>.text:Timer_stop</name>
         <load_address>0x2000e5f2</load_address>
         <run_address>0x2000e5f2</run_address>
         <size>0x36</size>
         <input_file_ref idref="fl-e"/>
      </object_component>
      <object_component id="oc-477">
         <name>.text:ClockP_getTicksUntilInterrupt</name>
         <load_address>0x2000e628</load_address>
         <run_address>0x2000e628</run_address>
         <size>0x34</size>
         <input_file_ref idref="fl-17"/>
      </object_component>
      <object_component id="oc-59f">
         <name>.text:ClockP_startup</name>
         <load_address>0x2000e65c</load_address>
         <run_address>0x2000e65c</run_address>
         <size>0x34</size>
         <input_file_ref idref="fl-17"/>
      </object_component>
      <object_component id="oc-258">
         <name>.text:PinModeGet</name>
         <load_address>0x2000e690</load_address>
         <run_address>0x2000e690</run_address>
         <size>0x34</size>
         <input_file_ref idref="fl-1f"/>
      </object_component>
      <object_component id="oc-53a">
         <name>.text:TimerCC32XX_freeTimerResource</name>
         <load_address>0x2000e6c4</load_address>
         <run_address>0x2000e6c4</run_address>
         <size>0x34</size>
         <input_file_ref idref="fl-12"/>
      </object_component>
      <object_component id="oc-42a">
         <name>.text:TimerCC32XX_hwiIntFunction</name>
         <load_address>0x2000e6f8</load_address>
         <run_address>0x2000e6f8</run_address>
         <size>0x34</size>
         <input_file_ref idref="fl-12"/>
      </object_component>
      <object_component id="oc-510">
         <name>.text:getPowerMgrId</name>
         <load_address>0x2000e72c</load_address>
         <run_address>0x2000e72c</run_address>
         <size>0x34</size>
         <input_file_ref idref="fl-12"/>
      </object_component>
      <object_component id="oc-37a">
         <name>.text:ClockP_start</name>
         <load_address>0x2000e760</load_address>
         <run_address>0x2000e760</run_address>
         <size>0x30</size>
         <input_file_ref idref="fl-17"/>
      </object_component>
      <object_component id="oc-687">
         <name>.text:PowerCC32XX_restoreParkedPin</name>
         <load_address>0x2000e790</load_address>
         <run_address>0x2000e790</run_address>
         <size>0x30</size>
         <input_file_ref idref="fl-10"/>
      </object_component>
      <object_component id="oc-1f9">
         <name>.text:gpioButtonFxn0</name>
         <load_address>0x2000e7c0</load_address>
         <run_address>0x2000e7c0</run_address>
         <size>0x2c</size>
         <input_file_ref idref="fl-2"/>
      </object_component>
      <object_component id="oc-1ff">
         <name>.text:gpioButtonFxn1</name>
         <load_address>0x2000e7ec</load_address>
         <run_address>0x2000e7ec</run_address>
         <size>0x2c</size>
         <input_file_ref idref="fl-2"/>
      </object_component>
      <object_component id="oc-2c3">
         <name>.text:HwiP_create</name>
         <load_address>0x2000e818</load_address>
         <run_address>0x2000e818</run_address>
         <size>0x2a</size>
         <input_file_ref idref="fl-18"/>
      </object_component>
      <object_component id="oc-54e">
         <name>.text:TimerLoadSet</name>
         <load_address>0x2000e842</load_address>
         <run_address>0x2000e842</run_address>
         <size>0x2a</size>
         <input_file_ref idref="fl-21"/>
      </object_component>
      <object_component id="oc-548">
         <name>.text:TimerPrescaleSet</name>
         <load_address>0x2000e86c</load_address>
         <run_address>0x2000e86c</run_address>
         <size>0x2a</size>
         <input_file_ref idref="fl-21"/>
      </object_component>
      <object_component id="oc-2eb">
         <name>.text:Timer_init</name>
         <load_address>0x2000e896</load_address>
         <run_address>0x2000e896</run_address>
         <size>0x2</size>
         <input_file_ref idref="fl-e"/>
      </object_component>
      <object_component id="oc-252">
         <name>.text:PRCMPeripheralClkDisable</name>
         <load_address>0x2000e898</load_address>
         <run_address>0x2000e898</run_address>
         <size>0x28</size>
         <input_file_ref idref="fl-20"/>
      </object_component>
      <object_component id="oc-291">
         <name>.text:Power_registerNotify</name>
         <load_address>0x2000e8c0</load_address>
         <run_address>0x2000e8c0</run_address>
         <size>0x28</size>
         <input_file_ref idref="fl-10"/>
      </object_component>
      <object_component id="oc-4dc">
         <name>.text:free_list_insert</name>
         <load_address>0x2000e8e8</load_address>
         <run_address>0x2000e8e8</run_address>
         <size>0x28</size>
         <input_file_ref idref="fl-df"/>
      </object_component>
      <object_component id="oc-39c">
         <name>.text:List_put</name>
         <load_address>0x2000e910</load_address>
         <run_address>0x2000e910</run_address>
         <size>0x26</size>
         <input_file_ref idref="fl-13"/>
      </object_component>
      <object_component id="oc-61b">
         <name>.text:List_remove</name>
         <load_address>0x2000e936</load_address>
         <run_address>0x2000e936</run_address>
         <size>0x26</size>
         <input_file_ref idref="fl-13"/>
      </object_component>
      <object_component id="oc-504">
         <name>.text:HwiP_dispatch</name>
         <load_address>0x2000e95c</load_address>
         <run_address>0x2000e95c</run_address>
         <size>0x24</size>
         <input_file_ref idref="fl-18"/>
      </object_component>
      <object_component id="oc-614">
         <name>.text:TimerSupport_timerDisable</name>
         <load_address>0x2000e980</load_address>
         <run_address>0x2000e980</run_address>
         <size>0x24</size>
         <input_file_ref idref="fl-12"/>
      </object_component>
      <object_component id="oc-c5">
         <name>.text:_c_int00_noargs:_c_int00_noargs</name>
         <load_address>0x2000e9a4</load_address>
         <run_address>0x2000e9a4</run_address>
         <size>0x24</size>
         <input_file_ref idref="fl-e0"/>
      </object_component>
      <object_component id="oc-643">
         <name>.text:sleepTicks</name>
         <load_address>0x2000e9c8</load_address>
         <run_address>0x2000e9c8</run_address>
         <size>0x24</size>
         <input_file_ref idref="fl-17"/>
      </object_component>
      <object_component id="oc-623">
         <name>.text:HwiP_destruct</name>
         <load_address>0x2000e9ec</load_address>
         <run_address>0x2000e9ec</run_address>
         <size>0x20</size>
         <input_file_ref idref="fl-18"/>
      </object_component>
      <object_component id="oc-522">
         <name>.text:Power_unregisterNotify</name>
         <load_address>0x2000ea0c</load_address>
         <run_address>0x2000ea0c</run_address>
         <size>0x20</size>
         <input_file_ref idref="fl-10"/>
      </object_component>
      <object_component id="oc-303">
         <name>.text:timerCallback</name>
         <load_address>0x2000ea2c</load_address>
         <run_address>0x2000ea2c</run_address>
         <size>0x20</size>
         <input_file_ref idref="fl-2"/>
      </object_component>
      <object_component id="oc-3fd">
         <name>.text:SemaphoreP_constructBinary</name>
         <load_address>0x2000ea4c</load_address>
         <run_address>0x2000ea4c</run_address>
         <size>0x1e</size>
         <input_file_ref idref="fl-16"/>
      </object_component>
      <object_component id="oc-542">
         <name>.text:TimerDisable</name>
         <load_address>0x2000ea6a</load_address>
         <run_address>0x2000ea6a</run_address>
         <size>0x1e</size>
         <input_file_ref idref="fl-21"/>
      </object_component>
      <object_component id="oc-57b">
         <name>.text:TimerEnable</name>
         <load_address>0x2000ea88</load_address>
         <run_address>0x2000ea88</run_address>
         <size>0x1e</size>
         <input_file_ref idref="fl-21"/>
      </object_component>
      <object_component id="oc-311">
         <name>.text:_nop</name>
         <load_address>0x2000eaa6</load_address>
         <run_address>0x2000eaa6</run_address>
         <size>0x2</size>
         <input_file_ref idref="fl-e7"/>
      </object_component>
      <object_component id="oc-664">
         <name>.text:PinToPadGet</name>
         <load_address>0x2000eaa8</load_address>
         <run_address>0x2000eaa8</run_address>
         <size>0x1c</size>
         <input_file_ref idref="fl-1f"/>
      </object_component>
      <object_component id="oc-46b">
         <name>.text:SwiP_disable</name>
         <load_address>0x2000eac4</load_address>
         <run_address>0x2000eac4</run_address>
         <size>0x1c</size>
         <input_file_ref idref="fl-1b"/>
      </object_component>
      <object_component id="oc-47">
         <name>.text:decompress:ZI:__TI_zero_init_nomemset:__TI_zero_init_nomemset</name>
         <load_address>0x2000eae0</load_address>
         <run_address>0x2000eae0</run_address>
         <size>0x1c</size>
         <input_file_ref idref="fl-dc"/>
      </object_component>
      <object_component id="oc-4d6">
         <name>.text:free_list_remove</name>
         <load_address>0x2000eafc</load_address>
         <run_address>0x2000eafc</run_address>
         <size>0x1c</size>
         <input_file_ref idref="fl-df"/>
      </object_component>
      <object_component id="oc-273">
         <name>.text:SemaphoreP_createBinary</name>
         <load_address>0x2000eb18</load_address>
         <run_address>0x2000eb18</run_address>
         <size>0x1a</size>
         <input_file_ref idref="fl-16"/>
      </object_component>
      <object_component id="oc-73">
         <name>.text:busFaultHandler</name>
         <load_address>0x2000eb32</load_address>
         <run_address>0x2000eb32</run_address>
         <size>0x2</size>
         <input_file_ref idref="fl-1a"/>
      </object_component>
      <object_component id="oc-21">
         <name>.text:resetISR</name>
         <load_address>0x2000eb34</load_address>
         <run_address>0x2000eb34</run_address>
         <size>0x1a</size>
         <input_file_ref idref="fl-1a"/>
      </object_component>
      <object_component id="oc-392">
         <name>.text:clkFxn</name>
         <load_address>0x2000eb4e</load_address>
         <run_address>0x2000eb4e</run_address>
         <size>0x2</size>
         <input_file_ref idref="fl-16"/>
      </object_component>
      <object_component id="oc-47d">
         <name>.text:Power_getTransitionLatency</name>
         <load_address>0x2000eb50</load_address>
         <run_address>0x2000eb50</run_address>
         <size>0x18</size>
         <input_file_ref idref="fl-10"/>
      </object_component>
      <object_component id="oc-5f0">
         <name>.text:Power_idleFunc</name>
         <load_address>0x2000eb68</load_address>
         <run_address>0x2000eb68</run_address>
         <size>0x18</size>
         <input_file_ref idref="fl-10"/>
      </object_component>
      <object_component id="oc-6a8">
         <name>.text:TimerIntDisable</name>
         <load_address>0x2000eb80</load_address>
         <run_address>0x2000eb80</run_address>
         <size>0x18</size>
         <input_file_ref idref="fl-21"/>
      </object_component>
      <object_component id="oc-56f">
         <name>.text:TimerIntEnable</name>
         <load_address>0x2000eb98</load_address>
         <run_address>0x2000eb98</run_address>
         <size>0x18</size>
         <input_file_ref idref="fl-21"/>
      </object_component>
      <object_component id="oc-49a">
         <name>.text</name>
         <load_address>0x2000ebb0</load_address>
         <run_address>0x2000ebb0</run_address>
         <size>0x18</size>
         <input_file_ref idref="fl-d9"/>
      </object_component>
      <object_component id="oc-240">
         <name>.text:PRCMHIBRegRead</name>
         <load_address>0x2000ebc8</load_address>
         <run_address>0x2000ebc8</run_address>
         <size>0x16</size>
         <input_file_ref idref="fl-20"/>
      </object_component>
      <object_component id="oc-23a">
         <name>.text:PRCMHIBRegWrite</name>
         <load_address>0x2000ebde</load_address>
         <run_address>0x2000ebde</run_address>
         <size>0x16</size>
         <input_file_ref idref="fl-20"/>
      </object_component>
      <object_component id="oc-362">
         <name>.text:SemaphoreP_create</name>
         <load_address>0x2000ebf4</load_address>
         <run_address>0x2000ebf4</run_address>
         <size>0x16</size>
         <input_file_ref idref="fl-16"/>
      </object_component>
      <object_component id="oc-a3">
         <name>.text:CPUcpsid</name>
         <load_address>0x2000ec0a</load_address>
         <run_address>0x2000ec0a</run_address>
         <size>0x14</size>
         <input_file_ref idref="fl-1d"/>
      </object_component>
      <object_component id="oc-6d">
         <name>.text:defaultHandler</name>
         <load_address>0x2000ec1e</load_address>
         <run_address>0x2000ec1e</run_address>
         <size>0x2</size>
         <input_file_ref idref="fl-1a"/>
      </object_component>
      <object_component id="oc-3a3">
         <name>.text:HwiP_inISR</name>
         <load_address>0x2000ec20</load_address>
         <run_address>0x2000ec20</run_address>
         <size>0x14</size>
         <input_file_ref idref="fl-18"/>
      </object_component>
      <object_component id="oc-af">
         <name>.text:IntVTableBaseSet</name>
         <load_address>0x2000ec34</load_address>
         <run_address>0x2000ec34</run_address>
         <size>0x14</size>
         <input_file_ref idref="fl-1e"/>
      </object_component>
      <object_component id="oc-3a9">
         <name>.text:Power_disablePolicy</name>
         <load_address>0x2000ec48</load_address>
         <run_address>0x2000ec48</run_address>
         <size>0x14</size>
         <input_file_ref idref="fl-10"/>
      </object_component>
      <object_component id="oc-680">
         <name>.text:Power_getDependencyCount</name>
         <load_address>0x2000ec5c</load_address>
         <run_address>0x2000ec5c</run_address>
         <size>0x14</size>
         <input_file_ref idref="fl-10"/>
      </object_component>
      <object_component id="oc-2bd">
         <name>.text:HwiP_Params_init</name>
         <load_address>0x2000ec70</load_address>
         <run_address>0x2000ec70</run_address>
         <size>0x12</size>
         <input_file_ref idref="fl-18"/>
      </object_component>
      <object_component id="oc-566">
         <name>.text:TimerIntClear</name>
         <load_address>0x2000ec82</load_address>
         <run_address>0x2000ec82</run_address>
         <size>0x12</size>
         <input_file_ref idref="fl-21"/>
      </object_component>
      <object_component id="oc-11a">
         <name>.text:main</name>
         <load_address>0x2000ec94</load_address>
         <run_address>0x2000ec94</run_address>
         <size>0x12</size>
         <input_file_ref idref="fl-4"/>
      </object_component>
      <object_component id="oc-153">
         <name>.text:Board_init</name>
         <load_address>0x2000eca6</load_address>
         <run_address>0x2000eca6</run_address>
         <size>0x10</size>
         <input_file_ref idref="fl-3"/>
      </object_component>
      <object_component id="oc-374">
         <name>.text:ClockP_add</name>
         <load_address>0x2000ecb6</load_address>
         <run_address>0x2000ecb6</run_address>
         <size>0x10</size>
         <input_file_ref idref="fl-17"/>
      </object_component>
      <object_component id="oc-67">
         <name>.text:faultISR</name>
         <load_address>0x2000ecc6</load_address>
         <run_address>0x2000ecc6</run_address>
         <size>0x2</size>
         <input_file_ref idref="fl-1a"/>
      </object_component>
      <object_component id="oc-403">
         <name>.text:ClockP_getCpuFreq</name>
         <load_address>0x2000ecc8</load_address>
         <run_address>0x2000ecc8</run_address>
         <size>0x10</size>
         <input_file_ref idref="fl-17"/>
      </object_component>
      <object_component id="oc-483">
         <name>.text:ClockP_getSystemTicks</name>
         <load_address>0x2000ecd8</load_address>
         <run_address>0x2000ecd8</run_address>
         <size>0x10</size>
         <input_file_ref idref="fl-17"/>
      </object_component>
      <object_component id="oc-49f">
         <name>.text:ClockP_setTicks</name>
         <load_address>0x2000ece8</load_address>
         <run_address>0x2000ece8</run_address>
         <size>0x10</size>
         <input_file_ref idref="fl-17"/>
      </object_component>
      <object_component id="oc-52e">
         <name>.text:HwiP_delete</name>
         <load_address>0x2000ecf8</load_address>
         <run_address>0x2000ecf8</run_address>
         <size>0x10</size>
         <input_file_ref idref="fl-18"/>
      </object_component>
      <object_component id="oc-27f">
         <name>.text:HwiP_restore</name>
         <load_address>0x2000ed08</load_address>
         <run_address>0x2000ed08</run_address>
         <size>0x10</size>
         <input_file_ref idref="fl-18"/>
      </object_component>
      <object_component id="oc-380">
         <name>.text:Power_enablePolicy</name>
         <load_address>0x2000ed18</load_address>
         <run_address>0x2000ed18</run_address>
         <size>0x10</size>
         <input_file_ref idref="fl-10"/>
      </object_component>
      <object_component id="oc-35c">
         <name>.text:SemaphoreP_Params_init</name>
         <load_address>0x2000ed28</load_address>
         <run_address>0x2000ed28</run_address>
         <size>0x10</size>
         <input_file_ref idref="fl-16"/>
      </object_component>
      <object_component id="oc-2f1">
         <name>.text:Timer_Params_init</name>
         <load_address>0x2000ed38</load_address>
         <run_address>0x2000ed38</run_address>
         <size>0x10</size>
         <input_file_ref idref="fl-e"/>
      </object_component>
      <object_component id="oc-528">
         <name>.text:HwiP_clearInterrupt</name>
         <load_address>0x2000ed48</load_address>
         <run_address>0x2000ed48</run_address>
         <size>0xe</size>
         <input_file_ref idref="fl-18"/>
      </object_component>
      <object_component id="oc-279">
         <name>.text:HwiP_disable</name>
         <load_address>0x2000ed56</load_address>
         <run_address>0x2000ed56</run_address>
         <size>0xe</size>
         <input_file_ref idref="fl-18"/>
      </object_component>
      <object_component id="oc-159">
         <name>.text:HwiP_enable</name>
         <load_address>0x2000ed64</load_address>
         <run_address>0x2000ed64</run_address>
         <size>0xe</size>
         <input_file_ref idref="fl-18"/>
      </object_component>
      <object_component id="oc-1a">
         <name>.text:decompress:none:__TI_decompress_none</name>
         <load_address>0x2000ed72</load_address>
         <run_address>0x2000ed72</run_address>
         <size>0xe</size>
         <input_file_ref idref="fl-dd"/>
      </object_component>
      <object_component id="oc-471">
         <name>.text:Power_getConstraintMask</name>
         <load_address>0x2000ed80</load_address>
         <run_address>0x2000ed80</run_address>
         <size>0xc</size>
         <input_file_ref idref="fl-10"/>
      </object_component>
      <object_component id="oc-424">
         <name>.text:postNotifyFxn</name>
         <load_address>0x2000ed8c</load_address>
         <run_address>0x2000ed8c</run_address>
         <size>0xc</size>
         <input_file_ref idref="fl-12"/>
      </object_component>
      <object_component id="oc-386">
         <name>.text:ClockP_isActive</name>
         <load_address>0x2000ed98</load_address>
         <run_address>0x2000ed98</run_address>
         <size>0xa</size>
         <input_file_ref idref="fl-17"/>
      </object_component>
      <object_component id="oc-53">
         <name>.text:IntMasterDisable</name>
         <load_address>0x2000eda2</load_address>
         <run_address>0x2000eda2</run_address>
         <size>0xa</size>
         <input_file_ref idref="fl-1e"/>
      </object_component>
      <object_component id="oc-3c8">
         <name>.text:malloc</name>
         <load_address>0x2000edac</load_address>
         <run_address>0x2000edac</run_address>
         <size>0x8</size>
         <input_file_ref idref="fl-df"/>
      </object_component>
      <object_component id="oc-239">
         <name>.text:UtilsDelay</name>
         <load_address>0x2000edb4</load_address>
         <run_address>0x2000edb4</run_address>
         <size>0x6</size>
         <input_file_ref idref="fl-22"/>
      </object_component>
      <object_component id="oc-5e6">
         <name>.text:HwiP_post</name>
         <load_address>0x2000edba</load_address>
         <run_address>0x2000edba</run_address>
         <size>0x4</size>
         <input_file_ref idref="fl-18"/>
      </object_component>
      <object_component id="oc-285">
         <name>.text:SemaphoreP_delete</name>
         <load_address>0x2000edbe</load_address>
         <run_address>0x2000edbe</run_address>
         <size>0x4</size>
         <input_file_ref idref="fl-16"/>
      </object_component>
      <object_component id="oc-114">
         <name>.text:_system_pre_init</name>
         <load_address>0x2000edc2</load_address>
         <run_address>0x2000edc2</run_address>
         <size>0x4</size>
         <input_file_ref idref="fl-e4"/>
      </object_component>
      <object_component id="oc-166">
         <name>.text:abort:abort</name>
         <load_address>0x2000edc6</load_address>
         <run_address>0x2000edc6</run_address>
         <size>0x4</size>
         <input_file_ref idref="fl-e6"/>
      </object_component>
      <object_component id="oc-61">
         <name>.text:nmiISR</name>
         <load_address>0x2000edca</load_address>
         <run_address>0x2000edca</run_address>
         <size>0x2</size>
         <input_file_ref idref="fl-1a"/>
      </object_component>
      <object_component id="oc-5a8">
         <name>.text</name>
         <load_address>0x2000edcc</load_address>
         <run_address>0x2000edcc</run_address>
         <size>0x2</size>
         <input_file_ref idref="fl-e1"/>
      </object_component>
      <object_component id="oc-33a">
         <name>.const:g_ulPinToPadMap</name>
         <load_address>0x2000f394</load_address>
         <run_address>0x2000f394</run_address>
         <size>0x100</size>
         <input_file_ref idref="fl-1f"/>
      </object_component>
      <object_component id="oc-333">
         <name>.const:PRCM_PeriphRegsList</name>
         <load_address>0x2000f494</load_address>
         <run_address>0x2000f494</run_address>
         <size>0xa8</size>
         <input_file_ref idref="fl-20"/>
      </object_component>
      <object_component id="oc-26e">
         <name>.const:PowerCC32XX_config</name>
         <load_address>0x2000f53c</load_address>
         <run_address>0x2000f53c</run_address>
         <size>0x44</size>
         <input_file_ref idref="fl-3"/>
      </object_component>
      <object_component id="oc-2c9">
         <name>.const:.string:pinTable</name>
         <load_address>0x2000f580</load_address>
         <run_address>0x2000f580</run_address>
         <size>0x21</size>
         <input_file_ref idref="fl-f"/>
      </object_component>
      <object_component id="oc-10e">
         <name>.const:g_pulEnRegs</name>
         <load_address>0x2000f5a4</load_address>
         <run_address>0x2000f5a4</run_address>
         <size>0x18</size>
         <input_file_ref idref="fl-1e"/>
      </object_component>
      <object_component id="oc-6c4">
         <name>.const:g_pulPendRegs</name>
         <load_address>0x2000f5bc</load_address>
         <run_address>0x2000f5bc</run_address>
         <size>0x18</size>
         <input_file_ref idref="fl-1e"/>
      </object_component>
      <object_component id="oc-2a1">
         <name>.const:GPIOCC32XX_config</name>
         <load_address>0x2000f5d4</load_address>
         <run_address>0x2000f5d4</run_address>
         <size>0x14</size>
         <input_file_ref idref="fl-3"/>
      </object_component>
      <object_component id="oc-2e4">
         <name>.const:gpioBaseAddresses</name>
         <load_address>0x2000f5e8</load_address>
         <run_address>0x2000f5e8</run_address>
         <size>0x14</size>
         <input_file_ref idref="fl-f"/>
      </object_component>
      <object_component id="oc-2cc">
         <name>.const:powerResources</name>
         <load_address>0x2000f5fc</load_address>
         <run_address>0x2000f5fc</run_address>
         <size>0x14</size>
         <input_file_ref idref="fl-f"/>
      </object_component>
      <object_component id="oc-560">
         <name>.const:timerCC32XXHWAttrs</name>
         <load_address>0x2000f610</load_address>
         <run_address>0x2000f610</run_address>
         <size>0x10</size>
         <input_file_ref idref="fl-3"/>
      </object_component>
      <object_component id="oc-3f3">
         <name>.const:defaultParams</name>
         <load_address>0x2000f620</load_address>
         <run_address>0x2000f620</run_address>
         <size>0xc</size>
         <input_file_ref idref="fl-e"/>
      </object_component>
      <object_component id="oc-41e">
         <name>.const:defaultParams</name>
         <load_address>0x2000f62c</load_address>
         <run_address>0x2000f62c</run_address>
         <size>0xc</size>
         <input_file_ref idref="fl-12"/>
      </object_component>
      <object_component id="oc-421">
         <name>.const:Timer_config</name>
         <load_address>0x2000f638</load_address>
         <run_address>0x2000f638</run_address>
         <size>0x8</size>
         <input_file_ref idref="fl-3"/>
      </object_component>
      <object_component id="oc-2d2">
         <name>.const:outPinTypes</name>
         <load_address>0x2000f640</load_address>
         <run_address>0x2000f640</run_address>
         <size>0x8</size>
         <input_file_ref idref="fl-f"/>
      </object_component>
      <object_component id="oc-2e1">
         <name>.const:.string:interruptType</name>
         <load_address>0x2000f648</load_address>
         <run_address>0x2000f648</run_address>
         <size>0x6</size>
         <input_file_ref idref="fl-f"/>
      </object_component>
      <object_component id="oc-2d5">
         <name>.const:inPinTypes</name>
         <load_address>0x2000f64e</load_address>
         <run_address>0x2000f64e</run_address>
         <size>0x6</size>
         <input_file_ref idref="fl-f"/>
      </object_component>
      <object_component id="oc-2cf">
         <name>.const:outPinStrengths</name>
         <load_address>0x2000f654</load_address>
         <run_address>0x2000f654</run_address>
         <size>0x6</size>
         <input_file_ref idref="fl-f"/>
      </object_component>
      <object_component id="oc-41b">
         <name>.const</name>
         <load_address>0x2000f65a</load_address>
         <run_address>0x2000f65a</run_address>
         <size>0x6</size>
         <input_file_ref idref="fl-3"/>
      </object_component>
      <object_component id="oc-2d8">
         <name>.const:.string:portInterruptIds</name>
         <load_address>0x2000f660</load_address>
         <run_address>0x2000f660</run_address>
         <size>0x4</size>
         <input_file_ref idref="fl-f"/>
      </object_component>
      <object_component id="oc-6fa">
         <name>.cinit..data.load</name>
         <load_address>0x2000f880</load_address>
         <run_address>0x2000f880</run_address>
         <size>0xcb</size>
      </object_component>
      <object_component id="oc-6f8">
         <name>__TI_handler_table</name>
         <load_address>0x2000f94c</load_address>
         <run_address>0x2000f94c</run_address>
         <size>0xc</size>
      </object_component>
      <object_component id="oc-6fb">
         <name>.cinit..bss.load</name>
         <load_address>0x2000f958</load_address>
         <run_address>0x2000f958</run_address>
         <size>0x8</size>
      </object_component>
      <object_component id="oc-6f9">
         <name>__TI_cinit_table</name>
         <load_address>0x2000f960</load_address>
         <run_address>0x2000f960</run_address>
         <size>0x10</size>
      </object_component>
      <object_component id="oc-30a">
         <name>.data</name>
         <load_address>0x2000f391</load_address>
         <run_address>0x2000f391</run_address>
         <size>0x1</size>
         <input_file_ref idref="fl-2"/>
      </object_component>
      <object_component id="oc-3b2">
         <name>.data:gpioPinConfigs</name>
         <load_address>0x2000f350</load_address>
         <run_address>0x2000f350</run_address>
         <size>0x10</size>
         <input_file_ref idref="fl-3"/>
      </object_component>
      <object_component id="oc-3b5">
         <name>.data:gpioCallbackFunctions</name>
         <load_address>0x2000f340</load_address>
         <run_address>0x2000f340</run_address>
         <size>0x10</size>
         <input_file_ref idref="fl-3"/>
      </object_component>
      <object_component id="oc-355">
         <name>.data:parkInfo</name>
         <load_address>0x2000f248</load_address>
         <run_address>0x2000f248</run_address>
         <size>0xf8</size>
         <input_file_ref idref="fl-3"/>
      </object_component>
      <object_component id="oc-29e">
         <name>.data</name>
         <load_address>0x2000f360</load_address>
         <run_address>0x2000f360</run_address>
         <size>0x9</size>
         <input_file_ref idref="fl-f"/>
      </object_component>
      <object_component id="oc-26b">
         <name>.data:PowerCC32XX_module</name>
         <load_address>0x2000f0dc</load_address>
         <run_address>0x2000f0dc</run_address>
         <size>0x16c</size>
         <input_file_ref idref="fl-10"/>
      </object_component>
      <object_component id="oc-398">
         <name>.data</name>
         <load_address>0x2000f369</load_address>
         <run_address>0x2000f369</run_address>
         <size>0x3</size>
         <input_file_ref idref="fl-16"/>
      </object_component>
      <object_component id="oc-4b8">
         <name>.data:SemaphoreP_defaultParams</name>
         <load_address>0x2000f37c</load_address>
         <run_address>0x2000f37c</run_address>
         <size>0x8</size>
         <input_file_ref idref="fl-16"/>
      </object_component>
      <object_component id="oc-4ab">
         <name>.data</name>
         <load_address>0x2000f38c</load_address>
         <run_address>0x2000f38c</run_address>
         <size>0x5</size>
         <input_file_ref idref="fl-17"/>
      </object_component>
      <object_component id="oc-501">
         <name>.data:HwiP_dispatchTable</name>
         <load_address>0x2000edd0</load_address>
         <run_address>0x2000edd0</run_address>
         <size>0x30c</size>
         <input_file_ref idref="fl-18"/>
      </object_component>
      <object_component id="oc-50a">
         <name>.data</name>
         <load_address>0x2000f384</load_address>
         <run_address>0x2000f384</run_address>
         <size>0x8</size>
         <input_file_ref idref="fl-18"/>
      </object_component>
      <object_component id="oc-5f9">
         <name>.data:$O1$$</name>
         <load_address>0x2000f374</load_address>
         <run_address>0x2000f374</run_address>
         <size>0x8</size>
         <input_file_ref idref="fl-df"/>
      </object_component>
      <object_component id="oc-20b">
         <name>.data:$O1$$</name>
         <load_address>0x2000f36c</load_address>
         <run_address>0x2000f36c</run_address>
         <size>0x8</size>
         <input_file_ref idref="fl-e7"/>
      </object_component>
      <object_component id="oc-2ad">
         <name>.bss:gpioCallbackInfo</name>
         <uninitialized>true</uninitialized>
         <run_address>0x2000f818</run_address>
         <size>0x20</size>
         <input_file_ref idref="fl-f"/>
      </object_component>
      <object_component id="oc-2a4">
         <name>.bss:powerNotifyObj</name>
         <uninitialized>true</uninitialized>
         <run_address>0x2000f838</run_address>
         <size>0x14</size>
         <input_file_ref idref="fl-f"/>
      </object_component>
      <object_component id="oc-29d">
         <name>.bss</name>
         <uninitialized>true</uninitialized>
         <run_address>0x2000f84c</run_address>
         <size>0x4</size>
         <input_file_ref idref="fl-f"/>
      </object_component>
      <object_component id="oc-516">
         <name>.bss:timerState</name>
         <uninitialized>true</uninitialized>
         <run_address>0x2000f874</run_address>
         <size>0x4</size>
         <input_file_ref idref="fl-12"/>
      </object_component>
      <object_component id="oc-65c">
         <name>.bss</name>
         <uninitialized>true</uninitialized>
         <run_address>0x2000f870</run_address>
         <size>0x4</size>
         <input_file_ref idref="fl-17"/>
      </object_component>
      <object_component id="oc-593">
         <name>.bss</name>
         <uninitialized>true</uninitialized>
         <run_address>0x2000f860</run_address>
         <size>0xd</size>
         <input_file_ref idref="fl-1b"/>
      </object_component>
      <object_component id="oc-205">
         <name>.common:State</name>
         <uninitialized>true</uninitialized>
         <run_address>0x2000f86d</run_address>
         <size>0x1</size>
      </object_component>
      <object_component id="oc-58e">
         <name>.common:i</name>
         <uninitialized>true</uninitialized>
         <run_address>0x2000f878</run_address>
         <size>0x4</size>
      </object_component>
      <object_component id="oc-55f">
         <name>.common:timerCC32XXObjects</name>
         <uninitialized>true</uninitialized>
         <run_address>0x2000f794</run_address>
         <size>0x84</size>
      </object_component>
      <object_component id="oc-671">
         <name>.common:PowerCC32XX_contextSave</name>
         <uninitialized>true</uninitialized>
         <run_address>0x2000f668</run_address>
         <size>0x12c</size>
      </object_component>
      <object_component id="oc-e1">
         <name>.common:ClockP_ctrl</name>
         <uninitialized>true</uninitialized>
         <run_address>0x2000f850</run_address>
         <size>0x10</size>
      </object_component>
      <object_component id="oc-2a">
         <name>.sysmem</name>
         <uninitialized>true</uninitialized>
         <run_address>0x20004040</run_address>
         <size>0x10</size>
         <input_file_ref idref="fl-df"/>
      </object_component>
      <object_component id="oc-6fe">
         <name>.sysmem</name>
         <uninitialized>true</uninitialized>
         <run_address>0x20004040</run_address>
         <size>0x0</size>
      </object_component>
      <object_component id="oc-2d">
         <name>.stack</name>
         <uninitialized>true</uninitialized>
         <run_address>0x20003000</run_address>
         <size>0x4</size>
         <input_file_ref idref="fl-e0"/>
      </object_component>
      <object_component id="oc-6fd">
         <name>.stack</name>
         <uninitialized>true</uninitialized>
         <run_address>0x20003000</run_address>
         <size>0x0</size>
      </object_component>
      <object_component id="oc-27">
         <name>.resetVecs:retain</name>
         <load_address>0x20004000</load_address>
         <run_address>0x20004000</run_address>
         <size>0x40</size>
         <input_file_ref idref="fl-1a"/>
      </object_component>
      <object_component id="oc-bb">
         <name>.ramVecs</name>
         <uninitialized>true</uninitialized>
         <run_address>0x20000000</run_address>
         <size>0x30c</size>
         <input_file_ref idref="fl-1a"/>
      </object_component>
      <object_component id="oc-14d">
         <name>.debug_info</name>
         <load_address>0x0</load_address>
         <run_address>0x0</run_address>
         <size>0x3e8</size>
         <input_file_ref idref="fl-2"/>
      </object_component>
      <object_component id="oc-30b">
         <name>.debug_info</name>
         <load_address>0x3e8</load_address>
         <run_address>0x3e8</run_address>
         <size>0xf7</size>
         <input_file_ref idref="fl-2"/>
      </object_component>
      <object_component id="oc-43a">
         <name>.debug_info</name>
         <load_address>0x4df</load_address>
         <run_address>0x4df</run_address>
         <size>0x218</size>
         <input_file_ref idref="fl-2"/>
      </object_component>
      <object_component id="oc-440">
         <name>.debug_info</name>
         <load_address>0x6f7</load_address>
         <run_address>0x6f7</run_address>
         <size>0x245</size>
         <input_file_ref idref="fl-2"/>
      </object_component>
      <object_component id="oc-304">
         <name>.debug_info</name>
         <load_address>0x93c</load_address>
         <run_address>0x93c</run_address>
         <size>0x1ba</size>
         <input_file_ref idref="fl-2"/>
      </object_component>
      <object_component id="oc-1f4">
         <name>.debug_info</name>
         <load_address>0xaf6</load_address>
         <run_address>0xaf6</run_address>
         <size>0x1af</size>
         <input_file_ref idref="fl-2"/>
      </object_component>
      <object_component id="oc-1fa">
         <name>.debug_info</name>
         <load_address>0xca5</load_address>
         <run_address>0xca5</run_address>
         <size>0x168</size>
         <input_file_ref idref="fl-2"/>
      </object_component>
      <object_component id="oc-200">
         <name>.debug_info</name>
         <load_address>0xe0d</load_address>
         <run_address>0xe0d</run_address>
         <size>0x168</size>
         <input_file_ref idref="fl-2"/>
      </object_component>
      <object_component id="oc-160">
         <name>.debug_info</name>
         <load_address>0xf75</load_address>
         <run_address>0xf75</run_address>
         <size>0x22d</size>
         <input_file_ref idref="fl-2"/>
      </object_component>
      <object_component id="oc-1a7">
         <name>.debug_info</name>
         <load_address>0x11a2</load_address>
         <run_address>0x11a2</run_address>
         <size>0x2a7</size>
         <input_file_ref idref="fl-2"/>
      </object_component>
      <object_component id="oc-134">
         <name>.debug_info</name>
         <load_address>0x1449</load_address>
         <run_address>0x1449</run_address>
         <size>0x100</size>
         <input_file_ref idref="fl-2"/>
      </object_component>
      <object_component id="oc-22e">
         <name>.debug_info</name>
         <load_address>0x1549</load_address>
         <run_address>0x1549</run_address>
         <size>0xf8</size>
         <input_file_ref idref="fl-2"/>
      </object_component>
      <object_component id="oc-e7">
         <name>.debug_info</name>
         <load_address>0x1641</load_address>
         <run_address>0x1641</run_address>
         <size>0x26b</size>
         <input_file_ref idref="fl-2"/>
      </object_component>
      <object_component id="oc-1ac">
         <name>.debug_info</name>
         <load_address>0x18ac</load_address>
         <run_address>0x18ac</run_address>
         <size>0xa1</size>
         <input_file_ref idref="fl-2"/>
      </object_component>
      <object_component id="oc-229">
         <name>.debug_info</name>
         <load_address>0x194d</load_address>
         <run_address>0x194d</run_address>
         <size>0xb6</size>
         <input_file_ref idref="fl-2"/>
      </object_component>
      <object_component id="oc-1b6">
         <name>.debug_info</name>
         <load_address>0x1a03</load_address>
         <run_address>0x1a03</run_address>
         <size>0x5a</size>
         <input_file_ref idref="fl-2"/>
      </object_component>
      <object_component id="oc-108">
         <name>.debug_info</name>
         <load_address>0x1a5d</load_address>
         <run_address>0x1a5d</run_address>
         <size>0x8b</size>
         <input_file_ref idref="fl-2"/>
      </object_component>
      <object_component id="oc-1c0">
         <name>.debug_info</name>
         <load_address>0x1ae8</load_address>
         <run_address>0x1ae8</run_address>
         <size>0x3b</size>
         <input_file_ref idref="fl-2"/>
      </object_component>
      <object_component id="oc-148">
         <name>.debug_info</name>
         <load_address>0x1b23</load_address>
         <run_address>0x1b23</run_address>
         <size>0x2a4</size>
         <input_file_ref idref="fl-2"/>
      </object_component>
      <object_component id="oc-1b1">
         <name>.debug_info</name>
         <load_address>0x1dc7</load_address>
         <run_address>0x1dc7</run_address>
         <size>0xef</size>
         <input_file_ref idref="fl-2"/>
      </object_component>
      <object_component id="oc-12f">
         <name>.debug_info</name>
         <load_address>0x1eb6</load_address>
         <run_address>0x1eb6</run_address>
         <size>0xbb</size>
         <input_file_ref idref="fl-2"/>
      </object_component>
      <object_component id="oc-69f">
         <name>.debug_info</name>
         <load_address>0x1f71</load_address>
         <run_address>0x1f71</run_address>
         <size>0x53</size>
         <input_file_ref idref="fl-2"/>
      </object_component>
      <object_component id="oc-1bb">
         <name>.debug_info</name>
         <load_address>0x1fc4</load_address>
         <run_address>0x1fc4</run_address>
         <size>0x53</size>
         <input_file_ref idref="fl-2"/>
      </object_component>
      <object_component id="oc-35a">
         <name>.debug_info</name>
         <load_address>0x2017</load_address>
         <run_address>0x2017</run_address>
         <size>0x3d6</size>
         <input_file_ref idref="fl-3"/>
      </object_component>
      <object_component id="oc-3b3">
         <name>.debug_info</name>
         <load_address>0x23ed</load_address>
         <run_address>0x23ed</run_address>
         <size>0x10d</size>
         <input_file_ref idref="fl-3"/>
      </object_component>
      <object_component id="oc-3b6">
         <name>.debug_info</name>
         <load_address>0x24fa</load_address>
         <run_address>0x24fa</run_address>
         <size>0x11b</size>
         <input_file_ref idref="fl-3"/>
      </object_component>
      <object_component id="oc-41c">
         <name>.debug_info</name>
         <load_address>0x2615</load_address>
         <run_address>0x2615</run_address>
         <size>0x248</size>
         <input_file_ref idref="fl-3"/>
      </object_component>
      <object_component id="oc-2a2">
         <name>.debug_info</name>
         <load_address>0x285d</load_address>
         <run_address>0x285d</run_address>
         <size>0x113</size>
         <input_file_ref idref="fl-3"/>
      </object_component>
      <object_component id="oc-26f">
         <name>.debug_info</name>
         <load_address>0x2970</load_address>
         <run_address>0x2970</run_address>
         <size>0x115</size>
         <input_file_ref idref="fl-3"/>
      </object_component>
      <object_component id="oc-561">
         <name>.debug_info</name>
         <load_address>0x2a85</load_address>
         <run_address>0x2a85</run_address>
         <size>0x115</size>
         <input_file_ref idref="fl-3"/>
      </object_component>
      <object_component id="oc-422">
         <name>.debug_info</name>
         <load_address>0x2b9a</load_address>
         <run_address>0x2b9a</run_address>
         <size>0x109</size>
         <input_file_ref idref="fl-3"/>
      </object_component>
      <object_component id="oc-356">
         <name>.debug_info</name>
         <load_address>0x2ca3</load_address>
         <run_address>0x2ca3</run_address>
         <size>0x101</size>
         <input_file_ref idref="fl-3"/>
      </object_component>
      <object_component id="oc-1d4">
         <name>.debug_info</name>
         <load_address>0x2da4</load_address>
         <run_address>0x2da4</run_address>
         <size>0x159</size>
         <input_file_ref idref="fl-3"/>
      </object_component>
      <object_component id="oc-154">
         <name>.debug_info</name>
         <load_address>0x2efd</load_address>
         <run_address>0x2efd</run_address>
         <size>0x18f</size>
         <input_file_ref idref="fl-3"/>
      </object_component>
      <object_component id="oc-4b3">
         <name>.debug_info</name>
         <load_address>0x308c</load_address>
         <run_address>0x308c</run_address>
         <size>0x198</size>
         <input_file_ref idref="fl-3"/>
      </object_component>
      <object_component id="oc-344">
         <name>.debug_info</name>
         <load_address>0x3224</load_address>
         <run_address>0x3224</run_address>
         <size>0x878</size>
         <input_file_ref idref="fl-3"/>
      </object_component>
      <object_component id="oc-3ed">
         <name>.debug_info</name>
         <load_address>0x3a9c</load_address>
         <run_address>0x3a9c</run_address>
         <size>0x9a</size>
         <input_file_ref idref="fl-3"/>
      </object_component>
      <object_component id="oc-45b">
         <name>.debug_info</name>
         <load_address>0x3b36</load_address>
         <run_address>0x3b36</run_address>
         <size>0x62</size>
         <input_file_ref idref="fl-3"/>
      </object_component>
      <object_component id="oc-aa">
         <name>.debug_info</name>
         <load_address>0x3b98</load_address>
         <run_address>0x3b98</run_address>
         <size>0x2c</size>
         <input_file_ref idref="fl-3"/>
      </object_component>
      <object_component id="oc-11e">
         <name>.debug_info</name>
         <load_address>0x3bc4</load_address>
         <run_address>0x3bc4</run_address>
         <size>0x15a</size>
         <input_file_ref idref="fl-4"/>
      </object_component>
      <object_component id="oc-36">
         <name>.debug_info</name>
         <load_address>0x3d1e</load_address>
         <run_address>0x3d1e</run_address>
         <size>0x84</size>
         <input_file_ref idref="fl-4"/>
      </object_component>
      <object_component id="oc-1a4">
         <name>.debug_info</name>
         <load_address>0x3da2</load_address>
         <run_address>0x3da2</run_address>
         <size>0x402</size>
         <input_file_ref idref="fl-e"/>
      </object_component>
      <object_component id="oc-3f4">
         <name>.debug_info</name>
         <load_address>0x41a4</load_address>
         <run_address>0x41a4</run_address>
         <size>0xde</size>
         <input_file_ref idref="fl-e"/>
      </object_component>
      <object_component id="oc-51f">
         <name>.debug_info</name>
         <load_address>0x4282</load_address>
         <run_address>0x4282</run_address>
         <size>0x1ba</size>
         <input_file_ref idref="fl-e"/>
      </object_component>
      <object_component id="oc-301">
         <name>.debug_info</name>
         <load_address>0x443c</load_address>
         <run_address>0x443c</run_address>
         <size>0x1c7</size>
         <input_file_ref idref="fl-e"/>
      </object_component>
      <object_component id="oc-2ee">
         <name>.debug_info</name>
         <load_address>0x4603</load_address>
         <run_address>0x4603</run_address>
         <size>0xff</size>
         <input_file_ref idref="fl-e"/>
      </object_component>
      <object_component id="oc-2f5">
         <name>.debug_info</name>
         <load_address>0x4702</load_address>
         <run_address>0x4702</run_address>
         <size>0x122</size>
         <input_file_ref idref="fl-e"/>
      </object_component>
      <object_component id="oc-13e">
         <name>.debug_info</name>
         <load_address>0x4824</load_address>
         <run_address>0x4824</run_address>
         <size>0x137</size>
         <input_file_ref idref="fl-e"/>
      </object_component>
      <object_component id="oc-139">
         <name>.debug_info</name>
         <load_address>0x495b</load_address>
         <run_address>0x495b</run_address>
         <size>0x110</size>
         <input_file_ref idref="fl-e"/>
      </object_component>
      <object_component id="oc-2e8">
         <name>.debug_info</name>
         <load_address>0x4a6b</load_address>
         <run_address>0x4a6b</run_address>
         <size>0x5e5</size>
         <input_file_ref idref="fl-f"/>
      </object_component>
      <object_component id="oc-2e2">
         <name>.debug_info</name>
         <load_address>0x5050</load_address>
         <run_address>0x5050</run_address>
         <size>0xe8</size>
         <input_file_ref idref="fl-f"/>
      </object_component>
      <object_component id="oc-2d9">
         <name>.debug_info</name>
         <load_address>0x5138</load_address>
         <run_address>0x5138</run_address>
         <size>0xee</size>
         <input_file_ref idref="fl-f"/>
      </object_component>
      <object_component id="oc-2d6">
         <name>.debug_info</name>
         <load_address>0x5226</load_address>
         <run_address>0x5226</run_address>
         <size>0xe3</size>
         <input_file_ref idref="fl-f"/>
      </object_component>
      <object_component id="oc-2d3">
         <name>.debug_info</name>
         <load_address>0x5309</load_address>
[...]
      </symbol>
      <symbol id="sm-410">
         <name>Power_setConstraint</name>
         <value>0x2000e465</value>
         <object_component_ref idref="oc-575"/>
      </symbol>
      <symbol id="sm-411">
         <name>PowerCC32XX_parkPin</name>
         <value>0x2000df45</value>
         <object_component_ref idref="oc-66a"/>
      </symbol>
      <symbol id="sm-412">
         <name>PowerCC32XX_module</name>
         <value>0x2000f0dc</value>
         <object_component_ref idref="oc-26b"/>
      </symbol>
      <symbol id="sm-413">
         <name>Power_getTransitionLatency</name>
         <value>0x2000eb51</value>
         <object_component_ref idref="oc-47d"/>
      </symbol>
      <symbol id="sm-414">
         <name>Power_setDependency</name>
         <value>0x2000d7fd</value>
         <object_component_ref idref="oc-2b7"/>
      </symbol>
      <symbol id="sm-425">
         <name>PowerCC32XX_enterLPDS</name>
         <value>0x2000e215</value>
         <object_component_ref idref="oc-5c0"/>
      </symbol>
      <symbol id="sm-426">
         <name>PowerCC32XX_resumeLPDS</name>
         <value>0x2000dd15</value>
         <object_component_ref idref="oc-673"/>
      </symbol>
      <symbol id="sm-4c7">
         <name>Timer_open</name>
         <value>0x2000ca6d</value>
         <object_component_ref idref="oc-2f7"/>
      </symbol>
      <symbol id="sm-4c8">
         <name>TimerCC32XX_freeTimerResource</name>
         <value>0x2000e6c5</value>
         <object_component_ref idref="oc-53a"/>
      </symbol>
      <symbol id="sm-4c9">
         <name>TimerSupport_timerDisable</name>
         <value>0x2000e981</value>
         <object_component_ref idref="oc-614"/>
      </symbol>
      <symbol id="sm-4ca">
         <name>Timer_close</name>
         <value>0x2000e3e9</value>
         <object_component_ref idref="oc-409"/>
      </symbol>
      <symbol id="sm-4cb">
         <name>TimerSupport_timerEnable</name>
         <value>0x2000e3a9</value>
         <object_component_ref idref="oc-432"/>
      </symbol>
      <symbol id="sm-4cc">
         <name>TimerCC32XX_allocateTimerResource</name>
         <value>0x2000de59</value>
         <object_component_ref idref="oc-3f7"/>
      </symbol>
      <symbol id="sm-4e4">
         <name>List_remove</name>
         <value>0x2000e937</value>
         <object_component_ref idref="oc-61b"/>
      </symbol>
      <symbol id="sm-4e5">
         <name>List_put</name>
         <value>0x2000e911</value>
         <object_component_ref idref="oc-39c"/>
      </symbol>
      <symbol id="sm-571">
         <name>SemaphoreP_defaultParams</name>
         <value>0x2000f37c</value>
         <object_component_ref idref="oc-4b8"/>
      </symbol>
      <symbol id="sm-572">
         <name>SemaphoreP_construct</name>
         <value>0x2000de09</value>
         <object_component_ref idref="oc-4bc"/>
      </symbol>
      <symbol id="sm-573">
         <name>SemaphoreP_create</name>
         <value>0x2000ebf5</value>
         <object_component_ref idref="oc-362"/>
      </symbol>
      <symbol id="sm-574">
         <name>SemaphoreP_destruct</name>
         <value>0x2000e4db</value>
         <object_component_ref idref="oc-534"/>
      </symbol>
      <symbol id="sm-575">
         <name>SemaphoreP_post</name>
         <value>0x2000e259</value>
         <object_component_ref idref="oc-297"/>
      </symbol>
      <symbol id="sm-576">
         <name>SemaphoreP_pend</name>
         <value>0x2000d25d</value>
         <object_component_ref idref="oc-28b"/>
      </symbol>
      <symbol id="sm-577">
         <name>SemaphoreP_delete</name>
         <value>0x2000edbf</value>
         <object_component_ref idref="oc-285"/>
      </symbol>
      <symbol id="sm-578">
         <name>SemaphoreP_createBinary</name>
         <value>0x2000eb19</value>
         <object_component_ref idref="oc-273"/>
      </symbol>
      <symbol id="sm-579">
         <name>SemaphoreP_constructBinary</name>
         <value>0x2000ea4d</value>
         <object_component_ref idref="oc-3fd"/>
      </symbol>
      <symbol id="sm-57a">
         <name>SemaphoreP_Params_init</name>
         <value>0x2000ed29</value>
         <object_component_ref idref="oc-35c"/>
      </symbol>
      <symbol id="sm-57b">
         <name>clkFxn</name>
         <value>0x2000eb4f</value>
         <object_component_ref idref="oc-392"/>
      </symbol>
      <symbol id="sm-65b">
         <name>ClockP_ctrl</name>
         <value>0x2000f850</value>
      </symbol>
      <symbol id="sm-65c">
         <name>ClockP_doTick</name>
         <value>0x2000ddb9</value>
         <object_component_ref idref="oc-79"/>
      </symbol>
      <symbol id="sm-65d">
         <name>ClockP_startup</name>
         <value>0x2000e65d</value>
         <object_component_ref idref="oc-59f"/>
      </symbol>
      <symbol id="sm-65e">
         <name>ClockP_stop</name>
         <value>0x2000e18d</value>
         <object_component_ref idref="oc-4e4"/>
      </symbol>
      <symbol id="sm-65f">
         <name>ClockP_getTicksUntilInterrupt</name>
         <value>0x2000e629</value>
         <object_component_ref idref="oc-477"/>
      </symbol>
      <symbol id="sm-660">
         <name>ClockP_setTicks</name>
         <value>0x2000ece9</value>
         <object_component_ref idref="oc-49f"/>
      </symbol>
      <symbol id="sm-661">
         <name>ClockP_tickPeriod</name>
         <value>0x2000f38c</value>
         <object_component_ref idref="oc-4ab"/>
      </symbol>
      <symbol id="sm-662">
         <name>ClockP_usleep</name>
         <value>0x2000dfdd</value>
         <object_component_ref idref="oc-588"/>
      </symbol>
      <symbol id="sm-663">
         <name>ClockP_getSystemTicks</name>
         <value>0x2000ecd9</value>
         <object_component_ref idref="oc-483"/>
      </symbol>
      <symbol id="sm-664">
         <name>ClockP_destruct</name>
         <value>0x2000e429</value>
         <object_component_ref idref="oc-38c"/>
      </symbol>
      <symbol id="sm-665">
         <name>ClockP_start</name>
         <value>0x2000e761</value>
         <object_component_ref idref="oc-37a"/>
      </symbol>
      <symbol id="sm-666">
         <name>ClockP_sysTickHandler</name>
         <value>0x2000ddb9</value>
         <object_component_ref idref="oc-79"/>
      </symbol>
      <symbol id="sm-667">
         <name>ClockP_isActive</name>
         <value>0x2000ed99</value>
         <object_component_ref idref="oc-386"/>
      </symbol>
      <symbol id="sm-668">
         <name>ClockP_getCpuFreq</name>
         <value>0x2000ecc9</value>
         <object_component_ref idref="oc-403"/>
      </symbol>
      <symbol id="sm-669">
         <name>ClockP_add</name>
         <value>0x2000ecb7</value>
         <object_component_ref idref="oc-374"/>
      </symbol>
      <symbol id="sm-6f2">
         <name>HwiP_delete</name>
         <value>0x2000ecf9</value>
         <object_component_ref idref="oc-52e"/>
      </symbol>
      <symbol id="sm-6f3">
         <name>HwiP_construct</name>
         <value>0x2000d559</value>
         <object_component_ref idref="oc-3ce"/>
      </symbol>
      <symbol id="sm-6f4">
         <name>HwiP_inISR</name>
         <value>0x2000ec21</value>
         <object_component_ref idref="oc-3a3"/>
      </symbol>
      <symbol id="sm-6f5">
         <name>HwiP_dispatch</name>
         <value>0x2000e95d</value>
         <object_component_ref idref="oc-504"/>
      </symbol>
      <symbol id="sm-6f6">
         <name>HwiP_destruct</name>
         <value>0x2000e9ed</value>
         <object_component_ref idref="oc-623"/>
      </symbol>
      <symbol id="sm-6f7">
         <name>HwiP_clearInterrupt</name>
         <value>0x2000ed49</value>
         <object_component_ref idref="oc-528"/>
      </symbol>
      <symbol id="sm-6f8">
         <name>HwiP_swiPIntNum</name>
         <value>0x2000f388</value>
         <object_component_ref idref="oc-50a"/>
      </symbol>
      <symbol id="sm-6f9">
         <name>HwiP_Params_init</name>
         <value>0x2000ec71</value>
         <object_component_ref idref="oc-2bd"/>
      </symbol>
      <symbol id="sm-6fa">
         <name>HwiP_disable</name>
         <value>0x2000ed57</value>
         <object_component_ref idref="oc-279"/>
      </symbol>
      <symbol id="sm-6fb">
         <name>HwiP_key</name>
         <value>0x2000f384</value>
         <object_component_ref idref="oc-50a"/>
      </symbol>
      <symbol id="sm-6fc">
         <name>HwiP_create</name>
         <value>0x2000e819</value>
         <object_component_ref idref="oc-2c3"/>
      </symbol>
      <symbol id="sm-6fd">
         <name>HwiP_post</name>
         <value>0x2000edbb</value>
         <object_component_ref idref="oc-5e6"/>
      </symbol>
      <symbol id="sm-6fe">
         <name>HwiP_enable</name>
         <value>0x2000ed65</value>
         <object_component_ref idref="oc-159"/>
      </symbol>
      <symbol id="sm-6ff">
         <name>HwiP_restore</name>
         <value>0x2000ed09</value>
         <object_component_ref idref="oc-27f"/>
      </symbol>
      <symbol id="sm-72f">
         <name>PowerCC32XX_initPolicy</name>
         <value>0x2000e18b</value>
         <object_component_ref idref="oc-349"/>
      </symbol>
      <symbol id="sm-730">
         <name>PowerCC32XX_sleepPolicy</name>
         <value>0x2000c651</value>
         <object_component_ref idref="oc-34f"/>
      </symbol>
      <symbol id="sm-785">
         <name>resetISR</name>
         <value>0x2000eb35</value>
         <object_component_ref idref="oc-21"/>
      </symbol>
      <symbol id="sm-786">
         <name>resetVectorAddr</name>
         <value>0x2000eb48</value>
         <object_component_ref idref="oc-21"/>
      </symbol>
      <symbol id="sm-787">
         <name>initVectors</name>
         <value>0x2000e54d</value>
         <object_component_ref idref="oc-59"/>
      </symbol>
      <symbol id="sm-788">
         <name>resetVectors</name>
         <value>0x20004000</value>
         <object_component_ref idref="oc-27"/>
      </symbol>
      <symbol id="sm-7b8">
         <name>SwiP_disable</name>
         <value>0x2000eac5</value>
         <object_component_ref idref="oc-46b"/>
      </symbol>
      <symbol id="sm-7b9">
         <name>SwiP_restore</name>
         <value>0x2000e29d</value>
         <object_component_ref idref="oc-4a5"/>
      </symbol>
      <symbol id="sm-7c4">
         <name>CPUcpsid</name>
         <value>0x2000ec0b</value>
         <object_component_ref idref="oc-a3"/>
      </symbol>
      <symbol id="sm-809">
         <name>IntVTableBaseSet</name>
         <value>0x2000ec35</value>
         <object_component_ref idref="oc-af"/>
      </symbol>
      <symbol id="sm-80a">
         <name>IntEnable</name>
         <value>0x2000d10d</value>
         <object_component_ref idref="oc-b5"/>
      </symbol>
      <symbol id="sm-80b">
         <name>IntMasterDisable</name>
         <value>0x2000eda3</value>
         <object_component_ref idref="oc-53"/>
      </symbol>
      <symbol id="sm-80c">
         <name>IntPendSet</name>
         <value>0x2000d5e5</value>
         <object_component_ref idref="oc-696"/>
      </symbol>
      <symbol id="sm-846">
         <name>PinModeGet</name>
         <value>0x2000e691</value>
         <object_component_ref idref="oc-258"/>
      </symbol>
      <symbol id="sm-847">
         <name>PinConfigSet</name>
         <value>0x2000d66d</value>
         <object_component_ref idref="oc-2b1"/>
      </symbol>
      <symbol id="sm-848">
         <name>PinModeSet</name>
         <value>0x2000e369</value>
         <object_component_ref idref="oc-25e"/>
      </symbol>
      <symbol id="sm-849">
         <name>PinToPadGet</name>
         <value>0x2000eaa9</value>
         <object_component_ref idref="oc-664"/>
      </symbol>
      <symbol id="sm-912">
         <name>PRCMLPDSRestoreInfoSet</name>
         <value>0x2000e1d1</value>
         <object_component_ref idref="oc-678"/>
      </symbol>
      <symbol id="sm-913">
         <name>PRCMPeripheralReset</name>
         <value>0x2000dc65</value>
         <object_component_ref idref="oc-24c"/>
      </symbol>
      <symbol id="sm-914">
         <name>PRCMLPDSEnter</name>
         <value>0x2000e06d</value>
         <object_component_ref idref="oc-5d7"/>
      </symbol>
      <symbol id="sm-915">
         <name>PRCMPeripheralClkEnable</name>
         <value>0x2000e0b5</value>
         <object_component_ref idref="oc-246"/>
      </symbol>
      <symbol id="sm-916">
         <name>PRCMLPDSEnterKeepDebugIf</name>
         <value>0x2000e4dd</value>
         <object_component_ref idref="oc-5dd"/>
      </symbol>
      <symbol id="sm-917">
         <name>PRCMCC3200MCUInit</name>
         <value>0x2000c041</value>
         <object_component_ref idref="oc-1c7"/>
      </symbol>
      <symbol id="sm-918">
         <name>PRCMHIBRegWrite</name>
         <value>0x2000ebdf</value>
         <object_component_ref idref="oc-23a"/>
      </symbol>
      <symbol id="sm-919">
         <name>PRCMSysResetCauseGet</name>
         <value>0x2000da95</value>
         <object_component_ref idref="oc-233"/>
      </symbol>
      <symbol id="sm-91a">
         <name>PRCMPeripheralClkDisable</name>
         <value>0x2000e899</value>
         <object_component_ref idref="oc-252"/>
      </symbol>
      <symbol id="sm-91b">
         <name>PRCMHIBRegRead</name>
         <value>0x2000ebc9</value>
         <object_component_ref idref="oc-240"/>
      </symbol>
      <symbol id="sm-963">
         <name>TimerLoadSet</name>
         <value>0x2000e843</value>
         <object_component_ref idref="oc-54e"/>
      </symbol>
      <symbol id="sm-964">
         <name>TimerDisable</name>
         <value>0x2000ea6b</value>
         <object_component_ref idref="oc-542"/>
      </symbol>
      <symbol id="sm-965">
         <name>TimerEnable</name>
         <value>0x2000ea89</value>
         <object_component_ref idref="oc-57b"/>
      </symbol>
      <symbol id="sm-966">
         <name>TimerIntDisable</name>
         <value>0x2000eb81</value>
         <object_component_ref idref="oc-6a8"/>
      </symbol>
      <symbol id="sm-967">
         <name>TimerPrescaleSet</name>
         <value>0x2000e86d</value>
         <object_component_ref idref="oc-548"/>
      </symbol>
      <symbol id="sm-968">
         <name>TimerControlStall</name>
         <value>0x2000e5bd</value>
         <object_component_ref idref="oc-554"/>
      </symbol>
      <symbol id="sm-969">
         <name>TimerIntEnable</name>
         <value>0x2000eb99</value>
         <object_component_ref idref="oc-56f"/>
      </symbol>
      <symbol id="sm-96a">
         <name>TimerIntClear</name>
         <value>0x2000ec83</value>
         <object_component_ref idref="oc-566"/>
      </symbol>
      <symbol id="sm-96e">
         <name>UtilsDelay</name>
         <value>0x2000edb5</value>
         <object_component_ref idref="oc-239"/>
      </symbol>
      <symbol id="sm-97e">
         <name>FlashDisable</name>
         <value>0x2000e025</value>
         <object_component_ref idref="oc-68e"/>
      </symbol>
      <symbol id="sm-987">
         <name>__aeabi_lmul</name>
         <value>0x2000ebb1</value>
         <object_component_ref idref="oc-49a"/>
      </symbol>
      <symbol id="sm-9a2">
         <name>memcpy</name>
         <value>0x2000d2fd</value>
         <object_component_ref idref="oc-3b"/>
      </symbol>
      <symbol id="sm-9a3">
         <name>__aeabi_memcpy</name>
         <value>0x2000d2fd</value>
         <object_component_ref idref="oc-3b"/>
      </symbol>
      <symbol id="sm-9a4">
         <name>__aeabi_memcpy8</name>
         <value>0x2000d2fd</value>
         <object_component_ref idref="oc-3b"/>
      </symbol>
      <symbol id="sm-9a5">
         <name>__aeabi_memcpy4</name>
         <value>0x2000d2fd</value>
         <object_component_ref idref="oc-3b"/>
      </symbol>
      <symbol id="sm-9b2">
         <name>__aeabi_uldivmod</name>
         <value>0x2000d431</value>
         <object_component_ref idref="oc-48f"/>
      </symbol>
      <symbol id="sm-9c6">
         <name>__TI_zero_init_nomemset</name>
         <value>0x2000eae1</value>
         <object_component_ref idref="oc-47"/>
      </symbol>
      <symbol id="sm-9dd">
         <name>__TI_decompress_none</name>
         <value>0x2000ed73</value>
         <object_component_ref idref="oc-1a"/>
      </symbol>
      <symbol id="sm-a00">
         <name>__TI_decompress_lzss</name>
         <value>0x2000d965</value>
         <object_component_ref idref="oc-14"/>
      </symbol>
      <symbol id="sm-a89">
         <name>_sys_memory</name>
         <value>0x20004040</value>
         <object_component_ref idref="oc-2a"/>
      </symbol>
      <symbol id="sm-a8a">
         <name>free</name>
         <value>0x2000cea5</value>
         <object_component_ref idref="oc-36d"/>
      </symbol>
      <symbol id="sm-a8b">
         <name>memalign</name>
         <value>0x2000ccbd</value>
         <object_component_ref idref="oc-4fa"/>
      </symbol>
      <symbol id="sm-a8c">
         <name>malloc</name>
         <value>0x2000edad</value>
         <object_component_ref idref="oc-3c8"/>
      </symbol>
      <symbol id="sm-a8d">
         <name>aligned_alloc</name>
         <value>0x2000ccbd</value>
         <object_component_ref idref="oc-4fa"/>
      </symbol>
      <symbol id="sm-a9f">
         <name>__stack</name>
         <value>0x20003000</value>
         <object_component_ref idref="oc-2d"/>
      </symbol>
      <symbol id="sm-aa0">
         <name>_c_int00_noargs</name>
         <value>0x2000e9a5</value>
         <object_component_ref idref="oc-c5"/>
      </symbol>
      <symbol id="sm-aaa">
         <name>__aeabi_idiv0</name>
         <value>0x2000edcd</value>
         <object_component_ref idref="oc-5a8"/>
      </symbol>
      <symbol id="sm-aab">
         <name>__aeabi_ldiv0</name>
         <value>0x2000edcd</value>
         <object_component_ref idref="oc-5a8"/>
      </symbol>
      <symbol id="sm-ad4">
         <name>__TI_auto_init_nobinit_nopinit</name>
         <value>0x2000e325</value>
         <object_component_ref idref="oc-172"/>
      </symbol>
      <symbol id="sm-ade">
         <name>_system_pre_init</name>
         <value>0x2000edc3</value>
         <object_component_ref idref="oc-114"/>
      </symbol>
      <symbol id="sm-aea">
         <name>C$$EXIT</name>
         <value>0x2000edc7</value>
         <object_component_ref idref="oc-166"/>
      </symbol>
      <symbol id="sm-aeb">
         <name>abort</name>
         <value>0x2000edc7</value>
         <object_component_ref idref="oc-166"/>
      </symbol>
      <symbol id="sm-b00">
         <name>_nop</name>
         <value>0x2000eaa7</value>
         <object_component_ref idref="oc-311"/>
      </symbol>
      <symbol id="sm-b01">
         <name>_lock</name>
         <value>0x2000f36c</value>
         <object_component_ref idref="oc-20b"/>
      </symbol>
      <symbol id="sm-b02">
         <name>_unlock</name>
         <value>0x2000f370</value>
         <object_component_ref idref="oc-20b"/>
      </symbol>
      <symbol id="sm-b04">
         <name>__TI_static_base__</name>
         <value>0x2000f880</value>
      </symbol>
      <symbol id="sm-b07">
         <name>ITM_flush</name>
         <value>0x0</value>
      </symbol>
      <symbol id="sm-b08">
         <name>ITM_restore</name>
         <value>0x0</value>
      </symbol>
      <symbol id="sm-b09">
         <name>__mpu_init</name>
         <value>0x0</value>
      </symbol>
      <symbol id="sm-b0a">
         <name>_system_post_cinit</name>
         <value>0x0</value>
      </symbol>
      <symbol id="sm-b0b">
         <name>usleep</name>
         <value>0x2000dfdd</value>
      </symbol>
      <symbol id="sm-b0c">
         <name>NoRTOS_start</name>
         <value>0x2000ed65</value>
      </symbol>
   </symbol_table>
   <title>Link successful</title>
</link_info>
